
> taller-mecanico@0.1.0 test:e2e
> playwright test --config=e2e/playwright.config.ts

[E2E Setup] Provisioning test user sofia@test.com at http://localhost:3000...
[E2E Setup] Cleaning old test data...
[E2E Setup] Setup responded 403: { error: 'E2E setup blocked in production' }
[E2E Setup] Cleanup responded 403: { error: 'Blocked in production' }

Running 232 tests using 2 workers

  ok   2 [chromium] › e2e\tests\edge-cases\data-persistence.spec.ts:17:7 › Data Persistence › client data persists after page reload (15.5s)
  -    3 [chromium] › e2e\tests\edge-cases\data-persistence.spec.ts:45:7 › Data Persistence › data persists after logout/login cycle
  -    4 [chromium] › e2e\tests\edge-cases\data-persistence.spec.ts:103:8 › Data Persistence › multiple browser tabs share same data (Supabase real-time)
  x    1 [chromium] › e2e\tests\edge-cases\concurrent-operations.spec.ts:17:7 › Concurrent Operations › rapid module switching does not crash (19.4s)
  ok   5 [chromium] › e2e\tests\edge-cases\error-recovery.spec.ts:20:7 › Error Recovery › form state after accidental navigation away (9.2s)
  ok   7 [chromium] › e2e\tests\edge-cases\error-recovery.spec.ts:50:7 › Error Recovery › browser refresh during module use — no crash (6.1s)
  x    6 [chromium] › e2e\tests\edge-cases\concurrent-operations.spec.ts:17:7 › Concurrent Operations › rapid module switching does not crash (retry #1) (14.9s)
  -    9 [chromium] › e2e\tests\edge-cases\concurrent-operations.spec.ts:42:8 › Concurrent Operations › double-click on save does not create duplicates
  x    8 [chromium] › e2e\tests\edge-cases\error-recovery.spec.ts:92:7 › Error Recovery › failed API call shows user-friendly error (7.7s)
  x   10 [chromium] › e2e\tests\edge-cases\concurrent-operations.spec.ts:67:7 › Concurrent Operations › navigation during save does not corrupt data (8.3s)
  x   11 [chromium] › e2e\tests\edge-cases\error-recovery.spec.ts:128:7 › Error Recovery › multiple rapid saves do not corrupt state (6.6s)
  x   12 [chromium] › e2e\tests\edge-cases\concurrent-operations.spec.ts:67:7 › Concurrent Operations › navigation during save does not corrupt data (retry #1) (9.7s)
  x   13 [chromium] › e2e\tests\edge-cases\responsive-mobile.spec.ts:20:7 › Responsive & Mobile › navigation works at mobile viewport (375px) (6.2s)
  ok  15 [chromium] › e2e\tests\edge-cases\responsive-mobile.spec.ts:44:7 › Responsive & Mobile › forms usable at tablet viewport (768px) (5.2s)
  ok  14 [chromium] › e2e\tests\edge-cases\sofia-regressions.spec.ts:26:7 › Sofia Regression Tests › REGRESSION: vehicle compatibility can be set on parts (8.8s)
  ok  16 [chromium] › e2e\tests\edge-cases\responsive-mobile.spec.ts:65:7 › Responsive & Mobile › no horizontal overflow at any viewport (5.7s)
  -   18 [chromium] › e2e\tests\edge-cases\responsive-mobile.spec.ts:91:8 › Responsive & Mobile › login page works on mobile
  ok  17 [chromium] › e2e\tests\edge-cases\sofia-regressions.spec.ts:56:7 › Sofia Regression Tests › REGRESSION: jobs can be created without parts (labor only) (7.7s)
  ok  20 [chromium] › e2e\tests\edge-cases\sofia-regressions.spec.ts:84:7 › Sofia Regression Tests › REGRESSION: supplier visible when adding parts (6.3s)
  ok  21 [chromium] › e2e\tests\edge-cases\sofia-regressions.spec.ts:109:7 › Sofia Regression Tests › REGRESSION: failed saves dont lose user input (5.2s)
  ok  22 [chromium] › e2e\tests\edge-cases\sofia-regressions.spec.ts:138:7 › Sofia Regression Tests › REGRESSION: finalizar trabajo shows clear error on missing data (5.4s)
  ok  23 [chromium] › e2e\tests\edge-cases\sofia-regressions.spec.ts:166:7 › Sofia Regression Tests › REGRESSION: CxC records can be edited (5.1s)
  ok  24 [chromium] › e2e\tests\edge-cases\sofia-regressions.spec.ts:192:7 › Sofia Regression Tests › REGRESSION: gastos module loads without crash (5.7s)
  ok  19 [chromium] › e2e\tests\edge-cases\special-characters.spec.ts:21:7 › Special Characters & Long Text › Spanish accents in client name and part descriptions (40.5s)
  x   26 [chromium] › e2e\tests\edge-cases\special-characters.spec.ts:48:7 › Special Characters & Long Text › long description text does not crash UI (7.6s)
  ok  27 [chromium] › e2e\tests\edge-cases\special-characters.spec.ts:79:7 › Special Characters & Long Text › special characters in expense concepto (7.1s)
  x   28 [chromium] › e2e\tests\edge-cases\special-characters.spec.ts:100:7 › Special Characters & Long Text › emoji in descriptions does not break rendering (8.0s)
  ok  25 [chromium] › e2e\tests\edge-cases\sofia-regressions.spec.ts:207:7 › Sofia Regression Tests › REGRESSION: conditional columns render correctly (40.8s)
  ok  30 [chromium] › e2e\tests\scenarios\accounts-receivable.spec.ts:24:7 › Accounts Receivable (CxC) › CxC module loads and displays accounts (5.3s)
  ok  31 [chromium] › e2e\tests\scenarios\accounts-receivable.spec.ts:41:7 › Accounts Receivable (CxC) › register partial payment on account (5.6s)
  ok  32 [chromium] › e2e\tests\scenarios\accounts-receivable.spec.ts:75:7 › Accounts Receivable (CxC) › filter CxC by payment status (4.9s)
  ok  33 [chromium] › e2e\tests\scenarios\accounts-receivable.spec.ts:100:7 › Accounts Receivable (CxC) › CxC records can be edited (5.0s)
  ok  34 [chromium] › e2e\tests\scenarios\bilingual-ui-verification.spec.ts:117:9 › Bilingual UI Verification — All Modules Spanish › Clientes shows Spanish content (5.7s)
  ok  29 [chromium] › e2e\tests\edge-cases\zero-edge-values.spec.ts:22:7 › Zero & Edge Value Handling › inventory part with zero stock displays correctly (38.9s)
  ok  35 [chromium] › e2e\tests\scenarios\bilingual-ui-verification.spec.ts:117:9 › Bilingual UI Verification — All Modules Spanish › Inventario shows Spanish content (8.2s)
  x   36 [chromium] › e2e\tests\edge-cases\zero-edge-values.spec.ts:49:7 › Zero & Edge Value Handling › large monetary amounts format correctly (7.5s)
  ok  37 [chromium] › e2e\tests\scenarios\bilingual-ui-verification.spec.ts:117:9 › Bilingual UI Verification — All Modules Spanish › Trabajos shows Spanish content (6.1s)
  ok  38 [chromium] › e2e\tests\edge-cases\zero-edge-values.spec.ts:77:7 › Zero & Edge Value Handling › trabajo with zero labor cost (6.2s)
  ok  39 [chromium] › e2e\tests\scenarios\bilingual-ui-verification.spec.ts:117:9 › Bilingual UI Verification — All Modules Spanish › Proveedores shows Spanish content (6.1s)
  ok  41 [chromium] › e2e\tests\scenarios\bilingual-ui-verification.spec.ts:117:9 › Bilingual UI Verification — All Modules Spanish › Órdenes shows Spanish content (6.0s)
  ok  42 [chromium] › e2e\tests\scenarios\bilingual-ui-verification.spec.ts:117:9 › Bilingual UI Verification — All Modules Spanish › Facturas shows Spanish content (5.8s)
  ok  43 [chromium] › e2e\tests\scenarios\bilingual-ui-verification.spec.ts:117:9 › Bilingual UI Verification — All Modules Spanish › Cuentas shows Spanish content (5.7s)
  ok  44 [chromium] › e2e\tests\scenarios\bilingual-ui-verification.spec.ts:117:9 › Bilingual UI Verification — All Modules Spanish › Pagos shows Spanish content (5.9s)
  ok  45 [chromium] › e2e\tests\scenarios\bilingual-ui-verification.spec.ts:117:9 › Bilingual UI Verification — All Modules Spanish › Resumen shows Spanish content (5.9s)
  ok  46 [chromium] › e2e\tests\scenarios\bilingual-ui-verification.spec.ts:117:9 › Bilingual UI Verification — All Modules Spanish › Gastos shows Spanish content (5.8s)
  ok  40 [chromium] › e2e\tests\edge-cases\zero-edge-values.spec.ts:110:7 › Zero & Edge Value Handling › decimal precision in monetary displays (39.5s)
  ok  47 [chromium] › e2e\tests\scenarios\bilingual-ui-verification.spec.ts:117:9 › Bilingual UI Verification — All Modules Spanish › Historial shows Spanish content (5.9s)
  ok  48 [chromium] › e2e\tests\scenarios\change-proof-caller-silent-failures.spec.ts:19:7 › change-proof: caller silent failure surfacing › ordenes module loads and crear orden section is rendered (7.4s)
  ok  49 [chromium] › e2e\tests\scenarios\bilingual-ui-verification.spec.ts:117:9 › Bilingual UI Verification — All Modules Spanish › Cotizaciones shows Spanish content (5.8s)
  ok  50 [chromium] › e2e\tests\scenarios\change-proof-caller-silent-failures.spec.ts:46:7 › change-proof: caller silent failure surfacing › facturas module loads without errors after PR #152 fix (6.8s)
  ok  51 [chromium] › e2e\tests\scenarios\bilingual-ui-verification.spec.ts:117:9 › Bilingual UI Verification — All Modules Spanish › Configuración shows Spanish content (5.8s)
  ok  53 [chromium] › e2e\tests\scenarios\bilingual-ui-verification.spec.ts:134:7 › Bilingual UI Verification — All Modules Spanish › navigation tabs render in Spanish — no English labels (5.4s)
  ok  52 [chromium] › e2e\tests\scenarios\change-proof-caller-silent-failures.spec.ts:66:7 › change-proof: caller silent failure surfacing › full walk-through: login to ordenes to facturas no crashes (10.0s)
  ok  54 [chromium] › e2e\tests\scenarios\bilingual-ui-verification.spec.ts:157:7 › Bilingual UI Verification — All Modules Spanish › no module shows English-only error messages on fresh load (9.5s)
  ok  56 [chromium] › e2e\tests\scenarios\change-proof-cotizaciones-departamentos-sync.spec.ts:25:5 › change-proof-cotizaciones-departamentos-sync (10.2s)
  -   57 [chromium] › e2e\tests\scenarios\change-proof-date-timezone-fix.spec.ts:18:6 › change-proof-date-timezone-fix
  ok  55 [chromium] › e2e\tests\scenarios\change-proof-clientes-modal-error-handling.spec.ts:19:5 › change-proof: clientes edit modal closes on success (no stuck spinner) (15.6s)
  ok  59 [chromium] › e2e\tests\scenarios\change-proof-finalizar-trabajo-fix.spec.ts:19:5 › change-proof-finalizar-trabajo-fix (13.1s)
  -   60 [chromium] › e2e\tests\scenarios\change-proof-gastos-categoria-personal.spec.ts:13:6 › change-proof-gastos-categoria-personal — categoria personal con subcategorias personalizables
  x   58 [chromium] › e2e\tests\scenarios\change-proof-factura-pdf-upload.spec.ts:14:5 › change-proof: PDF upload in facturado modal, visible only in Facturas (14.3s)
  ok  61 [chromium] › e2e\tests\scenarios\change-proof-gastos-error-handling.spec.ts:12:7 › change-proof-gastos-error-handling › gastos form shows correct save state and dismiss on cancel (8.7s)
  x   62 [chromium] › e2e\tests\scenarios\change-proof-factura-pdf-upload.spec.ts:14:5 › change-proof: PDF upload in facturado modal, visible only in Facturas (retry #1) (13.9s)
  ok  63 [chromium] › e2e\tests\scenarios\change-proof-gastos-error-handling.spec.ts:46:7 › change-proof-gastos-error-handling › gastos module loads without NaN or broken values (38.9s)
  x   64 [chromium] › e2e\tests\scenarios\change-proof-factura-pdf-upload.spec.ts:136:5 › error-handling: Non-PDF file rejection with rollback (36.0s)
  ok  65 [chromium] › e2e\tests\scenarios\change-proof-guardar-trabajo.spec.ts:22:5 › change-proof-guardar-trabajo (16.7s)
  -   67 [chromium] › e2e\tests\scenarios\change-proof-historial-numero-orden.spec.ts:19:5 › change-proof-historial-numero-orden
  ok  68 [chromium] › e2e\tests\scenarios\change-proof-insert-trabajo-pgrst204.spec.ts:21:5 › change-proof-insert-trabajo-pgrst204 — módulo carga y formulario disponible (13.7s)
  x   66 [chromium] › e2e\tests\scenarios\change-proof-factura-pdf-upload.spec.ts:136:5 › error-handling: Non-PDF file rejection with rollback (retry #1) (36.8s)
  ok  69 [chromium] › e2e\tests\scenarios\change-proof-inventario-eliminar-proveedor.spec.ts:23:5 › change-proof-inventario-eliminar-proveedor (37.1s)
  x   71 [chromium] › e2e\tests\scenarios\change-proof-mano-de-obra-cantidad.spec.ts:22:5 › change-proof-mano-de-obra-cantidad (10.7s)
  x   70 [chromium] › e2e\tests\scenarios\change-proof-factura-pdf-upload.spec.ts:210:5 › error-handling: Corrupted PDF rejection with rollback (36.1s)
  x   72 [chromium] › e2e\tests\scenarios\change-proof-mano-de-obra-cantidad.spec.ts:22:5 › change-proof-mano-de-obra-cantidad (retry #1) (11.7s)
  ok  74 [chromium] › e2e\tests\scenarios\change-proof-migrate-workflow-fix.spec.ts:19:5 › change-proof-migrate-workflow-fix (14.7s)
  ok  75 [chromium] › e2e\tests\scenarios\change-proof-migrate-workflow-flags.spec.ts:21:5 › change-proof-migrate-workflow-flags (11.5s)
  x   73 [chromium] › e2e\tests\scenarios\change-proof-factura-pdf-upload.spec.ts:210:5 › error-handling: Corrupted PDF rejection with rollback (retry #1) (37.4s)
  -   77 [chromium] › e2e\tests\scenarios\change-proof-numero-orden-kilometraje.spec.ts:20:5 › change-proof-numero-orden-kilometraje
  ok  78 [chromium] › e2e\tests\scenarios\change-proof-ordenes-facturas-silent-failures.spec.ts:27:7 › change-proof-ordenes-facturas-silent-failures › ordenes_compra module loads without crash (6.7s)
  ok  76 [chromium] › e2e\tests\scenarios\change-proof-migration-idempotency.spec.ts:19:5 › change-proof-migration-idempotency (11.2s)
  ok  79 [chromium] › e2e\tests\scenarios\change-proof-ordenes-facturas-silent-failures.spec.ts:46:7 › change-proof-ordenes-facturas-silent-failures › ordenes_compra shows Spanish content (7.1s)
  ok  80 [chromium] › e2e\tests\scenarios\change-proof-refacturar-po-protection.spec.ts:21:7 › change-proof: refacturar + PO section protection › trabajos module loads — refacturar handler accessible (5.2s)
  ok  82 [chromium] › e2e\tests\scenarios\change-proof-refacturar-po-protection.spec.ts:44:7 › change-proof: refacturar + PO section protection › facturas module loads — generarFactura path accessible (4.8s)
  ok  81 [chromium] › e2e\tests\scenarios\change-proof-ordenes-facturas-silent-failures.spec.ts:74:7 › change-proof-ordenes-facturas-silent-failures › ordenes_compra monetary values contain no NaN or undefined (6.9s)
  ok  83 [chromium] › e2e\tests\scenarios\change-proof-refacturar-po-protection.spec.ts:65:7 › change-proof: refacturar + PO section protection › ordenes module loads — PO creation path accessible (5.2s)
  ok  84 [chromium] › e2e\tests\scenarios\change-proof-ordenes-facturas-silent-failures.spec.ts:90:7 › change-proof-ordenes-facturas-silent-failures › facturas module loads without crash (6.2s)
  ok  86 [chromium] › e2e\tests\scenarios\change-proof-ordenes-facturas-silent-failures.spec.ts:109:7 › change-proof-ordenes-facturas-silent-failures › facturas monetary values contain no NaN or undefined (7.0s)
  ok  85 [chromium] › e2e\tests\scenarios\change-proof-supabase-ci-migrate-workflow.spec.ts:4:5 › change-proof-supabase-ci-migrate-workflow (14.3s)
  ok  87 [chromium] › e2e\tests\scenarios\change-proof-ordenes-facturas-silent-failures.spec.ts:126:7 › change-proof-ordenes-facturas-silent-failures › facturas filter tabs and section labels render in Spanish (6.5s)
  ok  89 [chromium] › e2e\tests\scenarios\clientes-crud.spec.ts:27:7 › Clientes Full CRUD › clientes module loads without crash (5.9s)
  ok  88 [chromium] › e2e\tests\scenarios\client-vehicle-history.spec.ts:24:7 › Client Vehicle History › create client and manage multiple vehicles (13.8s)
  ok  90 [chromium] › e2e\tests\scenarios\clientes-crud.spec.ts:46:7 › Clientes Full CRUD › create a new client (8.1s)
  ok  92 [chromium] › e2e\tests\scenarios\clientes-crud.spec.ts:119:7 › Clientes Full CRUD › add a vehicle to an existing client (6.0s)
  ok  91 [chromium] › e2e\tests\scenarios\client-vehicle-history.spec.ts:84:7 › Client Vehicle History › vehicle select updates when client changes (8.3s)
  ok  94 [chromium] › e2e\tests\scenarios\configuracion-module.spec.ts:19:7 › Configuración › configuracion module loads without crash (5.6s)
  ok  93 [chromium] › e2e\tests\scenarios\clientes-crud.spec.ts:180:7 › Clientes Full CRUD › search for a client filters the list (7.0s)
  ok  95 [chromium] › e2e\tests\scenarios\configuracion-module.spec.ts:37:7 › Configuración › configuracion shows settings heading in Spanish (5.1s)
  ok  96 [chromium] › e2e\tests\scenarios\clientes-crud.spec.ts:214:7 › Clientes Full CRUD › clientes list shows no NaN/undefined values (37.6s)
  x   98 [chromium] › e2e\tests\scenarios\clientes-crud.spec.ts:239:7 › Clientes Full CRUD › clientes module survives navigation away and back (8.5s)
  ok  99 [chromium] › e2e\tests\scenarios\cotizacion-lifecycle.spec.ts:29:7 › Cotización Lifecycle › complete flow: create → save → edit → convert to trabajo (11.1s)
  ok 100 [chromium] › e2e\tests\scenarios\cotizacion-lifecycle.spec.ts:74:7 › Cotización Lifecycle › create cotización with Ayuntamiento plantilla (7.4s)
  ok 101 [chromium] › e2e\tests\scenarios\cotizacion-lifecycle.spec.ts:97:7 › Cotización Lifecycle › cotización form preserves data on validation error (5.7s)
  ok 102 [chromium] › e2e\tests\scenarios\cuentas-por-pagar.spec.ts:26:7 › Cuentas por Pagar (Por Pagar) › cuentas por pagar module loads without crash (7.2s)
  -  103 [chromium] › e2e\tests\scenarios\cuentas-por-pagar.spec.ts:47:8 › Cuentas por Pagar (Por Pagar) › cuentas por pagar shows Spanish section title
  ok 104 [chromium] › e2e\tests\scenarios\cuentas-por-pagar.spec.ts:71:7 › Cuentas por Pagar (Por Pagar) › cuentas por pagar monetary values are well-formatted (6.4s)
  ok 105 [chromium] › e2e\tests\scenarios\cuentas-por-pagar.spec.ts:100:7 › Cuentas por Pagar (Por Pagar) › cuentas por pagar empty state shows correct Spanish message (5.8s)
  ok 106 [chromium] › e2e\tests\scenarios\cuentas-por-pagar.spec.ts:129:7 › Cuentas por Pagar (Por Pagar) › cuentas por pagar "Total por Pagar" summary renders (6.3s)
  ok 107 [chromium] › e2e\tests\scenarios\cuentas-por-pagar.spec.ts:160:7 › Cuentas por Pagar (Por Pagar) › cuentas por pagar payment registration (6.5s)
  ok 108 [chromium] › e2e\tests\scenarios\cuentas-por-pagar.spec.ts:201:7 › Cuentas por Pagar (Por Pagar) › cuentas por pagar survives rapid navigation away and back (8.8s)
  ok 109 [chromium] › e2e\tests\scenarios\cuentas-por-pagar.spec.ts:227:7 › Cuentas por Pagar (Por Pagar) › cuentas por pagar distinguishes between servicios and refacciones payables (6.4s)
  ok 110 [chromium] › e2e\tests\scenarios\expense-tracking-deep.spec.ts:23:7 › Expense Tracking Deep › add multiple expenses and verify total accumulation (44.8s)
[ENV] DashboardPage.navigateToModule(configuracion): retry click failed — Supabase unresponsive. Test may fail on next assertion.
  x   97 [chromium] › e2e\tests\scenarios\configuracion-module.spec.ts:64:7 › Configuración › configuracion shows members or invite section (3.0m)
  ok 112 [chromium] › e2e\tests\scenarios\configuracion-module.spec.ts:87:7 › Configuración › configuracion does not expose raw debug errors (4.5s)
