
> taller-mecanico@0.1.0 test:e2e
> playwright test --config=e2e/playwright.config.ts

[E2E Setup] Provisioning test user sofia@test.com at http://localhost:3000...
[E2E Setup] Cleaning old test data...
[E2E Setup] Could not reach setup endpoint: TypeError: fetch failed
[E2E Setup] Could not clean test data: TypeError: fetch failed

Running 230 tests using 2 workers

  x    1 [chromium] › e2e\tests\edge-cases\concurrent-operations.spec.ts:17:7 › Concurrent Operations › rapid module switching does not crash (2.8s)
  x    2 [chromium] › e2e\tests\edge-cases\data-persistence.spec.ts:17:7 › Data Persistence › client data persists after page reload (2.8s)
  x    3 [chromium] › e2e\tests\edge-cases\concurrent-operations.spec.ts:17:7 › Concurrent Operations › rapid module switching does not crash (retry #1) (2.9s)
  x    4 [chromium] › e2e\tests\edge-cases\data-persistence.spec.ts:45:7 › Data Persistence › data persists after logout/login cycle (2.9s)
  -    5 [chromium] › e2e\tests\edge-cases\data-persistence.spec.ts:103:8 › Data Persistence › multiple browser tabs share same data (Supabase real-time)
  -    6 [chromium] › e2e\tests\edge-cases\concurrent-operations.spec.ts:42:8 › Concurrent Operations › double-click on save does not create duplicates
  x    7 [chromium] › e2e\tests\edge-cases\concurrent-operations.spec.ts:67:7 › Concurrent Operations › navigation during save does not corrupt data (2.8s)
  x    8 [chromium] › e2e\tests\edge-cases\error-recovery.spec.ts:20:7 › Error Recovery › form state after accidental navigation away (2.8s)
  x    9 [chromium] › e2e\tests\edge-cases\concurrent-operations.spec.ts:67:7 › Concurrent Operations › navigation during save does not corrupt data (retry #1) (2.9s)
  x   10 [chromium] › e2e\tests\edge-cases\error-recovery.spec.ts:50:7 › Error Recovery › browser refresh during module use — no crash (2.8s)
  x   11 [chromium] › e2e\tests\edge-cases\responsive-mobile.spec.ts:20:7 › Responsive & Mobile › navigation works at mobile viewport (375px) (2.8s)
  x   12 [chromium] › e2e\tests\edge-cases\error-recovery.spec.ts:92:7 › Error Recovery › failed API call shows user-friendly error (2.8s)
  x   13 [chromium] › e2e\tests\edge-cases\responsive-mobile.spec.ts:44:7 › Responsive & Mobile › forms usable at tablet viewport (768px) (2.8s)
  x   14 [chromium] › e2e\tests\edge-cases\error-recovery.spec.ts:128:7 › Error Recovery › multiple rapid saves do not corrupt state (2.8s)
  x   15 [chromium] › e2e\tests\edge-cases\responsive-mobile.spec.ts:65:7 › Responsive & Mobile › no horizontal overflow at any viewport (2.8s)
  -   17 [chromium] › e2e\tests\edge-cases\responsive-mobile.spec.ts:91:8 › Responsive & Mobile › login page works on mobile
  x   16 [chromium] › e2e\tests\edge-cases\sofia-regressions.spec.ts:26:7 › Sofia Regression Tests › REGRESSION: vehicle compatibility can be set on parts (2.8s)
  x   18 [chromium] › e2e\tests\edge-cases\special-characters.spec.ts:21:7 › Special Characters & Long Text › Spanish accents in client name and part descriptions (2.8s)
  x   19 [chromium] › e2e\tests\edge-cases\sofia-regressions.spec.ts:56:7 › Sofia Regression Tests › REGRESSION: jobs can be created without parts (labor only) (2.8s)
  x   20 [chromium] › e2e\tests\edge-cases\special-characters.spec.ts:48:7 › Special Characters & Long Text › long description text does not crash UI (2.8s)
  x   21 [chromium] › e2e\tests\edge-cases\sofia-regressions.spec.ts:84:7 › Sofia Regression Tests › REGRESSION: supplier visible when adding parts (2.8s)
  x   22 [chromium] › e2e\tests\edge-cases\special-characters.spec.ts:79:7 › Special Characters & Long Text › special characters in expense concepto (2.8s)
  x   23 [chromium] › e2e\tests\edge-cases\sofia-regressions.spec.ts:109:7 › Sofia Regression Tests › REGRESSION: failed saves dont lose user input (2.8s)
  x   24 [chromium] › e2e\tests\edge-cases\special-characters.spec.ts:100:7 › Special Characters & Long Text › emoji in descriptions does not break rendering (2.8s)
  x   25 [chromium] › e2e\tests\edge-cases\sofia-regressions.spec.ts:138:7 › Sofia Regression Tests › REGRESSION: finalizar trabajo shows clear error on missing data (2.8s)
  x   26 [chromium] › e2e\tests\edge-cases\zero-edge-values.spec.ts:22:7 › Zero & Edge Value Handling › inventory part with zero stock displays correctly (2.8s)
  x   27 [chromium] › e2e\tests\edge-cases\sofia-regressions.spec.ts:166:7 › Sofia Regression Tests › REGRESSION: CxC records can be edited (2.9s)
  x   28 [chromium] › e2e\tests\edge-cases\zero-edge-values.spec.ts:49:7 › Zero & Edge Value Handling › large monetary amounts format correctly (2.8s)
  x   29 [chromium] › e2e\tests\edge-cases\sofia-regressions.spec.ts:192:7 › Sofia Regression Tests › REGRESSION: gastos module loads without crash (2.8s)
  x   30 [chromium] › e2e\tests\edge-cases\zero-edge-values.spec.ts:77:7 › Zero & Edge Value Handling › trabajo with zero labor cost (2.8s)
  x   31 [chromium] › e2e\tests\edge-cases\sofia-regressions.spec.ts:207:7 › Sofia Regression Tests › REGRESSION: conditional columns render correctly (2.8s)
  x   32 [chromium] › e2e\tests\edge-cases\zero-edge-values.spec.ts:110:7 › Zero & Edge Value Handling › decimal precision in monetary displays (2.8s)
  x   33 [chromium] › e2e\tests\scenarios\accounts-receivable.spec.ts:24:7 › Accounts Receivable (CxC) › CxC module loads and displays accounts (2.8s)
  x   34 [chromium] › e2e\tests\scenarios\bilingual-ui-verification.spec.ts:117:9 › Bilingual UI Verification — All Modules Spanish › Clientes shows Spanish content (2.8s)
  x   35 [chromium] › e2e\tests\scenarios\accounts-receivable.spec.ts:24:7 › Accounts Receivable (CxC) › CxC module loads and displays accounts (retry #1) (2.9s)
  x   36 [chromium] › e2e\tests\scenarios\bilingual-ui-verification.spec.ts:117:9 › Bilingual UI Verification — All Modules Spanish › Inventario shows Spanish content (2.8s)
  x   37 [chromium] › e2e\tests\scenarios\accounts-receivable.spec.ts:41:7 › Accounts Receivable (CxC) › register partial payment on account (2.9s)
  x   38 [chromium] › e2e\tests\scenarios\bilingual-ui-verification.spec.ts:117:9 › Bilingual UI Verification — All Modules Spanish › Trabajos shows Spanish content (2.8s)
  x   39 [chromium] › e2e\tests\scenarios\accounts-receivable.spec.ts:41:7 › Accounts Receivable (CxC) › register partial payment on account (retry #1) (2.9s)
  x   40 [chromium] › e2e\tests\scenarios\bilingual-ui-verification.spec.ts:117:9 › Bilingual UI Verification — All Modules Spanish › Proveedores shows Spanish content (2.8s)
  x   41 [chromium] › e2e\tests\scenarios\accounts-receivable.spec.ts:75:7 › Accounts Receivable (CxC) › filter CxC by payment status (2.8s)
  x   42 [chromium] › e2e\tests\scenarios\bilingual-ui-verification.spec.ts:117:9 › Bilingual UI Verification — All Modules Spanish › Órdenes shows Spanish content (2.8s)
  x   43 [chromium] › e2e\tests\scenarios\accounts-receivable.spec.ts:75:7 › Accounts Receivable (CxC) › filter CxC by payment status (retry #1) (2.9s)
  x   44 [chromium] › e2e\tests\scenarios\bilingual-ui-verification.spec.ts:117:9 › Bilingual UI Verification — All Modules Spanish › Facturas shows Spanish content (2.8s)
  x   45 [chromium] › e2e\tests\scenarios\accounts-receivable.spec.ts:100:7 › Accounts Receivable (CxC) › CxC records can be edited (2.8s)
  x   46 [chromium] › e2e\tests\scenarios\bilingual-ui-verification.spec.ts:117:9 › Bilingual UI Verification — All Modules Spanish › Cuentas shows Spanish content (2.8s)
  x   47 [chromium] › e2e\tests\scenarios\accounts-receivable.spec.ts:100:7 › Accounts Receivable (CxC) › CxC records can be edited (retry #1) (2.9s)
  x   48 [chromium] › e2e\tests\scenarios\bilingual-ui-verification.spec.ts:117:9 › Bilingual UI Verification — All Modules Spanish › Pagos shows Spanish content (2.8s)
  x   49 [chromium] › e2e\tests\scenarios\change-proof-caller-silent-failures.spec.ts:19:7 › change-proof: caller silent failure surfacing › ordenes module loads and crear orden section is rendered (2.8s)
  x   50 [chromium] › e2e\tests\scenarios\bilingual-ui-verification.spec.ts:117:9 › Bilingual UI Verification — All Modules Spanish › Resumen shows Spanish content (2.8s)
  x   51 [chromium] › e2e\tests\scenarios\change-proof-caller-silent-failures.spec.ts:46:7 › change-proof: caller silent failure surfacing › facturas module loads without errors after PR #152 fix (2.8s)
  x   52 [chromium] › e2e\tests\scenarios\bilingual-ui-verification.spec.ts:117:9 › Bilingual UI Verification — All Modules Spanish › Gastos shows Spanish content (2.8s)
  x   53 [chromium] › e2e\tests\scenarios\change-proof-caller-silent-failures.spec.ts:66:7 › change-proof: caller silent failure surfacing › full walk-through: login to ordenes to facturas no crashes (2.8s)
  x   54 [chromium] › e2e\tests\scenarios\bilingual-ui-verification.spec.ts:117:9 › Bilingual UI Verification — All Modules Spanish › Historial shows Spanish content (2.8s)
  x   55 [chromium] › e2e\tests\scenarios\change-proof-clientes-modal-error-handling.spec.ts:19:5 › change-proof: clientes edit modal closes on success (no stuck spinner) (2.8s)
  x   56 [chromium] › e2e\tests\scenarios\bilingual-ui-verification.spec.ts:117:9 › Bilingual UI Verification — All Modules Spanish › Cotizaciones shows Spanish content (2.8s)
  x   57 [chromium] › e2e\tests\scenarios\change-proof-cotizaciones-departamentos-sync.spec.ts:25:5 › change-proof-cotizaciones-departamentos-sync (3.1s)
  -   59 [chromium] › e2e\tests\scenarios\change-proof-date-timezone-fix.spec.ts:18:6 › change-proof-date-timezone-fix
  x   58 [chromium] › e2e\tests\scenarios\bilingual-ui-verification.spec.ts:117:9 › Bilingual UI Verification — All Modules Spanish › Configuración shows Spanish content (2.8s)
  x   60 [chromium] › e2e\tests\scenarios\change-proof-factura-pdf-upload.spec.ts:13:5 › change-proof: PDF upload in facturado modal, visible only in Facturas (3.1s)
  x   61 [chromium] › e2e\tests\scenarios\bilingual-ui-verification.spec.ts:134:7 › Bilingual UI Verification — All Modules Spanish › navigation tabs render in Spanish — no English labels (2.8s)
  x   62 [chromium] › e2e\tests\scenarios\change-proof-factura-pdf-upload.spec.ts:13:5 › change-proof: PDF upload in facturado modal, visible only in Facturas (retry #1) (3.1s)
  x   63 [chromium] › e2e\tests\scenarios\bilingual-ui-verification.spec.ts:157:7 › Bilingual UI Verification — All Modules Spanish › no module shows English-only error messages on fresh load (2.8s)
  -   65 [chromium] › e2e\tests\scenarios\change-proof-gastos-categoria-personal.spec.ts:13:6 › change-proof-gastos-categoria-personal — categoria personal con subcategorias personalizables
  x   64 [chromium] › e2e\tests\scenarios\change-proof-finalizar-trabajo-fix.spec.ts:19:5 › change-proof-finalizar-trabajo-fix (2.8s)
  x   66 [chromium] › e2e\tests\scenarios\change-proof-gastos-error-handling.spec.ts:12:7 › change-proof-gastos-error-handling › gastos form shows correct save state and dismiss on cancel (3.1s)
  x   67 [chromium] › e2e\tests\scenarios\change-proof-guardar-trabajo.spec.ts:22:5 › change-proof-guardar-trabajo (3.1s)
  -   69 [chromium] › e2e\tests\scenarios\change-proof-historial-numero-orden.spec.ts:19:5 › change-proof-historial-numero-orden
  x   68 [chromium] › e2e\tests\scenarios\change-proof-gastos-error-handling.spec.ts:46:7 › change-proof-gastos-error-handling › gastos module loads without NaN or broken values (3.1s)
  x   70 [chromium] › e2e\tests\scenarios\change-proof-insert-trabajo-pgrst204.spec.ts:21:5 › change-proof-insert-trabajo-pgrst204 — módulo carga y formulario disponible (3.0s)
  x   71 [chromium] › e2e\tests\scenarios\change-proof-inventario-eliminar-proveedor.spec.ts:23:5 › change-proof-inventario-eliminar-proveedor (3.1s)
  x   72 [chromium] › e2e\tests\scenarios\change-proof-mano-de-obra-cantidad.spec.ts:22:5 › change-proof-mano-de-obra-cantidad (3.1s)
  x   73 [chromium] › e2e\tests\scenarios\change-proof-migrate-workflow-fix.spec.ts:19:5 › change-proof-migrate-workflow-fix (3.1s)
  x   74 [chromium] › e2e\tests\scenarios\change-proof-mano-de-obra-cantidad.spec.ts:22:5 › change-proof-mano-de-obra-cantidad (retry #1) (3.2s)
  x   75 [chromium] › e2e\tests\scenarios\change-proof-migrate-workflow-flags.spec.ts:21:5 › change-proof-migrate-workflow-flags (3.1s)
  -   77 [chromium] › e2e\tests\scenarios\change-proof-numero-orden-kilometraje.spec.ts:20:5 › change-proof-numero-orden-kilometraje
  x   76 [chromium] › e2e\tests\scenarios\change-proof-migration-idempotency.spec.ts:19:5 › change-proof-migration-idempotency (3.1s)
  x   78 [chromium] › e2e\tests\scenarios\change-proof-ordenes-facturas-silent-failures.spec.ts:27:7 › change-proof-ordenes-facturas-silent-failures › ordenes_compra module loads without crash (2.7s)
  x   79 [chromium] › e2e\tests\scenarios\change-proof-refacturar-po-protection.spec.ts:21:7 › change-proof: refacturar + PO section protection › trabajos module loads — refacturar handler accessible (2.8s)
  x   80 [chromium] › e2e\tests\scenarios\change-proof-ordenes-facturas-silent-failures.spec.ts:46:7 › change-proof-ordenes-facturas-silent-failures › ordenes_compra shows Spanish content (2.8s)
  x   81 [chromium] › e2e\tests\scenarios\change-proof-refacturar-po-protection.spec.ts:21:7 › change-proof: refacturar + PO section protection › trabajos module loads — refacturar handler accessible (retry #1) (2.9s)
  x   82 [chromium] › e2e\tests\scenarios\change-proof-ordenes-facturas-silent-failures.spec.ts:74:7 › change-proof-ordenes-facturas-silent-failures › ordenes_compra monetary values contain no NaN or undefined (2.8s)
  x   83 [chromium] › e2e\tests\scenarios\change-proof-refacturar-po-protection.spec.ts:44:7 › change-proof: refacturar + PO section protection › facturas module loads — generarFactura path accessible (2.8s)
  x   84 [chromium] › e2e\tests\scenarios\change-proof-ordenes-facturas-silent-failures.spec.ts:90:7 › change-proof-ordenes-facturas-silent-failures › facturas module loads without crash (2.8s)
  x   85 [chromium] › e2e\tests\scenarios\change-proof-refacturar-po-protection.spec.ts:44:7 › change-proof: refacturar + PO section protection › facturas module loads — generarFactura path accessible (retry #1) (2.9s)
  x   86 [chromium] › e2e\tests\scenarios\change-proof-ordenes-facturas-silent-failures.spec.ts:109:7 › change-proof-ordenes-facturas-silent-failures › facturas monetary values contain no NaN or undefined (2.8s)
  x   87 [chromium] › e2e\tests\scenarios\change-proof-refacturar-po-protection.spec.ts:65:7 › change-proof: refacturar + PO section protection › ordenes module loads — PO creation path accessible (2.8s)
  x   88 [chromium] › e2e\tests\scenarios\change-proof-ordenes-facturas-silent-failures.spec.ts:126:7 › change-proof-ordenes-facturas-silent-failures › facturas filter tabs and section labels render in Spanish (2.8s)
  x   89 [chromium] › e2e\tests\scenarios\change-proof-refacturar-po-protection.spec.ts:65:7 › change-proof: refacturar + PO section protection › ordenes module loads — PO creation path accessible (retry #1) (2.9s)
  x   90 [chromium] › e2e\tests\scenarios\change-proof-supabase-ci-migrate-workflow.spec.ts:4:5 › change-proof-supabase-ci-migrate-workflow (3.1s)
  x   91 [chromium] › e2e\tests\scenarios\client-vehicle-history.spec.ts:24:7 › Client Vehicle History › create client and manage multiple vehicles (2.8s)
  x   92 [chromium] › e2e\tests\scenarios\clientes-crud.spec.ts:27:7 › Clientes Full CRUD › clientes module loads without crash (2.8s)
  x   93 [chromium] › e2e\tests\scenarios\client-vehicle-history.spec.ts:84:7 › Client Vehicle History › vehicle select updates when client changes (2.8s)
  x   94 [chromium] › e2e\tests\scenarios\clientes-crud.spec.ts:46:7 › Clientes Full CRUD › create a new client (2.8s)
  x   95 [chromium] › e2e\tests\scenarios\configuracion-module.spec.ts:19:7 › Configuración › configuracion module loads without crash (2.8s)
  x   96 [chromium] › e2e\tests\scenarios\clientes-crud.spec.ts:119:7 › Clientes Full CRUD › add a vehicle to an existing client (2.8s)
  x   97 [chromium] › e2e\tests\scenarios\configuracion-module.spec.ts:37:7 › Configuración › configuracion shows settings heading in Spanish (2.8s)
  x   98 [chromium] › e2e\tests\scenarios\clientes-crud.spec.ts:180:7 › Clientes Full CRUD › search for a client filters the list (2.8s)
  x   99 [chromium] › e2e\tests\scenarios\configuracion-module.spec.ts:64:7 › Configuración › configuracion shows members or invite section (2.8s)
  x  100 [chromium] › e2e\tests\scenarios\clientes-crud.spec.ts:214:7 › Clientes Full CRUD › clientes list shows no NaN/undefined values (2.8s)
  x  101 [chromium] › e2e\tests\scenarios\configuracion-module.spec.ts:87:7 › Configuración › configuracion does not expose raw debug errors (2.8s)
  x  102 [chromium] › e2e\tests\scenarios\clientes-crud.spec.ts:239:7 › Clientes Full CRUD › clientes module survives navigation away and back (2.8s)
  x  103 [chromium] › e2e\tests\scenarios\configuracion-module.spec.ts:101:7 › Configuración › configuracion is reachable from inventario tab (2.8s)
  x  104 [chromium] › e2e\tests\scenarios\cotizacion-lifecycle.spec.ts:29:7 › Cotización Lifecycle › complete flow: create → save → edit → convert to trabajo (2.8s)
  x  105 [chromium] › e2e\tests\scenarios\cuentas-por-pagar.spec.ts:26:7 › Cuentas por Pagar (Por Pagar) › cuentas por pagar module loads without crash (2.8s)
  -  107 [chromium] › e2e\tests\scenarios\cuentas-por-pagar.spec.ts:47:8 › Cuentas por Pagar (Por Pagar) › cuentas por pagar shows Spanish section title
  x  106 [chromium] › e2e\tests\scenarios\cotizacion-lifecycle.spec.ts:74:7 › Cotización Lifecycle › create cotización with Ayuntamiento plantilla (2.8s)
  x  108 [chromium] › e2e\tests\scenarios\cuentas-por-pagar.spec.ts:71:7 › Cuentas por Pagar (Por Pagar) › cuentas por pagar monetary values are well-formatted (2.8s)
  x  109 [chromium] › e2e\tests\scenarios\cotizacion-lifecycle.spec.ts:97:7 › Cotización Lifecycle › cotización form preserves data on validation error (2.8s)
  x  110 [chromium] › e2e\tests\scenarios\cuentas-por-pagar.spec.ts:100:7 › Cuentas por Pagar (Por Pagar) › cuentas por pagar empty state shows correct Spanish message (2.8s)
  x  111 [chromium] › e2e\tests\scenarios\expense-tracking-deep.spec.ts:23:7 › Expense Tracking Deep › add multiple expenses and verify total accumulation (2.8s)
  x  112 [chromium] › e2e\tests\scenarios\cuentas-por-pagar.spec.ts:129:7 › Cuentas por Pagar (Por Pagar) › cuentas por pagar "Total por Pagar" summary renders (2.8s)
  x  113 [chromium] › e2e\tests\scenarios\expense-tracking-deep.spec.ts:58:7 › Expense Tracking Deep › filter gastos by category shows correct subset (2.8s)
  x  114 [chromium] › e2e\tests\scenarios\cuentas-por-pagar.spec.ts:160:7 › Cuentas por Pagar (Por Pagar) › cuentas por pagar payment registration (2.8s)
  x  115 [chromium] › e2e\tests\scenarios\expense-tracking-deep.spec.ts:86:7 › Expense Tracking Deep › expense dates display in proper format (2.8s)
  x  116 [chromium] › e2e\tests\scenarios\cuentas-por-pagar.spec.ts:201:7 › Cuentas por Pagar (Por Pagar) › cuentas por pagar survives rapid navigation away and back (2.8s)
  x  117 [chromium] › e2e\tests\scenarios\expense-tracking.spec.ts:22:7 › Expense Tracking (Gastos) › gastos module loads and functions (2.8s)
  x  118 [chromium] › e2e\tests\scenarios\cuentas-por-pagar.spec.ts:227:7 › Cuentas por Pagar (Por Pagar) › cuentas por pagar distinguishes between servicios and refacciones payables (2.8s)
  x  119 [chromium] › e2e\tests\scenarios\expense-tracking.spec.ts:36:7 › Expense Tracking (Gastos) › add new expense with full details (2.8s)
  x  120 [chromium] › e2e\tests\scenarios\facturas-module.spec.ts:23:7 › Facturas Module › facturas module loads without crash (2.8s)
  x  121 [chromium] › e2e\tests\scenarios\expense-tracking.spec.ts:57:7 › Expense Tracking (Gastos) › filter gastos by category (2.8s)
  -  123 [chromium] › e2e\tests\scenarios\full-lifecycle-verification.spec.ts:28:8 › Full Lifecycle Verification › complete daily workflow: client → cotización → trabajo → payment → expense
  x  122 [chromium] › e2e\tests\scenarios\facturas-module.spec.ts:44:7 › Facturas Module › facturas shows Spanish section title (2.8s)
  x  124 [chromium] › e2e\tests\scenarios\full-walk-through-coverage-sprint-v2.spec.ts:13:7 › Full Walk-Through: Coverage Sprint V2 › full walk-through — clientes, unidades, cotizaciones, trabajos (2.8s)
  x  125 [chromium] › e2e\tests\scenarios\facturas-module.spec.ts:66:7 › Facturas Module › facturas filter tabs are present and clickable (2.8s)
  x  126 [chromium] › e2e\tests\scenarios\full-walk-through-gastos-auth-resumen.spec.ts:19:5 › full-walk-through: gastos edit/delete + resumen data integrity + session reload (3.1s)
  x  127 [chromium] › e2e\tests\scenarios\facturas-module.spec.ts:94:7 › Facturas Module › facturas monetary values are well-formatted (no NaN/Infinity) (2.8s)
  x  128 [chromium] › e2e\tests\scenarios\full-walk-through-ordenes-facturas-coverage.spec.ts:15:5 › full-walk-through-ordenes-facturas-coverage (2.8s)
  x  129 [chromium] › e2e\tests\scenarios\facturas-module.spec.ts:122:7 › Facturas Module › facturas search by numero de factura filters results (2.8s)
  x  130 [chromium] › e2e\tests\scenarios\full-walk-through-sprint-cycle8.spec.ts:21:5 › coverage sprint cycle 8 -- reportes + gastos walk-through (3.1s)
  x  131 [chromium] › e2e\tests\scenarios\facturas-module.spec.ts:158:7 › Facturas Module › facturas payment registration shows payment form (2.8s)
  x  132 [chromium] › e2e\tests\scenarios\gastos-edit-delete.spec.ts:27:7 › Gastos Edit & Delete › gastos edit icon (pencil) opens edit form (2.8s)
  x  133 [chromium] › e2e\tests\scenarios\facturas-module.spec.ts:193:7 › Facturas Module › facturas cancel/reactivate invoice flow (2.8s)
  x  134 [chromium] › e2e\tests\scenarios\gastos-edit-delete.spec.ts:65:7 › Gastos Edit & Delete › gastos delete icon shows confirmation step (2.8s)
  x  135 [chromium] › e2e\tests\scenarios\facturas-module.spec.ts:233:7 › Facturas Module › facturas "trabajos pendientes de facturar" banner renders conditionally (2.8s)
  x  136 [chromium] › e2e\tests\scenarios\gastos-edit-delete.spec.ts:102:7 › Gastos Edit & Delete › gastos form submit blocked when concepto is empty (2.8s)
  x  137 [chromium] › e2e\tests\scenarios\historial-module.spec.ts:21:7 › Historial por Unidad › historial module loads without crash (2.8s)
  x  138 [chromium] › e2e\tests\scenarios\gastos-edit-delete.spec.ts:129:7 › Gastos Edit & Delete › gastos form submit blocked when monto is zero (2.8s)
  x  139 [chromium] › e2e\tests\scenarios\historial-module.spec.ts:40:7 › Historial por Unidad › historial shows "Historial por Unidad" heading (2.9s)
  x  140 [chromium] › e2e\tests\scenarios\gastos-edit-delete.spec.ts:157:7 › Gastos Edit & Delete › gastos personal category shows custom subcategory input on Otros (2.8s)
  x  141 [chromium] › e2e\tests\scenarios\historial-module.spec.ts:56:7 › Historial por Unidad › historial has a client search input (2.8s)
  x  142 [chromium] › e2e\tests\scenarios\gastos-edit-delete.spec.ts:201:7 › Gastos Edit & Delete › gastos cancel button dismisses form without error (2.8s)
  x  143 [chromium] › e2e\tests\scenarios\historial-module.spec.ts:72:7 › Historial por Unidad › historial client search filters results without crash (2.8s)
  x  144 [chromium] › e2e\tests\scenarios\inventory-management.spec.ts:24:7 › Inventory Management › add new part with full details (2.8s)
  x  145 [chromium] › e2e\tests\scenarios\historial-module.spec.ts:99:7 › Historial por Unidad › historial is reachable from gastos tab (2.8s)
  x  146 [chromium] › e2e\tests\scenarios\inventory-management.spec.ts:52:7 › Inventory Management › proveedor visible when adding parts (2.8s)
  x  147 [chromium] › e2e\tests\scenarios\inventory-restock-flow.spec.ts:26:7 › Inventory Restock Flow › full restock cycle: low stock → PO → receive → stock updated (2.8s)
  x  148 [chromium] › e2e\tests\scenarios\inventory-management.spec.ts:72:7 › Inventory Management › filter inventory by category (2.8s)
  x  149 [chromium] › e2e\tests\scenarios\inventory-restock-flow.spec.ts:116:7 › Inventory Restock Flow › sidebar Órdenes badge shows pending orders count (2.9s)
  x  150 [chromium] › e2e\tests\scenarios\inventory-management.spec.ts:100:7 › Inventory Management › filter inventory by proveedor (2.9s)
  x  151 [chromium] › e2e\tests\scenarios\line-item-editing.spec.ts:22:7 › Line Item Editing › change line item quantity and verify total updates (2.8s)
  x  152 [chromium] › e2e\tests\scenarios\inventory-management.spec.ts:121:7 › Inventory Management › vehicle compatibility on parts (2.8s)
  x  153 [chromium] › e2e\tests\scenarios\line-item-editing.spec.ts:56:7 › Line Item Editing › add multiple line items and verify all present (2.8s)
  x  154 [chromium] › e2e\tests\scenarios\module-navigation-integrity.spec.ts:19:7 › Module Navigation Integrity › sidebar badges update after creating items (2.8s)
  x  155 [chromium] › e2e\tests\scenarios\line-item-editing.spec.ts:83:7 › Line Item Editing › zero-value line item handling (2.8s)
  x  156 [chromium] › e2e\tests\scenarios\module-navigation-integrity.spec.ts:51:7 › Module Navigation Integrity › dates display in correct format (dd/mm/yyyy or ISO) (2.8s)
  x  157 [chromium] › e2e\tests\scenarios\multi-cotizacion-workflow.spec.ts:23:7 › Multi-Cotización Workflow › create multiple cotizaciones and verify list management (2.8s)
  x  158 [chromium] › e2e\tests\scenarios\module-navigation-integrity.spec.ts:63:7 › Module Navigation Integrity › totals are mathematically correct in Trabajos (2.8s)
  x  159 [chromium] › e2e\tests\scenarios\multi-cotizacion-workflow.spec.ts:77:7 › Multi-Cotización Workflow › cotización list filtering by search (2.8s)
  x  160 [chromium] › e2e\tests\scenarios\module-navigation-integrity.spec.ts:94:7 › Module Navigation Integrity › totals are mathematically correct in Inventario (2.8s)
  x  161 [chromium] › e2e\tests\scenarios\ordenes-module-load.spec.ts:23:7 › Órdenes de Compra — Module Load › ordenes module loads without crash (2.8s)
  x  162 [chromium] › e2e\tests\scenarios\module-navigation-integrity.spec.ts:120:7 › Module Navigation Integrity › module switching preserves no stale data (2.8s)
  x  163 [chromium] › e2e\tests\scenarios\ordenes-module-load.spec.ts:42:7 › Órdenes de Compra — Module Load › ordenes shows Spanish section title (2.8s)
  x  164 [chromium] › e2e\tests\scenarios\module-navigation-integrity.spec.ts:141:7 › Module Navigation Integrity › Trabajos sidebar badge is a valid number when shown (2.8s)
  -  166 [chromium] › e2e\tests\scenarios\payment-collection-flow.spec.ts:26:8 › Payment Collection Flow › partial and full payment lifecycle with balance verification
  x  165 [chromium] › e2e\tests\scenarios\ordenes-module-load.spec.ts:66:7 › Órdenes de Compra — Module Load › ordenes shows list area or empty state (2.8s)
  x  167 [chromium] › e2e\tests\scenarios\payment-collection-flow.spec.ts:158:7 › Payment Collection Flow › CxC amounts are mathematically correct (no NaN/undefined) (2.8s)
  x  168 [chromium] › e2e\tests\scenarios\ordenes-module-load.spec.ts:90:7 › Órdenes de Compra — Module Load › ordenes has a create/nueva orden button (2.8s)
  x  169 [chromium] › e2e\tests\scenarios\proveedor-crud.spec.ts:21:7 › Proveedor CRUD › add proveedor with full details (2.8s)
  x  170 [chromium] › e2e\tests\scenarios\ordenes-module-load.spec.ts:115:7 › Órdenes de Compra — Module Load › ordenes survives navigate-away and back (2.8s)
  x  171 [chromium] › e2e\tests\scenarios\proveedor-crud.spec.ts:40:7 › Proveedor CRUD › add proveedor with minimal fields (2.8s)
  x  172 [chromium] › e2e\tests\scenarios\ordenes-module-load.spec.ts:141:7 › Órdenes de Compra — Module Load › ordenes list shows no NaN or undefined values (2.8s)
  x  173 [chromium] › e2e\tests\scenarios\proveedor-crud.spec.ts:58:7 › Proveedor CRUD › proveedor appears in inventario select (2.8s)
  x  174 [chromium] › e2e\tests\scenarios\purchase-orders.spec.ts:26:7 › Purchase Orders › create purchase order with proveedor (2.8s)
  x  175 [chromium] › e2e\tests\scenarios\proveedor-crud.spec.ts:86:7 › Proveedor CRUD › proveedor count updates in badge (2.8s)
  x  176 [chromium] › e2e\tests\scenarios\purchase-orders.spec.ts:58:7 › Purchase Orders › edit received order after creation (2.8s)
  x  177 [chromium] › e2e\tests\scenarios\reportes-module.spec.ts:27:7 › Reportes Module › reportes module loads without crash (2.8s)
  x  178 [chromium] › e2e\tests\scenarios\purchase-orders.spec.ts:92:7 › Purchase Orders › mark order as received (2.8s)
  x  179 [chromium] › e2e\tests\scenarios\reportes-module.spec.ts:43:7 › Reportes Module › reportes shows section heading in Spanish (2.8s)
  x  180 [chromium] › e2e\tests\scenarios\purchase-orders.spec.ts:116:7 › Purchase Orders › IVA toggle affects total (2.8s)
  x  181 [chromium] › e2e\tests\scenarios\reportes-module.spec.ts:67:7 › Reportes Module › reportes shows tab switcher (Nuevo Reporte / Estado) (2.8s)
  x  182 [chromium] › e2e\tests\scenarios\resumen-data-integrity.spec.ts:24:7 › Resumen — Data Integrity › no NaN or undefined in resumen page text (2.8s)
  x  183 [chromium] › e2e\tests\scenarios\reportes-module.spec.ts:87:7 › Reportes Module › reportes nuevo tab shows form with required fields (2.8s)
  x  184 [chromium] › e2e\tests\scenarios\resumen-data-integrity.spec.ts:39:7 › Resumen — Data Integrity › cash flow card labels visible (2.8s)
  x  185 [chromium] › e2e\tests\scenarios\reportes-module.spec.ts:119:7 › Reportes Module › reportes estado tab shows issue-related content (2.8s)
  x  186 [chromium] › e2e\tests\scenarios\resumen-data-integrity.spec.ts:55:7 › Resumen — Data Integrity › dollar amounts render on resumen page (2.8s)
  x  187 [chromium] › e2e\tests\scenarios\reportes-module.spec.ts:136:7 › Reportes Module › reportes does not expose raw debug errors (2.8s)
  x  188 [chromium] › e2e\tests\scenarios\resumen-data-integrity.spec.ts:66:7 › Resumen — Data Integrity › P&L section headings are visible (2.8s)
  x  189 [chromium] › e2e\tests\scenarios\reportes-module.spec.ts:151:7 › Reportes Module › reportes is accessible from configuracion tab (2.8s)
  x  190 [chromium] › e2e\tests\scenarios\resumen-data-integrity.spec.ts:89:7 › Resumen — Data Integrity › resumen renders month and year in Spanish (2.8s)
  x  191 [chromium] › e2e\tests\scenarios\resumen-financiero.spec.ts:19:7 › Resumen Financiero › resumen module loads without crash (2.8s)
  x  192 [chromium] › e2e\tests\scenarios\resumen-data-integrity.spec.ts:103:7 › Resumen — Data Integrity › resumen gastos breakdown does not crash with zero data (2.8s)
  x  193 [chromium] › e2e\tests\scenarios\resumen-financiero.spec.ts:37:7 › Resumen Financiero › resumen shows financial section labels in Spanish (2.8s)
  x  194 [chromium] › e2e\tests\scenarios\search-across-modules.spec.ts:17:7 › Search Across Modules › client name appears consistently across modules (2.8s)
  x  195 [chromium] › e2e\tests\scenarios\resumen-financiero.spec.ts:64:7 › Resumen Financiero › resumen tab is accessible from trabajos module (2.8s)
  x  196 [chromium] › e2e\tests\scenarios\search-across-modules.spec.ts:75:7 › Search Across Modules › sidebar badge counts are consistent with module data (2.8s)
  x  197 [chromium] › e2e\tests\scenarios\resumen-financiero.spec.ts:84:7 › Resumen Financiero › resumen does not show localhost or debug data in production (2.8s)
  x  198 [chromium] › e2e\tests\scenarios\status-filtering.spec.ts:22:7 › Status Filtering › filter trabajos by pendiente status (2.8s)
  x  199 [chromium] › e2e\tests\scenarios\trabajo-lifecycle.spec.ts:28:7 › Trabajo Lifecycle › create trabajo with labor only — no parts required (2.8s)
  x  200 [chromium] › e2e\tests\scenarios\status-filtering.spec.ts:55:7 › Status Filtering › filter trabajos shows all when "Todos" selected (2.8s)
  x  201 [chromium] › e2e\tests\scenarios\trabajo-lifecycle.spec.ts:65:7 › Trabajo Lifecycle › create trabajo with parts and labor (2.8s)
  x  202 [chromium] › e2e\tests\scenarios\status-filtering.spec.ts:94:7 › Status Filtering › filter ordenes by status (2.8s)
  x  203 [chromium] › e2e\tests\scenarios\trabajo-lifecycle.spec.ts:100:7 › Trabajo Lifecycle › finalize trabajo and verify CxC record (2.8s)
  x  204 [chromium] › e2e\tests\scenarios\status-filtering.spec.ts:127:7 › Status Filtering › filter CxC by payment status (2.8s)
  x  205 [chromium] › e2e\tests\scenarios\trabajo-lifecycle.spec.ts:168:7 › Trabajo Lifecycle › edit existing trabajo — modify labor amount (2.8s)
  x  206 [chromium] › e2e\tests\scenarios\unidades-crud.spec.ts:20:7 › Unidades CRUD › add vehicle to client and verify it appears in vehicle list (2.8s)
  x  207 [chromium] › e2e\tests\scenarios\trabajo-lifecycle.spec.ts:199:7 › Trabajo Lifecycle › trabajo shows clear error on missing data for finalizar (2.8s)
  x  208 [chromium] › e2e\tests\scenarios\unidades-crud.spec.ts:59:7 › Unidades CRUD › add multiple vehicles to one client (2.8s)
  x  209 [chromium] › e2e\tests\validation\auth-edge-cases.spec.ts:14:7 › Authentication Edge Cases › invalid credentials show clear error (3.1s)
  x  210 [chromium] › e2e\tests\scenarios\unidades-crud.spec.ts:106:7 › Unidades CRUD › trabajos module loads without vehicle-related errors (2.7s)
  x  211 [chromium] › e2e\tests\validation\auth-edge-cases.spec.ts:31:7 › Authentication Edge Cases › empty form submission is blocked (3.1s)
  x  212 [chromium] › e2e\tests\scenarios\unidades-crud.spec.ts:122:7 › Unidades CRUD › vehicle form fields have correct Spanish placeholder text (2.8s)
  x  213 [chromium] › e2e\tests\validation\auth-edge-cases.spec.ts:48:7 › Authentication Edge Cases › logout prevents dashboard access (3.0s)
  x  214 [chromium] › e2e\tests\validation\auth-session-flows.spec.ts:16:7 › Auth Session Flows › session persists after page reload (3.1s)
  x  215 [chromium] › e2e\tests\validation\clientes-form-validation.spec.ts:27:7 › Clientes Form Validation › empty client name is blocked or shows error (2.8s)
  x  216 [chromium] › e2e\tests\validation\auth-session-flows.spec.ts:40:7 › Auth Session Flows › multi-module navigation does not drop session (3.1s)
  x  217 [chromium] › e2e\tests\validation\clientes-form-validation.spec.ts:99:7 › Clientes Form Validation › client name with special characters (Ó, Ñ, accents) saves without crash (2.8s)
  x  218 [chromium] › e2e\tests\validation\auth-session-flows.spec.ts:70:7 › Auth Session Flows › authenticated user identity visible in sidebar (3.1s)
  x  219 [chromium] › e2e\tests\validation\clientes-form-validation.spec.ts:150:7 › Clientes Form Validation › phone number input handles 10-digit Mexican format (2.8s)
  x  220 [chromium] › e2e\tests\validation\auth-session-flows.spec.ts:89:7 › Auth Session Flows › logout redirects to login page (3.1s)
  x  221 [chromium] › e2e\tests\validation\clientes-form-validation.spec.ts:188:7 › Clientes Form Validation › notes field accepts long text without overflow (2.8s)
  x  222 [chromium] › e2e\tests\validation\auth-session-flows.spec.ts:110:7 › Auth Session Flows › re-login after logout restores full app access (3.1s)
  x  223 [chromium] › e2e\tests\validation\clientes-form-validation.spec.ts:225:7 › Clientes Form Validation › clientes module shows no raw JavaScript errors on fresh load (2.8s)
  x  224 [chromium] › e2e\tests\validation\cotizacion-validation.spec.ts:19:7 › Cotización Validation › cannot save without selecting a client (2.8s)
  x  225 [chromium] › e2e\tests\validation\date-handling.spec.ts:20:7 › Date Handling › no Invalid Date text across all modules (2.8s)
  x  226 [chromium] › e2e\tests\validation\cotizacion-validation.spec.ts:42:7 › Cotización Validation › plantilla selection is required before form access (2.8s)
  x  227 [chromium] › e2e\tests\validation\date-handling.spec.ts:41:7 › Date Handling › date input accepts today and future dates (2.8s)
  x  228 [chromium] › e2e\tests\validation\cotizacion-validation.spec.ts:58:7 › Cotización Validation › number inputs reject negative values (2.8s)
  x  229 [chromium] › e2e\tests\validation\date-handling.spec.ts:69:7 › Date Handling › current year visible in module date displays (2.8s)
  x  230 [chromium] › e2e\tests\validation\gastos-personal-subcategorias.spec.ts:28:7 › Gastos — Personal Category Subcategories › Personal category option is present in category dropdown (2.8s)
  x  231 [chromium] › e2e\tests\validation\inventory-validation.spec.ts:20:7 › Inventory Validation › cannot add part without a name (2.8s)
  x  232 [chromium] › e2e\tests\validation\gastos-personal-subcategorias.spec.ts:52:7 › Gastos — Personal Category Subcategories › selecting Personal shows preset subcategories (2.8s)
  x  233 [chromium] › e2e\tests\validation\inventory-validation.spec.ts:41:7 › Inventory Validation › stock value cannot be negative (2.8s)
  x  234 [chromium] › e2e\tests\validation\gastos-personal-subcategorias.spec.ts:89:7 › Gastos — Personal Category Subcategories › Personal category has "Escribir nueva subcategoria" option (2.8s)
  x  235 [chromium] › e2e\tests\validation\inventory-validation.spec.ts:63:7 › Inventory Validation › price validation — zero and negative (2.8s)
  x  236 [chromium] › e2e\tests\validation\gastos-personal-subcategorias.spec.ts:116:7 › Gastos — Personal Category Subcategories › selecting __otros__ reveals free-text input (2.8s)
  x  237 [chromium] › e2e\tests\validation\inventory-validation.spec.ts:82:7 › Inventory Validation › form resets after successful add (2.8s)
  x  238 [chromium] › e2e\tests\validation\gastos-personal-subcategorias.spec.ts:148:7 › Gastos — Personal Category Subcategories › switching back from Personal resets subcategory list (2.8s)
  x  239 [chromium] › e2e\tests\validation\trabajo-validation.spec.ts:20:7 › Trabajo Validation › trabajo form requires client selection (2.8s)
  x  240 [chromium] › e2e\tests\validation\trabajo-validation.spec.ts:43:7 › Trabajo Validation › trabajo can be saved with labor only (no parts validation) (2.8s)
  x  241 [chromium] › e2e\tests\validation\trabajo-validation.spec.ts:71:7 › Trabajo Validation › finalizar shows specific error for incomplete trabajo (2.8s)


  1) [chromium] › e2e\tests\edge-cases\concurrent-operations.spec.ts:17:7 › Concurrent Operations › rapid module switching does not crash 

    Error: page.goto: net::ERR_CONNECTION_REFUSED at http://localhost:3000/login
    Call log:
      - navigating to "http://localhost:3000/login", waiting until "load"


       at ..\pages\LoginPage.ts:62

      60 |     const password = process.env.E2E_TEST_PASSWORD || 'Test1234!';
      61 |
    > 62 |     await this.page.goto('/login');
         |                     ^
      63 |     await this.page.waitForLoadState('domcontentloaded');
      64 |
      65 |     // Check if we're already logged in (redirected to dashboard or setup)
        at LoginPage.loginAsTestUser (C:\Repos\htekdev\taller-mecanico\workdir\feat--factura-pdf-upload-v2\e2e\pages\LoginPage.ts:62:21)
        at C:\Repos\htekdev\taller-mecanico\workdir\feat--factura-pdf-upload-v2\e2e\tests\edge-cases\concurrent-operations.spec.ts:14:21

    attachment #1: screenshot (image/png) ──────────────────────────────────────────────────────────
    e2e\results\edge-cases-concurrent-oper-78041-le-switching-does-not-crash-chromium\test-failed-1.png
    ────────────────────────────────────────────────────────────────────────────────────────────────

    attachment #2: video (video/webm) ──────────────────────────────────────────────────────────────
    e2e\results\edge-cases-concurrent-oper-78041-le-switching-does-not-crash-chromium\video.webm
    ────────────────────────────────────────────────────────────────────────────────────────────────

    Error Context: e2e\results\edge-cases-concurrent-oper-78041-le-switching-does-not-crash-chromium\error-context.md

    Retry #1 ───────────────────────────────────────────────────────────────────────────────────────

    Error: page.goto: net::ERR_CONNECTION_REFUSED at http://localhost:3000/login
    Call log:
      - navigating to "http://localhost:3000/login", waiting until "load"


       at ..\pages\LoginPage.ts:62

      60 |     const password = process.env.E2E_TEST_PASSWORD || 'Test1234!';
      61 |
    > 62 |     await this.page.goto('/login');
         |                     ^
      63 |     await this.page.waitForLoadState('domcontentloaded');
      64 |
      65 |     // Check if we're already logged in (redirected to dashboard or setup)
        at LoginPage.loginAsTestUser (C:\Repos\htekdev\taller-mecanico\workdir\feat--factura-pdf-upload-v2\e2e\pages\LoginPage.ts:62:21)
        at C:\Repos\htekdev\taller-mecanico\workdir\feat--factura-pdf-upload-v2\e2e\tests\edge-cases\concurrent-operations.spec.ts:14:21

    attachment #1: screenshot (image/png) ──────────────────────────────────────────────────────────
    e2e\results\edge-cases-concurrent-oper-78041-le-switching-does-not-crash-chromium-retry1\test-failed-1.png
    ────────────────────────────────────────────────────────────────────────────────────────────────

    attachment #2: video (video/webm) ──────────────────────────────────────────────────────────────
    e2e\results\edge-cases-concurrent-oper-78041-le-switching-does-not-crash-chromium-retry1\video.webm
    ────────────────────────────────────────────────────────────────────────────────────────────────

    Error Context: e2e\results\edge-cases-concurrent-oper-78041-le-switching-does-not-crash-chromium-retry1\error-context.md

    attachment #4: trace (application/zip) ─────────────────────────────────────────────────────────
    e2e\results\edge-cases-concurrent-oper-78041-le-switching-does-not-crash-chromium-retry1\trace.zip
    Usage:

        npx playwright show-trace e2e\results\edge-cases-concurrent-oper-78041-le-switching-does-not-crash-chromium-retry1\trace.zip

    ────────────────────────────────────────────────────────────────────────────────────────────────

  2) [chromium] › e2e\tests\edge-cases\concurrent-operations.spec.ts:67:7 › Concurrent Operations › navigation during save does not corrupt data 

    Error: page.goto: net::ERR_CONNECTION_REFUSED at http://localhost:3000/login
    Call log:
      - navigating to "http://localhost:3000/login", waiting until "load"


       at ..\pages\LoginPage.ts:62

      60 |     const password = process.env.E2E_TEST_PASSWORD || 'Test1234!';
      61 |
    > 62 |     await this.page.goto('/login');
         |                     ^
      63 |     await this.page.waitForLoadState('domcontentloaded');
      64 |
      65 |     // Check if we're already logged in (redirected to dashboard or setup)
        at LoginPage.loginAsTestUser (C:\Repos\htekdev\taller-mecanico\workdir\feat--factura-pdf-upload-v2\e2e\pages\LoginPage.ts:62:21)
        at C:\Repos\htekdev\taller-mecanico\workdir\feat--factura-pdf-upload-v2\e2e\tests\edge-cases\concurrent-operations.spec.ts:14:21

    attachment #1: screenshot (image/png) ──────────────────────────────────────────────────────────
    e2e\results\edge-cases-concurrent-oper-bd021--save-does-not-corrupt-data-chromium\test-failed-1.png
    ────────────────────────────────────────────────────────────────────────────────────────────────

    attachment #2: video (video/webm) ──────────────────────────────────────────────────────────────
    e2e\results\edge-cases-concurrent-oper-bd021--save-does-not-corrupt-data-chromium\video.webm
    ────────────────────────────────────────────────────────────────────────────────────────────────

    Error Context: e2e\results\edge-cases-concurrent-oper-bd021--save-does-not-corrupt-data-chromium\error-context.md

    Retry #1 ───────────────────────────────────────────────────────────────────────────────────────

    Error: page.goto: net::ERR_CONNECTION_REFUSED at http://localhost:3000/login
    Call log:
      - navigating to "http://localhost:3000/login", waiting until "load"


       at ..\pages\LoginPage.ts:62

      60 |     const password = process.env.E2E_TEST_PASSWORD || 'Test1234!';
      61 |
    > 62 |     await this.page.goto('/login');
         |                     ^
      63 |     await this.page.waitForLoadState('domcontentloaded');
      64 |
      65 |     // Check if we're already logged in (redirected to dashboard or setup)
        at LoginPage.loginAsTestUser (C:\Repos\htekdev\taller-mecanico\workdir\feat--factura-pdf-upload-v2\e2e\pages\LoginPage.ts:62:21)
        at C:\Repos\htekdev\taller-mecanico\workdir\feat--factura-pdf-upload-v2\e2e\tests\edge-cases\concurrent-operations.spec.ts:14:21

    attachment #1: screenshot (image/png) ──────────────────────────────────────────────────────────
    e2e\results\edge-cases-concurrent-oper-bd021--save-does-not-corrupt-data-chromium-retry1\test-failed-1.png
    ────────────────────────────────────────────────────────────────────────────────────────────────

    attachment #2: video (video/webm) ──────────────────────────────────────────────────────────────
    e2e\results\edge-cases-concurrent-oper-bd021--save-does-not-corrupt-data-chromium-retry1\video.webm
    ────────────────────────────────────────────────────────────────────────────────────────────────

    Error Context: e2e\results\edge-cases-concurrent-oper-bd021--save-does-not-corrupt-data-chromium-retry1\error-context.md

    attachment #4: trace (application/zip) ─────────────────────────────────────────────────────────
    e2e\results\edge-cases-concurrent-oper-bd021--save-does-not-corrupt-data-chromium-retry1\trace.zip
    Usage:

        npx playwright show-trace e2e\results\edge-cases-concurrent-oper-bd021--save-does-not-corrupt-data-chromium-retry1\trace.zip

    ────────────────────────────────────────────────────────────────────────────────────────────────

  3) [chromium] › e2e\tests\edge-cases\data-persistence.spec.ts:17:7 › Data Persistence › client data persists after page reload 

    Error: page.goto: net::ERR_CONNECTION_REFUSED at http://localhost:3000/login
    Call log:
      - navigating to "http://localhost:3000/login", waiting until "load"


       at ..\pages\LoginPage.ts:62

      60 |     const password = process.env.E2E_TEST_PASSWORD || 'Test1234!';
      61 |
    > 62 |     await this.page.goto('/login');
         |                     ^
      63 |     await this.page.waitForLoadState('domcontentloaded');
      64 |
      65 |     // Check if we're already logged in (redirected to dashboard or setup)
        at LoginPage.loginAsTestUser (C:\Repos\htekdev\taller-mecanico\workdir\feat--factura-pdf-upload-v2\e2e\pages\LoginPage.ts:62:21)
        at C:\Repos\htekdev\taller-mecanico\workdir\feat--factura-pdf-upload-v2\e2e\tests\edge-cases\data-persistence.spec.ts:14:21

    attachment #1: screenshot (image/png) ──────────────────────────────────────────────────────────
    e2e\results\edge-cases-data-persistenc-3e5e1--persists-after-page-reload-chromium\test-failed-1.png
    ────────────────────────────────────────────────────────────────────────────────────────────────

    attachment #2: video (video/webm) ──────────────────────────────────────────────────────────────
    e2e\results\edge-cases-data-persistenc-3e5e1--persists-after-page-reload-chromium\video.webm
    ────────────────────────────────────────────────────────────────────────────────────────────────

    Error Context: e2e\results\edge-cases-data-persistenc-3e5e1--persists-after-page-reload-chromium\error-context.md

  4) [chromium] › e2e\tests\edge-cases\data-persistence.spec.ts:45:7 › Data Persistence › data persists after logout/login cycle 

    Error: page.goto: net::ERR_CONNECTION_REFUSED at http://localhost:3000/login
    Call log:
      - navigating to "http://localhost:3000/login", waiting until "load"


       at ..\pages\LoginPage.ts:62

      60 |     const password = process.env.E2E_TEST_PASSWORD || 'Test1234!';
      61 |
    > 62 |     await this.page.goto('/login');
         |                     ^
      63 |     await this.page.waitForLoadState('domcontentloaded');
      64 |
      65 |     // Check if we're already logged in (redirected to dashboard or setup)
        at LoginPage.loginAsTestUser (C:\Repos\htekdev\taller-mecanico\workdir\feat--factura-pdf-upload-v2\e2e\pages\LoginPage.ts:62:21)
        at C:\Repos\htekdev\taller-mecanico\workdir\feat--factura-pdf-upload-v2\e2e\tests\edge-cases\data-persistence.spec.ts:14:21

    attachment #1: screenshot (image/png) ──────────────────────────────────────────────────────────
    e2e\results\edge-cases-data-persistenc-c8c73-ts-after-logout-login-cycle-chromium\test-failed-1.png
    ────────────────────────────────────────────────────────────────────────────────────────────────

    attachment #2: video (video/webm) ──────────────────────────────────────────────────────────────
    e2e\results\edge-cases-data-persistenc-c8c73-ts-after-logout-login-cycle-chromium\video.webm
    ────────────────────────────────────────────────────────────────────────────────────────────────

    Error Context: e2e\results\edge-cases-data-persistenc-c8c73-ts-after-logout-login-cycle-chromium\error-context.md

  5) [chromium] › e2e\tests\edge-cases\error-recovery.spec.ts:20:7 › Error Recovery › form state after accidental navigation away 

    Error: page.goto: net::ERR_CONNECTION_REFUSED at http://localhost:3000/login
    Call log:
      - navigating to "http://localhost:3000/login", waiting until "load"


       at ..\pages\LoginPage.ts:62

      60 |     const password = process.env.E2E_TEST_PASSWORD || 'Test1234!';
      61 |
    > 62 |     await this.page.goto('/login');
         |                     ^
      63 |     await this.page.waitForLoadState('domcontentloaded');
      64 |
      65 |     // Check if we're already logged in (redirected to dashboard or setup)
        at LoginPage.loginAsTestUser (C:\Repos\htekdev\taller-mecanico\workdir\feat--factura-pdf-upload-v2\e2e\pages\LoginPage.ts:62:21)
        at C:\Repos\htekdev\taller-mecanico\workdir\feat--factura-pdf-upload-v2\e2e\tests\edge-cases\error-recovery.spec.ts:17:21

    attachment #1: screenshot (image/png) ──────────────────────────────────────────────────────────
    e2e\results\edge-cases-error-recovery--35087--accidental-navigation-away-chromium\test-failed-1.png
    ────────────────────────────────────────────────────────────────────────────────────────────────

    attachment #2: video (video/webm) ──────────────────────────────────────────────────────────────
    e2e\results\edge-cases-error-recovery--35087--accidental-navigation-away-chromium\video.webm
    ────────────────────────────────────────────────────────────────────────────────────────────────

    Error Context: e2e\results\edge-cases-error-recovery--35087--accidental-navigation-away-chromium\error-context.md

  6) [chromium] › e2e\tests\edge-cases\error-recovery.spec.ts:50:7 › Error Recovery › browser refresh during module use — no crash 

    Error: page.goto: net::ERR_CONNECTION_REFUSED at http://localhost:3000/login
    Call log:
      - navigating to "http://localhost:3000/login", waiting until "load"


       at ..\pages\LoginPage.ts:62

      60 |     const password = process.env.E2E_TEST_PASSWORD || 'Test1234!';
      61 |
    > 62 |     await this.page.goto('/login');
         |                     ^
      63 |     await this.page.waitForLoadState('domcontentloaded');
      64 |
      65 |     // Check if we're already logged in (redirected to dashboard or setup)
        at LoginPage.loginAsTestUser (C:\Repos\htekdev\taller-mecanico\workdir\feat--factura-pdf-upload-v2\e2e\pages\LoginPage.ts:62:21)
        at C:\Repos\htekdev\taller-mecanico\workdir\feat--factura-pdf-upload-v2\e2e\tests\edge-cases\error-recovery.spec.ts:17:21

    attachment #1: screenshot (image/png) ──────────────────────────────────────────────────────────
    e2e\results\edge-cases-error-recovery--7f036-uring-module-use-—-no-crash-chromium\test-failed-1.png
    ────────────────────────────────────────────────────────────────────────────────────────────────

    attachment #2: video (video/webm) ──────────────────────────────────────────────────────────────
    e2e\results\edge-cases-error-recovery--7f036-uring-module-use-—-no-crash-chromium\video.webm
    ────────────────────────────────────────────────────────────────────────────────────────────────

    Error Context: e2e\results\edge-cases-error-recovery--7f036-uring-module-use-—-no-crash-chromium\error-context.md

  7) [chromium] › e2e\tests\edge-cases\error-recovery.spec.ts:92:7 › Error Recovery › failed API call shows user-friendly error 

    Error: page.goto: net::ERR_CONNECTION_REFUSED at http://localhost:3000/login
    Call log:
      - navigating to "http://localhost:3000/login", waiting until "load"


       at ..\pages\LoginPage.ts:62

      60 |     const password = process.env.E2E_TEST_PASSWORD || 'Test1234!';
      61 |
    > 62 |     await this.page.goto('/login');
         |                     ^
      63 |     await this.page.waitForLoadState('domcontentloaded');
      64 |
      65 |     // Check if we're already logged in (redirected to dashboard or setup)
        at LoginPage.loginAsTestUser (C:\Repos\htekdev\taller-mecanico\workdir\feat--factura-pdf-upload-v2\e2e\pages\LoginPage.ts:62:21)
        at C:\Repos\htekdev\taller-mecanico\workdir\feat--factura-pdf-upload-v2\e2e\tests\edge-cases\error-recovery.spec.ts:17:21

    attachment #1: screenshot (image/png) ──────────────────────────────────────────────────────────
    e2e\results\edge-cases-error-recovery--b9eda-l-shows-user-friendly-error-chromium\test-failed-1.png
    ────────────────────────────────────────────────────────────────────────────────────────────────

    attachment #2: video (video/webm) ──────────────────────────────────────────────────────────────
    e2e\results\edge-cases-error-recovery--b9eda-l-shows-user-friendly-error-chromium\video.webm
    ────────────────────────────────────────────────────────────────────────────────────────────────

    Error Context: e2e\results\edge-cases-error-recovery--b9eda-l-shows-user-friendly-error-chromium\error-context.md

  8) [chromium] › e2e\tests\edge-cases\error-recovery.spec.ts:128:7 › Error Recovery › multiple rapid saves do not corrupt state 

    Error: page.goto: net::ERR_CONNECTION_REFUSED at http://localhost:3000/login
    Call log:
      - navigating to "http://localhost:3000/login", waiting until "load"


       at ..\pages\LoginPage.ts:62

      60 |     const password = process.env.E2E_TEST_PASSWORD || 'Test1234!';
      61 |
    > 62 |     await this.page.goto('/login');
         |                     ^
      63 |     await this.page.waitForLoadState('domcontentloaded');
      64 |
      65 |     // Check if we're already logged in (redirected to dashboard or setup)
        at LoginPage.loginAsTestUser (C:\Repos\htekdev\taller-mecanico\workdir\feat--factura-pdf-upload-v2\e2e\pages\LoginPage.ts:62:21)
        at C:\Repos\htekdev\taller-mecanico\workdir\feat--factura-pdf-upload-v2\e2e\tests\edge-cases\error-recovery.spec.ts:17:21

    attachment #1: screenshot (image/png) ──────────────────────────────────────────────────────────
    e2e\results\edge-cases-error-recovery--fda6f--saves-do-not-corrupt-state-chromium\test-failed-1.png
    ────────────────────────────────────────────────────────────────────────────────────────────────

    attachment #2: video (video/webm) ──────────────────────────────────────────────────────────────
    e2e\results\edge-cases-error-recovery--fda6f--saves-do-not-corrupt-state-chromium\video.webm
    ────────────────────────────────────────────────────────────────────────────────────────────────

    Error Context: e2e\results\edge-cases-error-recovery--fda6f--saves-do-not-corrupt-state-chromium\error-context.md

  9) [chromium] › e2e\tests\edge-cases\responsive-mobile.spec.ts:20:7 › Responsive & Mobile › navigation works at mobile viewport (375px) 

    Error: page.goto: net::ERR_CONNECTION_REFUSED at http://localhost:3000/login
    Call log:
      - navigating to "http://localhost:3000/login", waiting until "load"


       at ..\pages\LoginPage.ts:62

      60 |     const password = process.env.E2E_TEST_PASSWORD || 'Test1234!';
      61 |
    > 62 |     await this.page.goto('/login');
         |                     ^
      63 |     await this.page.waitForLoadState('domcontentloaded');
      64 |
      65 |     // Check if we're already logged in (redirected to dashboard or setup)
        at LoginPage.loginAsTestUser (C:\Repos\htekdev\taller-mecanico\workdir\feat--factura-pdf-upload-v2\e2e\pages\LoginPage.ts:62:21)
        at C:\Repos\htekdev\taller-mecanico\workdir\feat--factura-pdf-upload-v2\e2e\tests\edge-cases\responsive-mobile.spec.ts:17:21

    attachment #1: screenshot (image/png) ──────────────────────────────────────────────────────────
    e2e\results\edge-cases-responsive-mobi-004e1-s-at-mobile-viewport-375px--chromium\test-failed-1.png
    ────────────────────────────────────────────────────────────────────────────────────────────────

    attachment #2: video (video/webm) ──────────────────────────────────────────────────────────────
    e2e\results\edge-cases-responsive-mobi-004e1-s-at-mobile-viewport-375px--chromium\video.webm
    ────────────────────────────────────────────────────────────────────────────────────────────────

    Error Context: e2e\results\edge-cases-responsive-mobi-004e1-s-at-mobile-viewport-375px--chromium\error-context.md

  10) [chromium] › e2e\tests\edge-cases\responsive-mobile.spec.ts:44:7 › Responsive & Mobile › forms usable at tablet viewport (768px) 

    Error: page.goto: net::ERR_CONNECTION_REFUSED at http://localhost:3000/login
    Call log:
      - navigating to "http://localhost:3000/login", waiting until "load"


       at ..\pages\LoginPage.ts:62

      60 |     const password = process.env.E2E_TEST_PASSWORD || 'Test1234!';
      61 |
    > 62 |     await this.page.goto('/login');
         |                     ^
      63 |     await this.page.waitForLoadState('domcontentloaded');
      64 |
      65 |     // Check if we're already logged in (redirected to dashboard or setup)
        at LoginPage.loginAsTestUser (C:\Repos\htekdev\taller-mecanico\workdir\feat--factura-pdf-upload-v2\e2e\pages\LoginPage.ts:62:21)
        at C:\Repos\htekdev\taller-mecanico\workdir\feat--factura-pdf-upload-v2\e2e\tests\edge-cases\responsive-mobile.spec.ts:17:21

    attachment #1: screenshot (image/png) ──────────────────────────────────────────────────────────
    e2e\results\edge-cases-responsive-mobi-aef0f-e-at-tablet-viewport-768px--chromium\test-failed-1.png
    ────────────────────────────────────────────────────────────────────────────────────────────────

    attachment #2: video (video/webm) ──────────────────────────────────────────────────────────────
    e2e\results\edge-cases-responsive-mobi-aef0f-e-at-tablet-viewport-768px--chromium\video.webm
    ────────────────────────────────────────────────────────────────────────────────────────────────

    Error Context: e2e\results\edge-cases-responsive-mobi-aef0f-e-at-tablet-viewport-768px--chromium\error-context.md

  11) [chromium] › e2e\tests\edge-cases\responsive-mobile.spec.ts:65:7 › Responsive & Mobile › no horizontal overflow at any viewport 

    Error: page.goto: net::ERR_CONNECTION_REFUSED at http://localhost:3000/login
    Call log:
      - navigating to "http://localhost:3000/login", waiting until "load"


       at ..\pages\LoginPage.ts:62

      60 |     const password = process.env.E2E_TEST_PASSWORD || 'Test1234!';
      61 |
    > 62 |     await this.page.goto('/login');
         |                     ^
      63 |     await this.page.waitForLoadState('domcontentloaded');
      64 |
      65 |     // Check if we're already logged in (redirected to dashboard or setup)
        at LoginPage.loginAsTestUser (C:\Repos\htekdev\taller-mecanico\workdir\feat--factura-pdf-upload-v2\e2e\pages\LoginPage.ts:62:21)
        at C:\Repos\htekdev\taller-mecanico\workdir\feat--factura-pdf-upload-v2\e2e\tests\edge-cases\responsive-mobile.spec.ts:17:21

    attachment #1: screenshot (image/png) ──────────────────────────────────────────────────────────
    e2e\results\edge-cases-responsive-mobi-50fb7-al-overflow-at-any-viewport-chromium\test-failed-1.png
    ────────────────────────────────────────────────────────────────────────────────────────────────

    attachment #2: video (video/webm) ──────────────────────────────────────────────────────────────
    e2e\results\edge-cases-responsive-mobi-50fb7-al-overflow-at-any-viewport-chromium\video.webm
    ────────────────────────────────────────────────────────────────────────────────────────────────

    Error Context: e2e\results\edge-cases-responsive-mobi-50fb7-al-overflow-at-any-viewport-chromium\error-context.md

  12) [chromium] › e2e\tests\edge-cases\sofia-regressions.spec.ts:26:7 › Sofia Regression Tests › REGRESSION: vehicle compatibility can be set on parts 

    Error: page.goto: net::ERR_CONNECTION_REFUSED at http://localhost:3000/login
    Call log:
      - navigating to "http://localhost:3000/login", waiting until "load"


       at ..\pages\LoginPage.ts:62

      60 |     const password = process.env.E2E_TEST_PASSWORD || 'Test1234!';
      61 |
    > 62 |     await this.page.goto('/login');
         |                     ^
      63 |     await this.page.waitForLoadState('domcontentloaded');
      64 |
      65 |     // Check if we're already logged in (redirected to dashboard or setup)
        at LoginPage.loginAsTestUser (C:\Repos\htekdev\taller-mecanico\workdir\feat--factura-pdf-upload-v2\e2e\pages\LoginPage.ts:62:21)
        at C:\Repos\htekdev\taller-mecanico\workdir\feat--factura-pdf-upload-v2\e2e\tests\edge-cases\sofia-regressions.spec.ts:23:21

    attachment #1: screenshot (image/png) ──────────────────────────────────────────────────────────
    e2e\results\edge-cases-sofia-regressio-d91d7-ibility-can-be-set-on-parts-chromium\test-failed-1.png
    ────────────────────────────────────────────────────────────────────────────────────────────────

    attachment #2: video (video/webm) ──────────────────────────────────────────────────────────────
    e2e\results\edge-cases-sofia-regressio-d91d7-ibility-can-be-set-on-parts-chromium\video.webm
    ────────────────────────────────────────────────────────────────────────────────────────────────

    Error Context: e2e\results\edge-cases-sofia-regressio-d91d7-ibility-can-be-set-on-parts-chromium\error-context.md

  13) [chromium] › e2e\tests\edge-cases\sofia-regressions.spec.ts:56:7 › Sofia Regression Tests › REGRESSION: jobs can be created without parts (labor only) 

    Error: page.goto: net::ERR_CONNECTION_REFUSED at http://localhost:3000/login
    Call log:
      - navigating to "http://localhost:3000/login", waiting until "load"


       at ..\pages\LoginPage.ts:62

      60 |     const password = process.env.E2E_TEST_PASSWORD || 'Test1234!';
      61 |
    > 62 |     await this.page.goto('/login');
         |                     ^
      63 |     await this.page.waitForLoadState('domcontentloaded');
      64 |
      65 |     // Check if we're already logged in (redirected to dashboard or setup)
        at LoginPage.loginAsTestUser (C:\Repos\htekdev\taller-mecanico\workdir\feat--factura-pdf-upload-v2\e2e\pages\LoginPage.ts:62:21)
        at C:\Repos\htekdev\taller-mecanico\workdir\feat--factura-pdf-upload-v2\e2e\tests\edge-cases\sofia-regressions.spec.ts:23:21

    attachment #1: screenshot (image/png) ──────────────────────────────────────────────────────────
    e2e\results\edge-cases-sofia-regressio-11f48-d-without-parts-labor-only--chromium\test-failed-1.png
    ────────────────────────────────────────────────────────────────────────────────────────────────

    attachment #2: video (video/webm) ──────────────────────────────────────────────────────────────
    e2e\results\edge-cases-sofia-regressio-11f48-d-without-parts-labor-only--chromium\video.webm
    ────────────────────────────────────────────────────────────────────────────────────────────────

    Error Context: e2e\results\edge-cases-sofia-regressio-11f48-d-without-parts-labor-only--chromium\error-context.md

  14) [chromium] › e2e\tests\edge-cases\sofia-regressions.spec.ts:84:7 › Sofia Regression Tests › REGRESSION: supplier visible when adding parts 

    Error: page.goto: net::ERR_CONNECTION_REFUSED at http://localhost:3000/login
    Call log:
      - navigating to "http://localhost:3000/login", waiting until "load"


       at ..\pages\LoginPage.ts:62

      60 |     const password = process.env.E2E_TEST_PASSWORD || 'Test1234!';
      61 |
    > 62 |     await this.page.goto('/login');
         |                     ^
      63 |     await this.page.waitForLoadState('domcontentloaded');
      64 |
      65 |     // Check if we're already logged in (redirected to dashboard or setup)
        at LoginPage.loginAsTestUser (C:\Repos\htekdev\taller-mecanico\workdir\feat--factura-pdf-upload-v2\e2e\pages\LoginPage.ts:62:21)
        at C:\Repos\htekdev\taller-mecanico\workdir\feat--factura-pdf-upload-v2\e2e\tests\edge-cases\sofia-regressions.spec.ts:23:21

    attachment #1: screenshot (image/png) ──────────────────────────────────────────────────────────
    e2e\results\edge-cases-sofia-regressio-0a427-r-visible-when-adding-parts-chromium\test-failed-1.png
    ────────────────────────────────────────────────────────────────────────────────────────────────

    attachment #2: video (video/webm) ──────────────────────────────────────────────────────────────
    e2e\results\edge-cases-sofia-regressio-0a427-r-visible-when-adding-parts-chromium\video.webm
    ────────────────────────────────────────────────────────────────────────────────────────────────

    Error Context: e2e\results\edge-cases-sofia-regressio-0a427-r-visible-when-adding-parts-chromium\error-context.md

  15) [chromium] › e2e\tests\edge-cases\sofia-regressions.spec.ts:109:7 › Sofia Regression Tests › REGRESSION: failed saves dont lose user input 

    Error: page.goto: net::ERR_CONNECTION_REFUSED at http://localhost:3000/login
    Call log:
      - navigating to "http://localhost:3000/login", waiting until "load"


       at ..\pages\LoginPage.ts:62

      60 |     const password = process.env.E2E_TEST_PASSWORD || 'Test1234!';
      61 |
    > 62 |     await this.page.goto('/login');
         |                     ^
      63 |     await this.page.waitForLoadState('domcontentloaded');
      64 |
      65 |     // Check if we're already logged in (redirected to dashboard or setup)
        at LoginPage.loginAsTestUser (C:\Repos\htekdev\taller-mecanico\workdir\feat--factura-pdf-upload-v2\e2e\pages\LoginPage.ts:62:21)
        at C:\Repos\htekdev\taller-mecanico\workdir\feat--factura-pdf-upload-v2\e2e\tests\edge-cases\sofia-regressions.spec.ts:23:21

    attachment #1: screenshot (image/png) ──────────────────────────────────────────────────────────
    e2e\results\edge-cases-sofia-regressio-edc20--saves-dont-lose-user-input-chromium\test-failed-1.png
    ────────────────────────────────────────────────────────────────────────────────────────────────

    attachment #2: video (video/webm) ──────────────────────────────────────────────────────────────
    e2e\results\edge-cases-sofia-regressio-edc20--saves-dont-lose-user-input-chromium\video.webm
    ────────────────────────────────────────────────────────────────────────────────────────────────

    Error Context: e2e\results\edge-cases-sofia-regressio-edc20--saves-dont-lose-user-input-chromium\error-context.md

  16) [chromium] › e2e\tests\edge-cases\sofia-regressions.spec.ts:138:7 › Sofia Regression Tests › REGRESSION: finalizar trabajo shows clear error on missing data 

    Error: page.goto: net::ERR_CONNECTION_REFUSED at http://localhost:3000/login
    Call log:
      - navigating to "http://localhost:3000/login", waiting until "load"


       at ..\pages\LoginPage.ts:62

      60 |     const password = process.env.E2E_TEST_PASSWORD || 'Test1234!';
      61 |
    > 62 |     await this.page.goto('/login');
         |                     ^
      63 |     await this.page.waitForLoadState('domcontentloaded');
      64 |
      65 |     // Check if we're already logged in (redirected to dashboard or setup)
        at LoginPage.loginAsTestUser (C:\Repos\htekdev\taller-mecanico\workdir\feat--factura-pdf-upload-v2\e2e\pages\LoginPage.ts:62:21)
        at C:\Repos\htekdev\taller-mecanico\workdir\feat--factura-pdf-upload-v2\e2e\tests\edge-cases\sofia-regressions.spec.ts:23:21

    attachment #1: screenshot (image/png) ──────────────────────────────────────────────────────────
    e2e\results\edge-cases-sofia-regressio-eb505-clear-error-on-missing-data-chromium\test-failed-1.png
    ────────────────────────────────────────────────────────────────────────────────────────────────

    attachment #2: video (video/webm) ──────────────────────────────────────────────────────────────
    e2e\results\edge-cases-sofia-regressio-eb505-clear-error-on-missing-data-chromium\video.webm
    ────────────────────────────────────────────────────────────────────────────────────────────────

    Error Context: e2e\results\edge-cases-sofia-regressio-eb505-clear-error-on-missing-data-chromium\error-context.md

  17) [chromium] › e2e\tests\edge-cases\sofia-regressions.spec.ts:166:7 › Sofia Regression Tests › REGRESSION: CxC records can be edited 

    Error: page.goto: net::ERR_CONNECTION_REFUSED at http://localhost:3000/login
    Call log:
      - navigating to "http://localhost:3000/login", waiting until "load"


       at ..\pages\LoginPage.ts:62

      60 |     const password = process.env.E2E_TEST_PASSWORD || 'Test1234!';
      61 |
    > 62 |     await this.page.goto('/login');
         |                     ^
      63 |     await this.page.waitForLoadState('domcontentloaded');
      64 |
      65 |     // Check if we're already logged in (redirected to dashboard or setup)
        at LoginPage.loginAsTestUser (C:\Repos\htekdev\taller-mecanico\workdir\feat--factura-pdf-upload-v2\e2e\pages\LoginPage.ts:62:21)
        at C:\Repos\htekdev\taller-mecanico\workdir\feat--factura-pdf-upload-v2\e2e\tests\edge-cases\sofia-regressions.spec.ts:23:21

    attachment #1: screenshot (image/png) ──────────────────────────────────────────────────────────
    e2e\results\edge-cases-sofia-regressio-8e254-N-CxC-records-can-be-edited-chromium\test-failed-1.png
    ────────────────────────────────────────────────────────────────────────────────────────────────

    attachment #2: video (video/webm) ──────────────────────────────────────────────────────────────
    e2e\results\edge-cases-sofia-regressio-8e254-N-CxC-records-can-be-edited-chromium\video.webm
    ────────────────────────────────────────────────────────────────────────────────────────────────

    Error Context: e2e\results\edge-cases-sofia-regressio-8e254-N-CxC-records-can-be-edited-chromium\error-context.md

  18) [chromium] › e2e\tests\edge-cases\sofia-regressions.spec.ts:192:7 › Sofia Regression Tests › REGRESSION: gastos module loads without crash 

    Error: page.goto: net::ERR_CONNECTION_REFUSED at http://localhost:3000/login
    Call log:
      - navigating to "http://localhost:3000/login", waiting until "load"


       at ..\pages\LoginPage.ts:62

      60 |     const password = process.env.E2E_TEST_PASSWORD || 'Test1234!';
      61 |
    > 62 |     await this.page.goto('/login');
         |                     ^
      63 |     await this.page.waitForLoadState('domcontentloaded');
      64 |
      65 |     // Check if we're already logged in (redirected to dashboard or setup)
        at LoginPage.loginAsTestUser (C:\Repos\htekdev\taller-mecanico\workdir\feat--factura-pdf-upload-v2\e2e\pages\LoginPage.ts:62:21)
        at C:\Repos\htekdev\taller-mecanico\workdir\feat--factura-pdf-upload-v2\e2e\tests\edge-cases\sofia-regressions.spec.ts:23:21

    attachment #1: screenshot (image/png) ──────────────────────────────────────────────────────────
    e2e\results\edge-cases-sofia-regressio-7f39c--module-loads-without-crash-chromium\test-failed-1.png
    ────────────────────────────────────────────────────────────────────────────────────────────────

    attachment #2: video (video/webm) ──────────────────────────────────────────────────────────────
    e2e\results\edge-cases-sofia-regressio-7f39c--module-loads-without-crash-chromium\video.webm
    ────────────────────────────────────────────────────────────────────────────────────────────────

    Error Context: e2e\results\edge-cases-sofia-regressio-7f39c--module-loads-without-crash-chromium\error-context.md

  19) [chromium] › e2e\tests\edge-cases\sofia-regressions.spec.ts:207:7 › Sofia Regression Tests › REGRESSION: conditional columns render correctly 

    Error: page.goto: net::ERR_CONNECTION_REFUSED at http://localhost:3000/login
    Call log:
      - navigating to "http://localhost:3000/login", waiting until "load"


       at ..\pages\LoginPage.ts:62

      60 |     const password = process.env.E2E_TEST_PASSWORD || 'Test1234!';
      61 |
    > 62 |     await this.page.goto('/login');
         |                     ^
      63 |     await this.page.waitForLoadState('domcontentloaded');
      64 |
      65 |     // Check if we're already logged in (redirected to dashboard or setup)
        at LoginPage.loginAsTestUser (C:\Repos\htekdev\taller-mecanico\workdir\feat--factura-pdf-upload-v2\e2e\pages\LoginPage.ts:62:21)
        at C:\Repos\htekdev\taller-mecanico\workdir\feat--factura-pdf-upload-v2\e2e\tests\edge-cases\sofia-regressions.spec.ts:23:21

    attachment #1: screenshot (image/png) ──────────────────────────────────────────────────────────
    e2e\results\edge-cases-sofia-regressio-d3bbf-al-columns-render-correctly-chromium\test-failed-1.png
    ────────────────────────────────────────────────────────────────────────────────────────────────

    attachment #2: video (video/webm) ──────────────────────────────────────────────────────────────
    e2e\results\edge-cases-sofia-regressio-d3bbf-al-columns-render-correctly-chromium\video.webm
    ────────────────────────────────────────────────────────────────────────────────────────────────

    Error Context: e2e\results\edge-cases-sofia-regressio-d3bbf-al-columns-render-correctly-chromium\error-context.md

  20) [chromium] › e2e\tests\edge-cases\special-characters.spec.ts:21:7 › Special Characters & Long Text › Spanish accents in client name and part descriptions 

    Error: page.goto: net::ERR_CONNECTION_REFUSED at http://localhost:3000/login
    Call log:
      - navigating to "http://localhost:3000/login", waiting until "load"


       at ..\pages\LoginPage.ts:62

      60 |     const password = process.env.E2E_TEST_PASSWORD || 'Test1234!';
      61 |
    > 62 |     await this.page.goto('/login');
         |                     ^
      63 |     await this.page.waitForLoadState('domcontentloaded');
      64 |
      65 |     // Check if we're already logged in (redirected to dashboard or setup)
        at LoginPage.loginAsTestUser (C:\Repos\htekdev\taller-mecanico\workdir\feat--factura-pdf-upload-v2\e2e\pages\LoginPage.ts:62:21)
        at C:\Repos\htekdev\taller-mecanico\workdir\feat--factura-pdf-upload-v2\e2e\tests\edge-cases\special-characters.spec.ts:18:21

    attachment #1: screenshot (image/png) ──────────────────────────────────────────────────────────
    e2e\results\edge-cases-special-charact-3458d--name-and-part-descriptions-chromium\test-failed-1.png
    ────────────────────────────────────────────────────────────────────────────────────────────────

    attachment #2: video (video/webm) ──────────────────────────────────────────────────────────────
    e2e\results\edge-cases-special-charact-3458d--name-and-part-descriptions-chromium\video.webm
    ────────────────────────────────────────────────────────────────────────────────────────────────

    Error Context: e2e\results\edge-cases-special-charact-3458d--name-and-part-descriptions-chromium\error-context.md

  21) [chromium] › e2e\tests\edge-cases\special-characters.spec.ts:48:7 › Special Characters & Long Text › long description text does not crash UI 

    Error: page.goto: net::ERR_CONNECTION_REFUSED at http://localhost:3000/login
    Call log:
      - navigating to "http://localhost:3000/login", waiting until "load"


       at ..\pages\LoginPage.ts:62

      60 |     const password = process.env.E2E_TEST_PASSWORD || 'Test1234!';
      61 |
    > 62 |     await this.page.goto('/login');
         |                     ^
      63 |     await this.page.waitForLoadState('domcontentloaded');
      64 |
      65 |     // Check if we're already logged in (redirected to dashboard or setup)
        at LoginPage.loginAsTestUser (C:\Repos\htekdev\taller-mecanico\workdir\feat--factura-pdf-upload-v2\e2e\pages\LoginPage.ts:62:21)
        at C:\Repos\htekdev\taller-mecanico\workdir\feat--factura-pdf-upload-v2\e2e\tests\edge-cases\special-characters.spec.ts:18:21

    attachment #1: screenshot (image/png) ──────────────────────────────────────────────────────────
    e2e\results\edge-cases-special-charact-bfbcb-tion-text-does-not-crash-UI-chromium\test-failed-1.png
    ────────────────────────────────────────────────────────────────────────────────────────────────

    attachment #2: video (video/webm) ──────────────────────────────────────────────────────────────
    e2e\results\edge-cases-special-charact-bfbcb-tion-text-does-not-crash-UI-chromium\video.webm
    ────────────────────────────────────────────────────────────────────────────────────────────────

    Error Context: e2e\results\edge-cases-special-charact-bfbcb-tion-text-does-not-crash-UI-chromium\error-context.md

  22) [chromium] › e2e\tests\edge-cases\special-characters.spec.ts:79:7 › Special Characters & Long Text › special characters in expense concepto 

    Error: page.goto: net::ERR_CONNECTION_REFUSED at http://localhost:3000/login
    Call log:
      - navigating to "http://localhost:3000/login", waiting until "load"


       at ..\pages\LoginPage.ts:62

      60 |     const password = process.env.E2E_TEST_PASSWORD || 'Test1234!';
      61 |
    > 62 |     await this.page.goto('/login');
         |                     ^
      63 |     await this.page.waitForLoadState('domcontentloaded');
      64 |
      65 |     // Check if we're already logged in (redirected to dashboard or setup)
        at LoginPage.loginAsTestUser (C:\Repos\htekdev\taller-mecanico\workdir\feat--factura-pdf-upload-v2\e2e\pages\LoginPage.ts:62:21)
        at C:\Repos\htekdev\taller-mecanico\workdir\feat--factura-pdf-upload-v2\e2e\tests\edge-cases\special-characters.spec.ts:18:21

    attachment #1: screenshot (image/png) ──────────────────────────────────────────────────────────
    e2e\results\edge-cases-special-charact-136da-racters-in-expense-concepto-chromium\test-failed-1.png
    ────────────────────────────────────────────────────────────────────────────────────────────────

    attachment #2: video (video/webm) ──────────────────────────────────────────────────────────────
    e2e\results\edge-cases-special-charact-136da-racters-in-expense-concepto-chromium\video.webm
    ────────────────────────────────────────────────────────────────────────────────────────────────

    Error Context: e2e\results\edge-cases-special-charact-136da-racters-in-expense-concepto-chromium\error-context.md

  23) [chromium] › e2e\tests\edge-cases\special-characters.spec.ts:100:7 › Special Characters & Long Text › emoji in descriptions does not break rendering 

    Error: page.goto: net::ERR_CONNECTION_REFUSED at http://localhost:3000/login
    Call log:
      - navigating to "http://localhost:3000/login", waiting until "load"


       at ..\pages\LoginPage.ts:62

      60 |     const password = process.env.E2E_TEST_PASSWORD || 'Test1234!';
      61 |
    > 62 |     await this.page.goto('/login');
         |                     ^
      63 |     await this.page.waitForLoadState('domcontentloaded');
      64 |
      65 |     // Check if we're already logged in (redirected to dashboard or setup)
        at LoginPage.loginAsTestUser (C:\Repos\htekdev\taller-mecanico\workdir\feat--factura-pdf-upload-v2\e2e\pages\LoginPage.ts:62:21)
        at C:\Repos\htekdev\taller-mecanico\workdir\feat--factura-pdf-upload-v2\e2e\tests\edge-cases\special-characters.spec.ts:18:21

    attachment #1: screenshot (image/png) ──────────────────────────────────────────────────────────
    e2e\results\edge-cases-special-charact-329bc-ns-does-not-break-rendering-chromium\test-failed-1.png
    ────────────────────────────────────────────────────────────────────────────────────────────────

    attachment #2: video (video/webm) ──────────────────────────────────────────────────────────────
    e2e\results\edge-cases-special-charact-329bc-ns-does-not-break-rendering-chromium\video.webm
    ────────────────────────────────────────────────────────────────────────────────────────────────

    Error Context: e2e\results\edge-cases-special-charact-329bc-ns-does-not-break-rendering-chromium\error-context.md

  24) [chromium] › e2e\tests\edge-cases\zero-edge-values.spec.ts:22:7 › Zero & Edge Value Handling › inventory part with zero stock displays correctly 

    Error: page.goto: net::ERR_CONNECTION_REFUSED at http://localhost:3000/login
    Call log:
      - navigating to "http://localhost:3000/login", waiting until "load"


       at ..\pages\LoginPage.ts:62

      60 |     const password = process.env.E2E_TEST_PASSWORD || 'Test1234!';
      61 |
    > 62 |     await this.page.goto('/login');
         |                     ^
      63 |     await this.page.waitForLoadState('domcontentloaded');
      64 |
      65 |     // Check if we're already logged in (redirected to dashboard or setup)
        at LoginPage.loginAsTestUser (C:\Repos\htekdev\taller-mecanico\workdir\feat--factura-pdf-upload-v2\e2e\pages\LoginPage.ts:62:21)
        at C:\Repos\htekdev\taller-mecanico\workdir\feat--factura-pdf-upload-v2\e2e\tests\edge-cases\zero-edge-values.spec.ts:19:21

    attachment #1: screenshot (image/png) ──────────────────────────────────────────────────────────
    e2e\results\edge-cases-zero-edge-value-6687c-ro-stock-displays-correctly-chromium\test-failed-1.png
    ────────────────────────────────────────────────────────────────────────────────────────────────

    attachment #2: video (video/webm) ──────────────────────────────────────────────────────────────
    e2e\results\edge-cases-zero-edge-value-6687c-ro-stock-displays-correctly-chromium\video.webm
    ────────────────────────────────────────────────────────────────────────────────────────────────

    Error Context: e2e\results\edge-cases-zero-edge-value-6687c-ro-stock-displays-correctly-chromium\error-context.md

  25) [chromium] › e2e\tests\edge-cases\zero-edge-values.spec.ts:49:7 › Zero & Edge Value Handling › large monetary amounts format correctly 

    Error: page.goto: net::ERR_CONNECTION_REFUSED at http://localhost:3000/login
    Call log:
      - navigating to "http://localhost:3000/login", waiting until "load"


       at ..\pages\LoginPage.ts:62

      60 |     const password = process.env.E2E_TEST_PASSWORD || 'Test1234!';
      61 |
    > 62 |     await this.page.goto('/login');
         |                     ^
      63 |     await this.page.waitForLoadState('domcontentloaded');
      64 |
      65 |     // Check if we're already logged in (redirected to dashboard or setup)
        at LoginPage.loginAsTestUser (C:\Repos\htekdev\taller-mecanico\workdir\feat--factura-pdf-upload-v2\e2e\pages\LoginPage.ts:62:21)
        at C:\Repos\htekdev\taller-mecanico\workdir\feat--factura-pdf-upload-v2\e2e\tests\edge-cases\zero-edge-values.spec.ts:19:21

    attachment #1: screenshot (image/png) ──────────────────────────────────────────────────────────
    e2e\results\edge-cases-zero-edge-value-d81c4-ry-amounts-format-correctly-chromium\test-failed-1.png
    ────────────────────────────────────────────────────────────────────────────────────────────────

    attachment #2: video (video/webm) ──────────────────────────────────────────────────────────────
    e2e\results\edge-cases-zero-edge-value-d81c4-ry-amounts-format-correctly-chromium\video.webm
    ────────────────────────────────────────────────────────────────────────────────────────────────

    Error Context: e2e\results\edge-cases-zero-edge-value-d81c4-ry-amounts-format-correctly-chromium\error-context.md

  26) [chromium] › e2e\tests\edge-cases\zero-edge-values.spec.ts:77:7 › Zero & Edge Value Handling › trabajo with zero labor cost 

    Error: page.goto: net::ERR_CONNECTION_REFUSED at http://localhost:3000/login
    Call log:
      - navigating to "http://localhost:3000/login", waiting until "load"


       at ..\pages\LoginPage.ts:62

      60 |     const password = process.env.E2E_TEST_PASSWORD || 'Test1234!';
      61 |
    > 62 |     await this.page.goto('/login');
         |                     ^
      63 |     await this.page.waitForLoadState('domcontentloaded');
      64 |
      65 |     // Check if we're already logged in (redirected to dashboard or setup)
        at LoginPage.loginAsTestUser (C:\Repos\htekdev\taller-mecanico\workdir\feat--factura-pdf-upload-v2\e2e\pages\LoginPage.ts:62:21)
        at C:\Repos\htekdev\taller-mecanico\workdir\feat--factura-pdf-upload-v2\e2e\tests\edge-cases\zero-edge-values.spec.ts:19:21

    attachment #1: screenshot (image/png) ──────────────────────────────────────────────────────────
    e2e\results\edge-cases-zero-edge-value-775d6-rabajo-with-zero-labor-cost-chromium\test-failed-1.png
    ────────────────────────────────────────────────────────────────────────────────────────────────

    attachment #2: video (video/webm) ──────────────────────────────────────────────────────────────
    e2e\results\edge-cases-zero-edge-value-775d6-rabajo-with-zero-labor-cost-chromium\video.webm
    ────────────────────────────────────────────────────────────────────────────────────────────────

    Error Context: e2e\results\edge-cases-zero-edge-value-775d6-rabajo-with-zero-labor-cost-chromium\error-context.md

  27) [chromium] › e2e\tests\edge-cases\zero-edge-values.spec.ts:110:7 › Zero & Edge Value Handling › decimal precision in monetary displays 

    Error: page.goto: net::ERR_CONNECTION_REFUSED at http://localhost:3000/login
    Call log:
      - navigating to "http://localhost:3000/login", waiting until "load"


       at ..\pages\LoginPage.ts:62

      60 |     const password = process.env.E2E_TEST_PASSWORD || 'Test1234!';
      61 |
    > 62 |     await this.page.goto('/login');
         |                     ^
      63 |     await this.page.waitForLoadState('domcontentloaded');
      64 |
      65 |     // Check if we're already logged in (redirected to dashboard or setup)
        at LoginPage.loginAsTestUser (C:\Repos\htekdev\taller-mecanico\workdir\feat--factura-pdf-upload-v2\e2e\pages\LoginPage.ts:62:21)
        at C:\Repos\htekdev\taller-mecanico\workdir\feat--factura-pdf-upload-v2\e2e\tests\edge-cases\zero-edge-values.spec.ts:19:21

    attachment #1: screenshot (image/png) ──────────────────────────────────────────────────────────
    e2e\results\edge-cases-zero-edge-value-c487d-cision-in-monetary-displays-chromium\test-failed-1.png
    ────────────────────────────────────────────────────────────────────────────────────────────────

    attachment #2: video (video/webm) ──────────────────────────────────────────────────────────────
    e2e\results\edge-cases-zero-edge-value-c487d-cision-in-monetary-displays-chromium\video.webm
    ────────────────────────────────────────────────────────────────────────────────────────────────

    Error Context: e2e\results\edge-cases-zero-edge-value-c487d-cision-in-monetary-displays-chromium\error-context.md

  28) [chromium] › e2e\tests\scenarios\accounts-receivable.spec.ts:24:7 › Accounts Receivable (CxC) › CxC module loads and displays accounts 

    Error: page.goto: net::ERR_CONNECTION_REFUSED at http://localhost:3000/login
    Call log:
      - navigating to "http://localhost:3000/login", waiting until "load"


       at ..\pages\LoginPage.ts:62

      60 |     const password = process.env.E2E_TEST_PASSWORD || 'Test1234!';
      61 |
    > 62 |     await this.page.goto('/login');
         |                     ^
      63 |     await this.page.waitForLoadState('domcontentloaded');
      64 |
      65 |     // Check if we're already logged in (redirected to dashboard or setup)
        at LoginPage.loginAsTestUser (C:\Repos\htekdev\taller-mecanico\workdir\feat--factura-pdf-upload-v2\e2e\pages\LoginPage.ts:62:21)
        at C:\Repos\htekdev\taller-mecanico\workdir\feat--factura-pdf-upload-v2\e2e\tests\scenarios\accounts-receivable.spec.ts:21:21

    attachment #1: screenshot (image/png) ──────────────────────────────────────────────────────────
    e2e\results\scenarios-accounts-receiva-a4716-loads-and-displays-accounts-chromium\test-failed-1.png
    ────────────────────────────────────────────────────────────────────────────────────────────────

    attachment #2: video (video/webm) ──────────────────────────────────────────────────────────────
    e2e\results\scenarios-accounts-receiva-a4716-loads-and-displays-accounts-chromium\video.webm
    ────────────────────────────────────────────────────────────────────────────────────────────────

    Error Context: e2e\results\scenarios-accounts-receiva-a4716-loads-and-displays-accounts-chromium\error-context.md

    Retry #1 ───────────────────────────────────────────────────────────────────────────────────────

    Error: page.goto: net::ERR_CONNECTION_REFUSED at http://localhost:3000/login
    Call log:
      - navigating to "http://localhost:3000/login", waiting until "load"


       at ..\pages\LoginPage.ts:62

      60 |     const password = process.env.E2E_TEST_PASSWORD || 'Test1234!';
      61 |
    > 62 |     await this.page.goto('/login');
         |                     ^
      63 |     await this.page.waitForLoadState('domcontentloaded');
      64 |
      65 |     // Check if we're already logged in (redirected to dashboard or setup)
        at LoginPage.loginAsTestUser (C:\Repos\htekdev\taller-mecanico\workdir\feat--factura-pdf-upload-v2\e2e\pages\LoginPage.ts:62:21)
        at C:\Repos\htekdev\taller-mecanico\workdir\feat--factura-pdf-upload-v2\e2e\tests\scenarios\accounts-receivable.spec.ts:21:21

    attachment #1: screenshot (image/png) ──────────────────────────────────────────────────────────
    e2e\results\scenarios-accounts-receiva-a4716-loads-and-displays-accounts-chromium-retry1\test-failed-1.png
    ────────────────────────────────────────────────────────────────────────────────────────────────

    attachment #2: video (video/webm) ──────────────────────────────────────────────────────────────
    e2e\results\scenarios-accounts-receiva-a4716-loads-and-displays-accounts-chromium-retry1\video.webm
    ────────────────────────────────────────────────────────────────────────────────────────────────

    Error Context: e2e\results\scenarios-accounts-receiva-a4716-loads-and-displays-accounts-chromium-retry1\error-context.md

    attachment #4: trace (application/zip) ─────────────────────────────────────────────────────────
    e2e\results\scenarios-accounts-receiva-a4716-loads-and-displays-accounts-chromium-retry1\trace.zip
    Usage:

        npx playwright show-trace e2e\results\scenarios-accounts-receiva-a4716-loads-and-displays-accounts-chromium-retry1\trace.zip

    ────────────────────────────────────────────────────────────────────────────────────────────────

  29) [chromium] › e2e\tests\scenarios\accounts-receivable.spec.ts:41:7 › Accounts Receivable (CxC) › register partial payment on account 

    Error: page.goto: net::ERR_CONNECTION_REFUSED at http://localhost:3000/login
    Call log:
      - navigating to "http://localhost:3000/login", waiting until "load"


       at ..\pages\LoginPage.ts:62

      60 |     const password = process.env.E2E_TEST_PASSWORD || 'Test1234!';
      61 |
    > 62 |     await this.page.goto('/login');
         |                     ^
      63 |     await this.page.waitForLoadState('domcontentloaded');
      64 |
      65 |     // Check if we're already logged in (redirected to dashboard or setup)
        at LoginPage.loginAsTestUser (C:\Repos\htekdev\taller-mecanico\workdir\feat--factura-pdf-upload-v2\e2e\pages\LoginPage.ts:62:21)
        at C:\Repos\htekdev\taller-mecanico\workdir\feat--factura-pdf-upload-v2\e2e\tests\scenarios\accounts-receivable.spec.ts:21:21

    attachment #1: screenshot (image/png) ──────────────────────────────────────────────────────────
    e2e\results\scenarios-accounts-receiva-e2354--partial-payment-on-account-chromium\test-failed-1.png
    ────────────────────────────────────────────────────────────────────────────────────────────────

    attachment #2: video (video/webm) ──────────────────────────────────────────────────────────────
    e2e\results\scenarios-accounts-receiva-e2354--partial-payment-on-account-chromium\video.webm
    ────────────────────────────────────────────────────────────────────────────────────────────────

    Error Context: e2e\results\scenarios-accounts-receiva-e2354--partial-payment-on-account-chromium\error-context.md

    Retry #1 ───────────────────────────────────────────────────────────────────────────────────────

    Error: page.goto: net::ERR_CONNECTION_REFUSED at http://localhost:3000/login
    Call log:
      - navigating to "http://localhost:3000/login", waiting until "load"


       at ..\pages\LoginPage.ts:62

      60 |     const password = process.env.E2E_TEST_PASSWORD || 'Test1234!';
      61 |
    > 62 |     await this.page.goto('/login');
         |                     ^
      63 |     await this.page.waitForLoadState('domcontentloaded');
      64 |
      65 |     // Check if we're already logged in (redirected to dashboard or setup)
        at LoginPage.loginAsTestUser (C:\Repos\htekdev\taller-mecanico\workdir\feat--factura-pdf-upload-v2\e2e\pages\LoginPage.ts:62:21)
        at C:\Repos\htekdev\taller-mecanico\workdir\feat--factura-pdf-upload-v2\e2e\tests\scenarios\accounts-receivable.spec.ts:21:21

    attachment #1: screenshot (image/png) ──────────────────────────────────────────────────────────
    e2e\results\scenarios-accounts-receiva-e2354--partial-payment-on-account-chromium-retry1\test-failed-1.png
    ────────────────────────────────────────────────────────────────────────────────────────────────

    attachment #2: video (video/webm) ──────────────────────────────────────────────────────────────
    e2e\results\scenarios-accounts-receiva-e2354--partial-payment-on-account-chromium-retry1\video.webm
    ────────────────────────────────────────────────────────────────────────────────────────────────

    Error Context: e2e\results\scenarios-accounts-receiva-e2354--partial-payment-on-account-chromium-retry1\error-context.md

    attachment #4: trace (application/zip) ─────────────────────────────────────────────────────────
    e2e\results\scenarios-accounts-receiva-e2354--partial-payment-on-account-chromium-retry1\trace.zip
    Usage:

        npx playwright show-trace e2e\results\scenarios-accounts-receiva-e2354--partial-payment-on-account-chromium-retry1\trace.zip

    ────────────────────────────────────────────────────────────────────────────────────────────────

  30) [chromium] › e2e\tests\scenarios\accounts-receivable.spec.ts:75:7 › Accounts Receivable (CxC) › filter CxC by payment status 

    Error: page.goto: net::ERR_CONNECTION_REFUSED at http://localhost:3000/login
    Call log:
      - navigating to "http://localhost:3000/login", waiting until "load"


       at ..\pages\LoginPage.ts:62

      60 |     const password = process.env.E2E_TEST_PASSWORD || 'Test1234!';
      61 |
    > 62 |     await this.page.goto('/login');
         |                     ^
      63 |     await this.page.waitForLoadState('domcontentloaded');
      64 |
      65 |     // Check if we're already logged in (redirected to dashboard or setup)
        at LoginPage.loginAsTestUser (C:\Repos\htekdev\taller-mecanico\workdir\feat--factura-pdf-upload-v2\e2e\pages\LoginPage.ts:62:21)
        at C:\Repos\htekdev\taller-mecanico\workdir\feat--factura-pdf-upload-v2\e2e\tests\scenarios\accounts-receivable.spec.ts:21:21

    attachment #1: screenshot (image/png) ──────────────────────────────────────────────────────────
    e2e\results\scenarios-accounts-receiva-fe654-ilter-CxC-by-payment-status-chromium\test-failed-1.png
    ────────────────────────────────────────────────────────────────────────────────────────────────

    attachment #2: video (video/webm) ──────────────────────────────────────────────────────────────
    e2e\results\scenarios-accounts-receiva-fe654-ilter-CxC-by-payment-status-chromium\video.webm
    ────────────────────────────────────────────────────────────────────────────────────────────────

    Error Context: e2e\results\scenarios-accounts-receiva-fe654-ilter-CxC-by-payment-status-chromium\error-context.md

    Retry #1 ───────────────────────────────────────────────────────────────────────────────────────

    Error: page.goto: net::ERR_CONNECTION_REFUSED at http://localhost:3000/login
    Call log:
      - navigating to "http://localhost:3000/login", waiting until "load"


       at ..\pages\LoginPage.ts:62

      60 |     const password = process.env.E2E_TEST_PASSWORD || 'Test1234!';
      61 |
    > 62 |     await this.page.goto('/login');
         |                     ^
      63 |     await this.page.waitForLoadState('domcontentloaded');
      64 |
      65 |     // Check if we're already logged in (redirected to dashboard or setup)
        at LoginPage.loginAsTestUser (C:\Repos\htekdev\taller-mecanico\workdir\feat--factura-pdf-upload-v2\e2e\pages\LoginPage.ts:62:21)
        at C:\Repos\htekdev\taller-mecanico\workdir\feat--factura-pdf-upload-v2\e2e\tests\scenarios\accounts-receivable.spec.ts:21:21

    attachment #1: screenshot (image/png) ──────────────────────────────────────────────────────────
    e2e\results\scenarios-accounts-receiva-fe654-ilter-CxC-by-payment-status-chromium-retry1\test-failed-1.png
    ────────────────────────────────────────────────────────────────────────────────────────────────

    attachment #2: video (video/webm) ──────────────────────────────────────────────────────────────
    e2e\results\scenarios-accounts-receiva-fe654-ilter-CxC-by-payment-status-chromium-retry1\video.webm
    ────────────────────────────────────────────────────────────────────────────────────────────────

    Error Context: e2e\results\scenarios-accounts-receiva-fe654-ilter-CxC-by-payment-status-chromium-retry1\error-context.md

    attachment #4: trace (application/zip) ─────────────────────────────────────────────────────────
    e2e\results\scenarios-accounts-receiva-fe654-ilter-CxC-by-payment-status-chromium-retry1\trace.zip
    Usage:

        npx playwright show-trace e2e\results\scenarios-accounts-receiva-fe654-ilter-CxC-by-payment-status-chromium-retry1\trace.zip

    ────────────────────────────────────────────────────────────────────────────────────────────────

  31) [chromium] › e2e\tests\scenarios\accounts-receivable.spec.ts:100:7 › Accounts Receivable (CxC) › CxC records can be edited 

    Error: page.goto: net::ERR_CONNECTION_REFUSED at http://localhost:3000/login
    Call log:
      - navigating to "http://localhost:3000/login", waiting until "load"


       at ..\pages\LoginPage.ts:62

      60 |     const password = process.env.E2E_TEST_PASSWORD || 'Test1234!';
      61 |
    > 62 |     await this.page.goto('/login');
         |                     ^
      63 |     await this.page.waitForLoadState('domcontentloaded');
      64 |
      65 |     // Check if we're already logged in (redirected to dashboard or setup)
        at LoginPage.loginAsTestUser (C:\Repos\htekdev\taller-mecanico\workdir\feat--factura-pdf-upload-v2\e2e\pages\LoginPage.ts:62:21)
        at C:\Repos\htekdev\taller-mecanico\workdir\feat--factura-pdf-upload-v2\e2e\tests\scenarios\accounts-receivable.spec.ts:21:21

    attachment #1: screenshot (image/png) ──────────────────────────────────────────────────────────
    e2e\results\scenarios-accounts-receiva-e7d36-C-CxC-records-can-be-edited-chromium\test-failed-1.png
    ────────────────────────────────────────────────────────────────────────────────────────────────

    attachment #2: video (video/webm) ──────────────────────────────────────────────────────────────
    e2e\results\scenarios-accounts-receiva-e7d36-C-CxC-records-can-be-edited-chromium\video.webm
    ────────────────────────────────────────────────────────────────────────────────────────────────

    Error Context: e2e\results\scenarios-accounts-receiva-e7d36-C-CxC-records-can-be-edited-chromium\error-context.md

    Retry #1 ───────────────────────────────────────────────────────────────────────────────────────

    Error: page.goto: net::ERR_CONNECTION_REFUSED at http://localhost:3000/login
    Call log:
      - navigating to "http://localhost:3000/login", waiting until "load"


       at ..\pages\LoginPage.ts:62

      60 |     const password = process.env.E2E_TEST_PASSWORD || 'Test1234!';
      61 |
    > 62 |     await this.page.goto('/login');
         |                     ^
      63 |     await this.page.waitForLoadState('domcontentloaded');
      64 |
      65 |     // Check if we're already logged in (redirected to dashboard or setup)
        at LoginPage.loginAsTestUser (C:\Repos\htekdev\taller-mecanico\workdir\feat--factura-pdf-upload-v2\e2e\pages\LoginPage.ts:62:21)
        at C:\Repos\htekdev\taller-mecanico\workdir\feat--factura-pdf-upload-v2\e2e\tests\scenarios\accounts-receivable.spec.ts:21:21

    attachment #1: screenshot (image/png) ──────────────────────────────────────────────────────────
    e2e\results\scenarios-accounts-receiva-e7d36-C-CxC-records-can-be-edited-chromium-retry1\test-failed-1.png
    ────────────────────────────────────────────────────────────────────────────────────────────────

    attachment #2: video (video/webm) ──────────────────────────────────────────────────────────────
    e2e\results\scenarios-accounts-receiva-e7d36-C-CxC-records-can-be-edited-chromium-retry1\video.webm
    ────────────────────────────────────────────────────────────────────────────────────────────────

    Error Context: e2e\results\scenarios-accounts-receiva-e7d36-C-CxC-records-can-be-edited-chromium-retry1\error-context.md

    attachment #4: trace (application/zip) ─────────────────────────────────────────────────────────
    e2e\results\scenarios-accounts-receiva-e7d36-C-CxC-records-can-be-edited-chromium-retry1\trace.zip
    Usage:

        npx playwright show-trace e2e\results\scenarios-accounts-receiva-e7d36-C-CxC-records-can-be-edited-chromium-retry1\trace.zip

    ────────────────────────────────────────────────────────────────────────────────────────────────

  32) [chromium] › e2e\tests\scenarios\bilingual-ui-verification.spec.ts:117:9 › Bilingual UI Verification — All Modules Spanish › Clientes shows Spanish content 

    Error: page.goto: net::ERR_CONNECTION_REFUSED at http://localhost:3000/login
    Call log:
      - navigating to "http://localhost:3000/login", waiting until "load"


       at ..\pages\LoginPage.ts:62

      60 |     const password = process.env.E2E_TEST_PASSWORD || 'Test1234!';
      61 |
    > 62 |     await this.page.goto('/login');
         |                     ^
      63 |     await this.page.waitForLoadState('domcontentloaded');
      64 |
      65 |     // Check if we're already logged in (redirected to dashboard or setup)
        at LoginPage.loginAsTestUser (C:\Repos\htekdev\taller-mecanico\workdir\feat--factura-pdf-upload-v2\e2e\pages\LoginPage.ts:62:21)
        at C:\Repos\htekdev\taller-mecanico\workdir\feat--factura-pdf-upload-v2\e2e\tests\scenarios\bilingual-ui-verification.spec.ts:113:21

    attachment #1: screenshot (image/png) ──────────────────────────────────────────────────────────
    e2e\results\scenarios-bilingual-ui-ver-70897-entes-shows-Spanish-content-chromium\test-failed-1.png
    ────────────────────────────────────────────────────────────────────────────────────────────────

    attachment #2: video (video/webm) ──────────────────────────────────────────────────────────────
    e2e\results\scenarios-bilingual-ui-ver-70897-entes-shows-Spanish-content-chromium\video.webm
    ────────────────────────────────────────────────────────────────────────────────────────────────

    Error Context: e2e\results\scenarios-bilingual-ui-ver-70897-entes-shows-Spanish-content-chromium\error-context.md

  33) [chromium] › e2e\tests\scenarios\bilingual-ui-verification.spec.ts:117:9 › Bilingual UI Verification — All Modules Spanish › Inventario shows Spanish content 

    Error: page.goto: net::ERR_CONNECTION_REFUSED at http://localhost:3000/login
    Call log:
      - navigating to "http://localhost:3000/login", waiting until "load"


       at ..\pages\LoginPage.ts:62

      60 |     const password = process.env.E2E_TEST_PASSWORD || 'Test1234!';
      61 |
    > 62 |     await this.page.goto('/login');
         |                     ^
      63 |     await this.page.waitForLoadState('domcontentloaded');
      64 |
      65 |     // Check if we're already logged in (redirected to dashboard or setup)
        at LoginPage.loginAsTestUser (C:\Repos\htekdev\taller-mecanico\workdir\feat--factura-pdf-upload-v2\e2e\pages\LoginPage.ts:62:21)
        at C:\Repos\htekdev\taller-mecanico\workdir\feat--factura-pdf-upload-v2\e2e\tests\scenarios\bilingual-ui-verification.spec.ts:113:21

    attachment #1: screenshot (image/png) ──────────────────────────────────────────────────────────
    e2e\results\scenarios-bilingual-ui-ver-e1e52-tario-shows-Spanish-content-chromium\test-failed-1.png
    ────────────────────────────────────────────────────────────────────────────────────────────────

    attachment #2: video (video/webm) ──────────────────────────────────────────────────────────────
    e2e\results\scenarios-bilingual-ui-ver-e1e52-tario-shows-Spanish-content-chromium\video.webm
    ────────────────────────────────────────────────────────────────────────────────────────────────

    Error Context: e2e\results\scenarios-bilingual-ui-ver-e1e52-tario-shows-Spanish-content-chromium\error-context.md

  34) [chromium] › e2e\tests\scenarios\bilingual-ui-verification.spec.ts:117:9 › Bilingual UI Verification — All Modules Spanish › Trabajos shows Spanish content 

    Error: page.goto: net::ERR_CONNECTION_REFUSED at http://localhost:3000/login
    Call log:
      - navigating to "http://localhost:3000/login", waiting until "load"


       at ..\pages\LoginPage.ts:62

      60 |     const password = process.env.E2E_TEST_PASSWORD || 'Test1234!';
      61 |
    > 62 |     await this.page.goto('/login');
         |                     ^
      63 |     await this.page.waitForLoadState('domcontentloaded');
      64 |
      65 |     // Check if we're already logged in (redirected to dashboard or setup)
        at LoginPage.loginAsTestUser (C:\Repos\htekdev\taller-mecanico\workdir\feat--factura-pdf-upload-v2\e2e\pages\LoginPage.ts:62:21)
        at C:\Repos\htekdev\taller-mecanico\workdir\feat--factura-pdf-upload-v2\e2e\tests\scenarios\bilingual-ui-verification.spec.ts:113:21

    attachment #1: screenshot (image/png) ──────────────────────────────────────────────────────────
    e2e\results\scenarios-bilingual-ui-ver-e48c9-bajos-shows-Spanish-content-chromium\test-failed-1.png
    ────────────────────────────────────────────────────────────────────────────────────────────────

    attachment #2: video (video/webm) ──────────────────────────────────────────────────────────────
    e2e\results\scenarios-bilingual-ui-ver-e48c9-bajos-shows-Spanish-content-chromium\video.webm
    ────────────────────────────────────────────────────────────────────────────────────────────────

    Error Context: e2e\results\scenarios-bilingual-ui-ver-e48c9-bajos-shows-Spanish-content-chromium\error-context.md

  35) [chromium] › e2e\tests\scenarios\bilingual-ui-verification.spec.ts:117:9 › Bilingual UI Verification — All Modules Spanish › Proveedores shows Spanish content 

    Error: page.goto: net::ERR_CONNECTION_REFUSED at http://localhost:3000/login
    Call log:
      - navigating to "http://localhost:3000/login", waiting until "load"


       at ..\pages\LoginPage.ts:62

      60 |     const password = process.env.E2E_TEST_PASSWORD || 'Test1234!';
      61 |
    > 62 |     await this.page.goto('/login');
         |                     ^
      63 |     await this.page.waitForLoadState('domcontentloaded');
      64 |
      65 |     // Check if we're already logged in (redirected to dashboard or setup)
        at LoginPage.loginAsTestUser (C:\Repos\htekdev\taller-mecanico\workdir\feat--factura-pdf-upload-v2\e2e\pages\LoginPage.ts:62:21)
        at C:\Repos\htekdev\taller-mecanico\workdir\feat--factura-pdf-upload-v2\e2e\tests\scenarios\bilingual-ui-verification.spec.ts:113:21

    attachment #1: screenshot (image/png) ──────────────────────────────────────────────────────────
    e2e\results\scenarios-bilingual-ui-ver-0d5f2-dores-shows-Spanish-content-chromium\test-failed-1.png
    ────────────────────────────────────────────────────────────────────────────────────────────────

    attachment #2: video (video/webm) ──────────────────────────────────────────────────────────────
    e2e\results\scenarios-bilingual-ui-ver-0d5f2-dores-shows-Spanish-content-chromium\video.webm
    ────────────────────────────────────────────────────────────────────────────────────────────────

    Error Context: e2e\results\scenarios-bilingual-ui-ver-0d5f2-dores-shows-Spanish-content-chromium\error-context.md

  36) [chromium] › e2e\tests\scenarios\bilingual-ui-verification.spec.ts:117:9 › Bilingual UI Verification — All Modules Spanish › Órdenes shows Spanish content 

    Error: page.goto: net::ERR_CONNECTION_REFUSED at http://localhost:3000/login
    Call log:
      - navigating to "http://localhost:3000/login", waiting until "load"


       at ..\pages\LoginPage.ts:62

      60 |     const password = process.env.E2E_TEST_PASSWORD || 'Test1234!';
      61 |
    > 62 |     await this.page.goto('/login');
         |                     ^
      63 |     await this.page.waitForLoadState('domcontentloaded');
      64 |
      65 |     // Check if we're already logged in (redirected to dashboard or setup)
        at LoginPage.loginAsTestUser (C:\Repos\htekdev\taller-mecanico\workdir\feat--factura-pdf-upload-v2\e2e\pages\LoginPage.ts:62:21)
        at C:\Repos\htekdev\taller-mecanico\workdir\feat--factura-pdf-upload-v2\e2e\tests\scenarios\bilingual-ui-verification.spec.ts:113:21

    attachment #1: screenshot (image/png) ──────────────────────────────────────────────────────────
    e2e\results\scenarios-bilingual-ui-ver-8a1ae-denes-shows-Spanish-content-chromium\test-failed-1.png
    ────────────────────────────────────────────────────────────────────────────────────────────────

    attachment #2: video (video/webm) ──────────────────────────────────────────────────────────────
    e2e\results\scenarios-bilingual-ui-ver-8a1ae-denes-shows-Spanish-content-chromium\video.webm
    ────────────────────────────────────────────────────────────────────────────────────────────────

    Error Context: e2e\results\scenarios-bilingual-ui-ver-8a1ae-denes-shows-Spanish-content-chromium\error-context.md

  37) [chromium] › e2e\tests\scenarios\bilingual-ui-verification.spec.ts:117:9 › Bilingual UI Verification — All Modules Spanish › Facturas shows Spanish content 

    Error: page.goto: net::ERR_CONNECTION_REFUSED at http://localhost:3000/login
    Call log:
      - navigating to "http://localhost:3000/login", waiting until "load"


       at ..\pages\LoginPage.ts:62

      60 |     const password = process.env.E2E_TEST_PASSWORD || 'Test1234!';
      61 |
    > 62 |     await this.page.goto('/login');
         |                     ^
      63 |     await this.page.waitForLoadState('domcontentloaded');
      64 |
      65 |     // Check if we're already logged in (redirected to dashboard or setup)
        at LoginPage.loginAsTestUser (C:\Repos\htekdev\taller-mecanico\workdir\feat--factura-pdf-upload-v2\e2e\pages\LoginPage.ts:62:21)
        at C:\Repos\htekdev\taller-mecanico\workdir\feat--factura-pdf-upload-v2\e2e\tests\scenarios\bilingual-ui-verification.spec.ts:113:21

    attachment #1: screenshot (image/png) ──────────────────────────────────────────────────────────
    e2e\results\scenarios-bilingual-ui-ver-e68a0-turas-shows-Spanish-content-chromium\test-failed-1.png
    ────────────────────────────────────────────────────────────────────────────────────────────────

    attachment #2: video (video/webm) ──────────────────────────────────────────────────────────────
    e2e\results\scenarios-bilingual-ui-ver-e68a0-turas-shows-Spanish-content-chromium\video.webm
    ────────────────────────────────────────────────────────────────────────────────────────────────

    Error Context: e2e\results\scenarios-bilingual-ui-ver-e68a0-turas-shows-Spanish-content-chromium\error-context.md

  38) [chromium] › e2e\tests\scenarios\bilingual-ui-verification.spec.ts:117:9 › Bilingual UI Verification — All Modules Spanish › Cuentas shows Spanish content 

    Error: page.goto: net::ERR_CONNECTION_REFUSED at http://localhost:3000/login
    Call log:
      - navigating to "http://localhost:3000/login", waiting until "load"


       at ..\pages\LoginPage.ts:62

      60 |     const password = process.env.E2E_TEST_PASSWORD || 'Test1234!';
      61 |
    > 62 |     await this.page.goto('/login');
         |                     ^
      63 |     await this.page.waitForLoadState('domcontentloaded');
      64 |
      65 |     // Check if we're already logged in (redirected to dashboard or setup)
        at LoginPage.loginAsTestUser (C:\Repos\htekdev\taller-mecanico\workdir\feat--factura-pdf-upload-v2\e2e\pages\LoginPage.ts:62:21)
        at C:\Repos\htekdev\taller-mecanico\workdir\feat--factura-pdf-upload-v2\e2e\tests\scenarios\bilingual-ui-verification.spec.ts:113:21

    attachment #1: screenshot (image/png) ──────────────────────────────────────────────────────────
    e2e\results\scenarios-bilingual-ui-ver-c6b68-entas-shows-Spanish-content-chromium\test-failed-1.png
    ────────────────────────────────────────────────────────────────────────────────────────────────

    attachment #2: video (video/webm) ──────────────────────────────────────────────────────────────
    e2e\results\scenarios-bilingual-ui-ver-c6b68-entas-shows-Spanish-content-chromium\video.webm
    ────────────────────────────────────────────────────────────────────────────────────────────────

    Error Context: e2e\results\scenarios-bilingual-ui-ver-c6b68-entas-shows-Spanish-content-chromium\error-context.md

  39) [chromium] › e2e\tests\scenarios\bilingual-ui-verification.spec.ts:117:9 › Bilingual UI Verification — All Modules Spanish › Pagos shows Spanish content 

    Error: page.goto: net::ERR_CONNECTION_REFUSED at http://localhost:3000/login
    Call log:
      - navigating to "http://localhost:3000/login", waiting until "load"


       at ..\pages\LoginPage.ts:62

      60 |     const password = process.env.E2E_TEST_PASSWORD || 'Test1234!';
      61 |
    > 62 |     await this.page.goto('/login');
         |                     ^
      63 |     await this.page.waitForLoadState('domcontentloaded');
      64 |
      65 |     // Check if we're already logged in (redirected to dashboard or setup)
        at LoginPage.loginAsTestUser (C:\Repos\htekdev\taller-mecanico\workdir\feat--factura-pdf-upload-v2\e2e\pages\LoginPage.ts:62:21)
        at C:\Repos\htekdev\taller-mecanico\workdir\feat--factura-pdf-upload-v2\e2e\tests\scenarios\bilingual-ui-verification.spec.ts:113:21

    attachment #1: screenshot (image/png) ──────────────────────────────────────────────────────────
    e2e\results\scenarios-bilingual-ui-ver-d3706-Pagos-shows-Spanish-content-chromium\test-failed-1.png
    ────────────────────────────────────────────────────────────────────────────────────────────────

    attachment #2: video (video/webm) ──────────────────────────────────────────────────────────────
    e2e\results\scenarios-bilingual-ui-ver-d3706-Pagos-shows-Spanish-content-chromium\video.webm
    ────────────────────────────────────────────────────────────────────────────────────────────────

    Error Context: e2e\results\scenarios-bilingual-ui-ver-d3706-Pagos-shows-Spanish-content-chromium\error-context.md

  40) [chromium] › e2e\tests\scenarios\bilingual-ui-verification.spec.ts:117:9 › Bilingual UI Verification — All Modules Spanish › Resumen shows Spanish content 

    Error: page.goto: net::ERR_CONNECTION_REFUSED at http://localhost:3000/login
    Call log:
      - navigating to "http://localhost:3000/login", waiting until "load"


       at ..\pages\LoginPage.ts:62

      60 |     const password = process.env.E2E_TEST_PASSWORD || 'Test1234!';
      61 |
    > 62 |     await this.page.goto('/login');
         |                     ^
      63 |     await this.page.waitForLoadState('domcontentloaded');
      64 |
      65 |     // Check if we're already logged in (redirected to dashboard or setup)
        at LoginPage.loginAsTestUser (C:\Repos\htekdev\taller-mecanico\workdir\feat--factura-pdf-upload-v2\e2e\pages\LoginPage.ts:62:21)
        at C:\Repos\htekdev\taller-mecanico\workdir\feat--factura-pdf-upload-v2\e2e\tests\scenarios\bilingual-ui-verification.spec.ts:113:21

    attachment #1: screenshot (image/png) ──────────────────────────────────────────────────────────
    e2e\results\scenarios-bilingual-ui-ver-677e2-sumen-shows-Spanish-content-chromium\test-failed-1.png
    ────────────────────────────────────────────────────────────────────────────────────────────────

    attachment #2: video (video/webm) ──────────────────────────────────────────────────────────────
    e2e\results\scenarios-bilingual-ui-ver-677e2-sumen-shows-Spanish-content-chromium\video.webm
    ────────────────────────────────────────────────────────────────────────────────────────────────

    Error Context: e2e\results\scenarios-bilingual-ui-ver-677e2-sumen-shows-Spanish-content-chromium\error-context.md

  41) [chromium] › e2e\tests\scenarios\bilingual-ui-verification.spec.ts:117:9 › Bilingual UI Verification — All Modules Spanish › Gastos shows Spanish content 

    Error: page.goto: net::ERR_CONNECTION_REFUSED at http://localhost:3000/login
    Call log:
      - navigating to "http://localhost:3000/login", waiting until "load"


       at ..\pages\LoginPage.ts:62

      60 |     const password = process.env.E2E_TEST_PASSWORD || 'Test1234!';
      61 |
    > 62 |     await this.page.goto('/login');
         |                     ^
      63 |     await this.page.waitForLoadState('domcontentloaded');
      64 |
      65 |     // Check if we're already logged in (redirected to dashboard or setup)
        at LoginPage.loginAsTestUser (C:\Repos\htekdev\taller-mecanico\workdir\feat--factura-pdf-upload-v2\e2e\pages\LoginPage.ts:62:21)
        at C:\Repos\htekdev\taller-mecanico\workdir\feat--factura-pdf-upload-v2\e2e\tests\scenarios\bilingual-ui-verification.spec.ts:113:21

    attachment #1: screenshot (image/png) ──────────────────────────────────────────────────────────
    e2e\results\scenarios-bilingual-ui-ver-644d8-astos-shows-Spanish-content-chromium\test-failed-1.png
    ────────────────────────────────────────────────────────────────────────────────────────────────

    attachment #2: video (video/webm) ──────────────────────────────────────────────────────────────
    e2e\results\scenarios-bilingual-ui-ver-644d8-astos-shows-Spanish-content-chromium\video.webm
    ────────────────────────────────────────────────────────────────────────────────────────────────

    Error Context: e2e\results\scenarios-bilingual-ui-ver-644d8-astos-shows-Spanish-content-chromium\error-context.md

  42) [chromium] › e2e\tests\scenarios\bilingual-ui-verification.spec.ts:117:9 › Bilingual UI Verification — All Modules Spanish › Historial shows Spanish content 

    Error: page.goto: net::ERR_CONNECTION_REFUSED at http://localhost:3000/login
    Call log:
      - navigating to "http://localhost:3000/login", waiting until "load"


       at ..\pages\LoginPage.ts:62

      60 |     const password = process.env.E2E_TEST_PASSWORD || 'Test1234!';
      61 |
    > 62 |     await this.page.goto('/login');
         |                     ^
      63 |     await this.page.waitForLoadState('domcontentloaded');
      64 |
      65 |     // Check if we're already logged in (redirected to dashboard or setup)
        at LoginPage.loginAsTestUser (C:\Repos\htekdev\taller-mecanico\workdir\feat--factura-pdf-upload-v2\e2e\pages\LoginPage.ts:62:21)
        at C:\Repos\htekdev\taller-mecanico\workdir\feat--factura-pdf-upload-v2\e2e\tests\scenarios\bilingual-ui-verification.spec.ts:113:21

    attachment #1: screenshot (image/png) ──────────────────────────────────────────────────────────
    e2e\results\scenarios-bilingual-ui-ver-3a284-orial-shows-Spanish-content-chromium\test-failed-1.png
    ────────────────────────────────────────────────────────────────────────────────────────────────

    attachment #2: video (video/webm) ──────────────────────────────────────────────────────────────
    e2e\results\scenarios-bilingual-ui-ver-3a284-orial-shows-Spanish-content-chromium\video.webm
    ────────────────────────────────────────────────────────────────────────────────────────────────

    Error Context: e2e\results\scenarios-bilingual-ui-ver-3a284-orial-shows-Spanish-content-chromium\error-context.md

  43) [chromium] › e2e\tests\scenarios\bilingual-ui-verification.spec.ts:117:9 › Bilingual UI Verification — All Modules Spanish › Cotizaciones shows Spanish content 

    Error: page.goto: net::ERR_CONNECTION_REFUSED at http://localhost:3000/login
    Call log:
      - navigating to "http://localhost:3000/login", waiting until "load"


       at ..\pages\LoginPage.ts:62

      60 |     const password = process.env.E2E_TEST_PASSWORD || 'Test1234!';
      61 |
    > 62 |     await this.page.goto('/login');
         |                     ^
      63 |     await this.page.waitForLoadState('domcontentloaded');
      64 |
      65 |     // Check if we're already logged in (redirected to dashboard or setup)
        at LoginPage.loginAsTestUser (C:\Repos\htekdev\taller-mecanico\workdir\feat--factura-pdf-upload-v2\e2e\pages\LoginPage.ts:62:21)
        at C:\Repos\htekdev\taller-mecanico\workdir\feat--factura-pdf-upload-v2\e2e\tests\scenarios\bilingual-ui-verification.spec.ts:113:21

    attachment #1: screenshot (image/png) ──────────────────────────────────────────────────────────
    e2e\results\scenarios-bilingual-ui-ver-6d0b4-iones-shows-Spanish-content-chromium\test-failed-1.png
    ────────────────────────────────────────────────────────────────────────────────────────────────

    attachment #2: video (video/webm) ──────────────────────────────────────────────────────────────
    e2e\results\scenarios-bilingual-ui-ver-6d0b4-iones-shows-Spanish-content-chromium\video.webm
    ────────────────────────────────────────────────────────────────────────────────────────────────

    Error Context: e2e\results\scenarios-bilingual-ui-ver-6d0b4-iones-shows-Spanish-content-chromium\error-context.md

  44) [chromium] › e2e\tests\scenarios\bilingual-ui-verification.spec.ts:117:9 › Bilingual UI Verification — All Modules Spanish › Configuración shows Spanish content 

    Error: page.goto: net::ERR_CONNECTION_REFUSED at http://localhost:3000/login
    Call log:
      - navigating to "http://localhost:3000/login", waiting until "load"


       at ..\pages\LoginPage.ts:62

      60 |     const password = process.env.E2E_TEST_PASSWORD || 'Test1234!';
      61 |
    > 62 |     await this.page.goto('/login');
         |                     ^
      63 |     await this.page.waitForLoadState('domcontentloaded');
      64 |
      65 |     // Check if we're already logged in (redirected to dashboard or setup)
        at LoginPage.loginAsTestUser (C:\Repos\htekdev\taller-mecanico\workdir\feat--factura-pdf-upload-v2\e2e\pages\LoginPage.ts:62:21)
        at C:\Repos\htekdev\taller-mecanico\workdir\feat--factura-pdf-upload-v2\e2e\tests\scenarios\bilingual-ui-verification.spec.ts:113:21

    attachment #1: screenshot (image/png) ──────────────────────────────────────────────────────────
    e2e\results\scenarios-bilingual-ui-ver-c1e9a-ación-shows-Spanish-content-chromium\test-failed-1.png
    ────────────────────────────────────────────────────────────────────────────────────────────────

    attachment #2: video (video/webm) ──────────────────────────────────────────────────────────────
    e2e\results\scenarios-bilingual-ui-ver-c1e9a-ación-shows-Spanish-content-chromium\video.webm
    ────────────────────────────────────────────────────────────────────────────────────────────────

    Error Context: e2e\results\scenarios-bilingual-ui-ver-c1e9a-ación-shows-Spanish-content-chromium\error-context.md

  45) [chromium] › e2e\tests\scenarios\bilingual-ui-verification.spec.ts:134:7 › Bilingual UI Verification — All Modules Spanish › navigation tabs render in Spanish — no English labels 

    Error: page.goto: net::ERR_CONNECTION_REFUSED at http://localhost:3000/login
    Call log:
      - navigating to "http://localhost:3000/login", waiting until "load"


       at ..\pages\LoginPage.ts:62

      60 |     const password = process.env.E2E_TEST_PASSWORD || 'Test1234!';
      61 |
    > 62 |     await this.page.goto('/login');
         |                     ^
      63 |     await this.page.waitForLoadState('domcontentloaded');
      64 |
      65 |     // Check if we're already logged in (redirected to dashboard or setup)
        at LoginPage.loginAsTestUser (C:\Repos\htekdev\taller-mecanico\workdir\feat--factura-pdf-upload-v2\e2e\pages\LoginPage.ts:62:21)
        at C:\Repos\htekdev\taller-mecanico\workdir\feat--factura-pdf-upload-v2\e2e\tests\scenarios\bilingual-ui-verification.spec.ts:113:21

    attachment #1: screenshot (image/png) ──────────────────────────────────────────────────────────
    e2e\results\scenarios-bilingual-ui-ver-7c4fc-Spanish-—-no-English-labels-chromium\test-failed-1.png
    ────────────────────────────────────────────────────────────────────────────────────────────────

    attachment #2: video (video/webm) ──────────────────────────────────────────────────────────────
    e2e\results\scenarios-bilingual-ui-ver-7c4fc-Spanish-—-no-English-labels-chromium\video.webm
    ────────────────────────────────────────────────────────────────────────────────────────────────

    Error Context: e2e\results\scenarios-bilingual-ui-ver-7c4fc-Spanish-—-no-English-labels-chromium\error-context.md

  46) [chromium] › e2e\tests\scenarios\bilingual-ui-verification.spec.ts:157:7 › Bilingual UI Verification — All Modules Spanish › no module shows English-only error messages on fresh load 

    Error: page.goto: net::ERR_CONNECTION_REFUSED at http://localhost:3000/login
    Call log:
      - navigating to "http://localhost:3000/login", waiting until "load"


       at ..\pages\LoginPage.ts:62

      60 |     const password = process.env.E2E_TEST_PASSWORD || 'Test1234!';
      61 |
    > 62 |     await this.page.goto('/login');
         |                     ^
      63 |     await this.page.waitForLoadState('domcontentloaded');
      64 |
      65 |     // Check if we're already logged in (redirected to dashboard or setup)
        at LoginPage.loginAsTestUser (C:\Repos\htekdev\taller-mecanico\workdir\feat--factura-pdf-upload-v2\e2e\pages\LoginPage.ts:62:21)
        at C:\Repos\htekdev\taller-mecanico\workdir\feat--factura-pdf-upload-v2\e2e\tests\scenarios\bilingual-ui-verification.spec.ts:113:21

    attachment #1: screenshot (image/png) ──────────────────────────────────────────────────────────
    e2e\results\scenarios-bilingual-ui-ver-20b06-rror-messages-on-fresh-load-chromium\test-failed-1.png
    ────────────────────────────────────────────────────────────────────────────────────────────────

    attachment #2: video (video/webm) ──────────────────────────────────────────────────────────────
    e2e\results\scenarios-bilingual-ui-ver-20b06-rror-messages-on-fresh-load-chromium\video.webm
    ────────────────────────────────────────────────────────────────────────────────────────────────

    Error Context: e2e\results\scenarios-bilingual-ui-ver-20b06-rror-messages-on-fresh-load-chromium\error-context.md

  47) [chromium] › e2e\tests\scenarios\change-proof-caller-silent-failures.spec.ts:19:7 › change-proof: caller silent failure surfacing › ordenes module loads and crear orden section is rendered 

    Error: page.goto: net::ERR_CONNECTION_REFUSED at http://localhost:3000/login
    Call log:
      - navigating to "http://localhost:3000/login", waiting until "load"


       at ..\pages\LoginPage.ts:62

      60 |     const password = process.env.E2E_TEST_PASSWORD || 'Test1234!';
      61 |
    > 62 |     await this.page.goto('/login');
         |                     ^
      63 |     await this.page.waitForLoadState('domcontentloaded');
      64 |
      65 |     // Check if we're already logged in (redirected to dashboard or setup)
        at LoginPage.loginAsTestUser (C:\Repos\htekdev\taller-mecanico\workdir\feat--factura-pdf-upload-v2\e2e\pages\LoginPage.ts:62:21)
        at C:\Repos\htekdev\taller-mecanico\workdir\feat--factura-pdf-upload-v2\e2e\tests\scenarios\change-proof-caller-silent-failures.spec.ts:16:21

    attachment #1: screenshot (image/png) ──────────────────────────────────────────────────────────
    e2e\results\scenarios-change-proof-cal-1a00b-r-orden-section-is-rendered-chromium\test-failed-1.png
    ────────────────────────────────────────────────────────────────────────────────────────────────

    attachment #2: video (video/webm) ──────────────────────────────────────────────────────────────
    e2e\results\scenarios-change-proof-cal-1a00b-r-orden-section-is-rendered-chromium\video.webm
    ────────────────────────────────────────────────────────────────────────────────────────────────

    Error Context: e2e\results\scenarios-change-proof-cal-1a00b-r-orden-section-is-rendered-chromium\error-context.md

  48) [chromium] › e2e\tests\scenarios\change-proof-caller-silent-failures.spec.ts:46:7 › change-proof: caller silent failure surfacing › facturas module loads without errors after PR #152 fix 

    Error: page.goto: net::ERR_CONNECTION_REFUSED at http://localhost:3000/login
    Call log:
      - navigating to "http://localhost:3000/login", waiting until "load"


       at ..\pages\LoginPage.ts:62

      60 |     const password = process.env.E2E_TEST_PASSWORD || 'Test1234!';
      61 |
    > 62 |     await this.page.goto('/login');
         |                     ^
      63 |     await this.page.waitForLoadState('domcontentloaded');
      64 |
      65 |     // Check if we're already logged in (redirected to dashboard or setup)
        at LoginPage.loginAsTestUser (C:\Repos\htekdev\taller-mecanico\workdir\feat--factura-pdf-upload-v2\e2e\pages\LoginPage.ts:62:21)
        at C:\Repos\htekdev\taller-mecanico\workdir\feat--factura-pdf-upload-v2\e2e\tests\scenarios\change-proof-caller-silent-failures.spec.ts:16:21

    attachment #1: screenshot (image/png) ──────────────────────────────────────────────────────────
    e2e\results\scenarios-change-proof-cal-919dd-out-errors-after-PR-152-fix-chromium\test-failed-1.png
    ────────────────────────────────────────────────────────────────────────────────────────────────

    attachment #2: video (video/webm) ──────────────────────────────────────────────────────────────
    e2e\results\scenarios-change-proof-cal-919dd-out-errors-after-PR-152-fix-chromium\video.webm
    ────────────────────────────────────────────────────────────────────────────────────────────────

    Error Context: e2e\results\scenarios-change-proof-cal-919dd-out-errors-after-PR-152-fix-chromium\error-context.md

  49) [chromium] › e2e\tests\scenarios\change-proof-caller-silent-failures.spec.ts:66:7 › change-proof: caller silent failure surfacing › full walk-through: login to ordenes to facturas no crashes 

    Error: page.goto: net::ERR_CONNECTION_REFUSED at http://localhost:3000/login
    Call log:
      - navigating to "http://localhost:3000/login", waiting until "load"


       at ..\pages\LoginPage.ts:62

      60 |     const password = process.env.E2E_TEST_PASSWORD || 'Test1234!';
      61 |
    > 62 |     await this.page.goto('/login');
         |                     ^
      63 |     await this.page.waitForLoadState('domcontentloaded');
      64 |
      65 |     // Check if we're already logged in (redirected to dashboard or setup)
        at LoginPage.loginAsTestUser (C:\Repos\htekdev\taller-mecanico\workdir\feat--factura-pdf-upload-v2\e2e\pages\LoginPage.ts:62:21)
        at C:\Repos\htekdev\taller-mecanico\workdir\feat--factura-pdf-upload-v2\e2e\tests\scenarios\change-proof-caller-silent-failures.spec.ts:16:21

    attachment #1: screenshot (image/png) ──────────────────────────────────────────────────────────
    e2e\results\scenarios-change-proof-cal-6f948-enes-to-facturas-no-crashes-chromium\test-failed-1.png
    ────────────────────────────────────────────────────────────────────────────────────────────────

    attachment #2: video (video/webm) ──────────────────────────────────────────────────────────────
    e2e\results\scenarios-change-proof-cal-6f948-enes-to-facturas-no-crashes-chromium\video.webm
    ────────────────────────────────────────────────────────────────────────────────────────────────

    Error Context: e2e\results\scenarios-change-proof-cal-6f948-enes-to-facturas-no-crashes-chromium\error-context.md

  50) [chromium] › e2e\tests\scenarios\change-proof-clientes-modal-error-handling.spec.ts:19:5 › change-proof: clientes edit modal closes on success (no stuck spinner) 

    Error: page.goto: net::ERR_CONNECTION_REFUSED at http://localhost:3000/login
    Call log:
      - navigating to "http://localhost:3000/login", waiting until "load"


       at ..\pages\LoginPage.ts:62

      60 |     const password = process.env.E2E_TEST_PASSWORD || 'Test1234!';
      61 |
    > 62 |     await this.page.goto('/login');
         |                     ^
      63 |     await this.page.waitForLoadState('domcontentloaded');
      64 |
      65 |     // Check if we're already logged in (redirected to dashboard or setup)
        at LoginPage.loginAsTestUser (C:\Repos\htekdev\taller-mecanico\workdir\feat--factura-pdf-upload-v2\e2e\pages\LoginPage.ts:62:21)
        at C:\Repos\htekdev\taller-mecanico\workdir\feat--factura-pdf-upload-v2\e2e\tests\scenarios\change-proof-clientes-modal-error-handling.spec.ts:22:19

    attachment #1: screenshot (image/png) ──────────────────────────────────────────────────────────
    e2e\results\scenarios-change-proof-cli-ed3f8-n-success-no-stuck-spinner--chromium\test-failed-1.png
    ────────────────────────────────────────────────────────────────────────────────────────────────

    attachment #2: video (video/webm) ──────────────────────────────────────────────────────────────
    e2e\results\scenarios-change-proof-cli-ed3f8-n-success-no-stuck-spinner--chromium\video.webm
    ────────────────────────────────────────────────────────────────────────────────────────────────

    Error Context: e2e\results\scenarios-change-proof-cli-ed3f8-n-success-no-stuck-spinner--chromium\error-context.md

  51) [chromium] › e2e\tests\scenarios\change-proof-cotizaciones-departamentos-sync.spec.ts:25:5 › change-proof-cotizaciones-departamentos-sync 

    Error: page.goto: net::ERR_CONNECTION_REFUSED at http://localhost:3000/login
    Call log:
      - navigating to "http://localhost:3000/login", waiting until "load"


       at ..\pages\LoginPage.ts:62

      60 |     const password = process.env.E2E_TEST_PASSWORD || 'Test1234!';
      61 |
    > 62 |     await this.page.goto('/login');
         |                     ^
      63 |     await this.page.waitForLoadState('domcontentloaded');
      64 |
      65 |     // Check if we're already logged in (redirected to dashboard or setup)
        at LoginPage.loginAsTestUser (C:\Repos\htekdev\taller-mecanico\workdir\feat--factura-pdf-upload-v2\e2e\pages\LoginPage.ts:62:21)
        at C:\Repos\htekdev\taller-mecanico\workdir\feat--factura-pdf-upload-v2\e2e\tests\scenarios\change-proof-cotizaciones-departamentos-sync.spec.ts:34:19

    attachment #1: screenshot (image/png) ──────────────────────────────────────────────────────────
    e2e\results\scenarios-change-proof-cot-c3101-zaciones-departamentos-sync-chromium\test-failed-1.png
    ────────────────────────────────────────────────────────────────────────────────────────────────

    attachment #2: video (video/webm) ──────────────────────────────────────────────────────────────
    e2e\results\scenarios-change-proof-cot-c3101-zaciones-departamentos-sync-chromium\video.webm
    ────────────────────────────────────────────────────────────────────────────────────────────────

    Error Context: e2e\results\scenarios-change-proof-cot-c3101-zaciones-departamentos-sync-chromium\error-context.md

  52) [chromium] › e2e\tests\scenarios\change-proof-factura-pdf-upload.spec.ts:13:5 › change-proof: PDF upload in facturado modal, visible only in Facturas 

    Error: page.goto: net::ERR_CONNECTION_REFUSED at http://localhost:3000/login
    Call log:
      - navigating to "http://localhost:3000/login", waiting until "load"


       at ..\pages\LoginPage.ts:62

      60 |     const password = process.env.E2E_TEST_PASSWORD || 'Test1234!';
      61 |
    > 62 |     await this.page.goto('/login');
         |                     ^
      63 |     await this.page.waitForLoadState('domcontentloaded');
      64 |
      65 |     // Check if we're already logged in (redirected to dashboard or setup)
        at LoginPage.loginAsTestUser (C:\Repos\htekdev\taller-mecanico\workdir\feat--factura-pdf-upload-v2\e2e\pages\LoginPage.ts:62:21)
        at C:\Repos\htekdev\taller-mecanico\workdir\feat--factura-pdf-upload-v2\e2e\tests\scenarios\change-proof-factura-pdf-upload.spec.ts:20:19

    attachment #1: screenshot (image/png) ──────────────────────────────────────────────────────────
    e2e\results\scenarios-change-proof-fac-85291-al-visible-only-in-Facturas-chromium\test-failed-1.png
    ────────────────────────────────────────────────────────────────────────────────────────────────

    attachment #2: video (video/webm) ──────────────────────────────────────────────────────────────
    e2e\results\scenarios-change-proof-fac-85291-al-visible-only-in-Facturas-chromium\video.webm
    ────────────────────────────────────────────────────────────────────────────────────────────────

    Error Context: e2e\results\scenarios-change-proof-fac-85291-al-visible-only-in-Facturas-chromium\error-context.md

    Retry #1 ───────────────────────────────────────────────────────────────────────────────────────

    Error: page.goto: net::ERR_CONNECTION_REFUSED at http://localhost:3000/login
    Call log:
      - navigating to "http://localhost:3000/login", waiting until "load"


       at ..\pages\LoginPage.ts:62

      60 |     const password = process.env.E2E_TEST_PASSWORD || 'Test1234!';
      61 |
    > 62 |     await this.page.goto('/login');
         |                     ^
      63 |     await this.page.waitForLoadState('domcontentloaded');
      64 |
      65 |     // Check if we're already logged in (redirected to dashboard or setup)
        at LoginPage.loginAsTestUser (C:\Repos\htekdev\taller-mecanico\workdir\feat--factura-pdf-upload-v2\e2e\pages\LoginPage.ts:62:21)
        at C:\Repos\htekdev\taller-mecanico\workdir\feat--factura-pdf-upload-v2\e2e\tests\scenarios\change-proof-factura-pdf-upload.spec.ts:20:19

    attachment #1: screenshot (image/png) ──────────────────────────────────────────────────────────
    e2e\results\scenarios-change-proof-fac-85291-al-visible-only-in-Facturas-chromium-retry1\test-failed-1.png
    ────────────────────────────────────────────────────────────────────────────────────────────────

    attachment #2: video (video/webm) ──────────────────────────────────────────────────────────────
    e2e\results\scenarios-change-proof-fac-85291-al-visible-only-in-Facturas-chromium-retry1\video.webm
    ────────────────────────────────────────────────────────────────────────────────────────────────

    Error Context: e2e\results\scenarios-change-proof-fac-85291-al-visible-only-in-Facturas-chromium-retry1\error-context.md

    attachment #4: trace (application/zip) ─────────────────────────────────────────────────────────
    e2e\results\scenarios-change-proof-fac-85291-al-visible-only-in-Facturas-chromium-retry1\trace.zip
    Usage:

        npx playwright show-trace e2e\results\scenarios-change-proof-fac-85291-al-visible-only-in-Facturas-chromium-retry1\trace.zip

    ────────────────────────────────────────────────────────────────────────────────────────────────

  53) [chromium] › e2e\tests\scenarios\change-proof-finalizar-trabajo-fix.spec.ts:19:5 › change-proof-finalizar-trabajo-fix 

    Error: page.goto: net::ERR_CONNECTION_REFUSED at http://localhost:3000/login
    Call log:
      - navigating to "http://localhost:3000/login", waiting until "load"


       at ..\pages\LoginPage.ts:62

      60 |     const password = process.env.E2E_TEST_PASSWORD || 'Test1234!';
      61 |
    > 62 |     await this.page.goto('/login');
         |                     ^
      63 |     await this.page.waitForLoadState('domcontentloaded');
      64 |
      65 |     // Check if we're already logged in (redirected to dashboard or setup)
        at LoginPage.loginAsTestUser (C:\Repos\htekdev\taller-mecanico\workdir\feat--factura-pdf-upload-v2\e2e\pages\LoginPage.ts:62:21)
        at C:\Repos\htekdev\taller-mecanico\workdir\feat--factura-pdf-upload-v2\e2e\tests\scenarios\change-proof-finalizar-trabajo-fix.spec.ts:23:19

    attachment #1: screenshot (image/png) ──────────────────────────────────────────────────────────
    e2e\results\scenarios-change-proof-fin-64dd3-proof-finalizar-trabajo-fix-chromium\test-failed-1.png
    ────────────────────────────────────────────────────────────────────────────────────────────────

    attachment #2: video (video/webm) ──────────────────────────────────────────────────────────────
    e2e\results\scenarios-change-proof-fin-64dd3-proof-finalizar-trabajo-fix-chromium\video.webm
    ────────────────────────────────────────────────────────────────────────────────────────────────

    Error Context: e2e\results\scenarios-change-proof-fin-64dd3-proof-finalizar-trabajo-fix-chromium\error-context.md

  54) [chromium] › e2e\tests\scenarios\change-proof-gastos-error-handling.spec.ts:12:7 › change-proof-gastos-error-handling › gastos form shows correct save state and dismiss on cancel 

    Error: page.goto: net::ERR_CONNECTION_REFUSED at http://localhost:3000/login
    Call log:
      - navigating to "http://localhost:3000/login", waiting until "load"


       at ..\pages\LoginPage.ts:62

      60 |     const password = process.env.E2E_TEST_PASSWORD || 'Test1234!';
      61 |
    > 62 |     await this.page.goto('/login');
         |                     ^
      63 |     await this.page.waitForLoadState('domcontentloaded');
      64 |
      65 |     // Check if we're already logged in (redirected to dashboard or setup)
        at LoginPage.loginAsTestUser (C:\Repos\htekdev\taller-mecanico\workdir\feat--factura-pdf-upload-v2\e2e\pages\LoginPage.ts:62:21)
        at C:\Repos\htekdev\taller-mecanico\workdir\feat--factura-pdf-upload-v2\e2e\tests\scenarios\change-proof-gastos-error-handling.spec.ts:16:21

    attachment #1: screenshot (image/png) ──────────────────────────────────────────────────────────
    e2e\results\scenarios-change-proof-gas-7c2ff-state-and-dismiss-on-cancel-chromium\test-failed-1.png
    ────────────────────────────────────────────────────────────────────────────────────────────────

    attachment #2: video (video/webm) ──────────────────────────────────────────────────────────────
    e2e\results\scenarios-change-proof-gas-7c2ff-state-and-dismiss-on-cancel-chromium\video.webm
    ────────────────────────────────────────────────────────────────────────────────────────────────

    Error Context: e2e\results\scenarios-change-proof-gas-7c2ff-state-and-dismiss-on-cancel-chromium\error-context.md

  55) [chromium] › e2e\tests\scenarios\change-proof-gastos-error-handling.spec.ts:46:7 › change-proof-gastos-error-handling › gastos module loads without NaN or broken values 

    Error: page.goto: net::ERR_CONNECTION_REFUSED at http://localhost:3000/login
    Call log:
      - navigating to "http://localhost:3000/login", waiting until "load"


       at ..\pages\LoginPage.ts:62

      60 |     const password = process.env.E2E_TEST_PASSWORD || 'Test1234!';
      61 |
    > 62 |     await this.page.goto('/login');
         |                     ^
      63 |     await this.page.waitForLoadState('domcontentloaded');
      64 |
      65 |     // Check if we're already logged in (redirected to dashboard or setup)
        at LoginPage.loginAsTestUser (C:\Repos\htekdev\taller-mecanico\workdir\feat--factura-pdf-upload-v2\e2e\pages\LoginPage.ts:62:21)
        at C:\Repos\htekdev\taller-mecanico\workdir\feat--factura-pdf-upload-v2\e2e\tests\scenarios\change-proof-gastos-error-handling.spec.ts:50:21

    attachment #1: screenshot (image/png) ──────────────────────────────────────────────────────────
    e2e\results\scenarios-change-proof-gas-ad1c5-ithout-NaN-or-broken-values-chromium\test-failed-1.png
    ────────────────────────────────────────────────────────────────────────────────────────────────

    attachment #2: video (video/webm) ──────────────────────────────────────────────────────────────
    e2e\results\scenarios-change-proof-gas-ad1c5-ithout-NaN-or-broken-values-chromium\video.webm
    ────────────────────────────────────────────────────────────────────────────────────────────────

    Error Context: e2e\results\scenarios-change-proof-gas-ad1c5-ithout-NaN-or-broken-values-chromium\error-context.md

  56) [chromium] › e2e\tests\scenarios\change-proof-guardar-trabajo.spec.ts:22:5 › change-proof-guardar-trabajo 

    Error: page.goto: net::ERR_CONNECTION_REFUSED at http://localhost:3000/login
    Call log:
      - navigating to "http://localhost:3000/login", waiting until "load"


       at ..\pages\LoginPage.ts:62

      60 |     const password = process.env.E2E_TEST_PASSWORD || 'Test1234!';
      61 |
    > 62 |     await this.page.goto('/login');
         |                     ^
      63 |     await this.page.waitForLoadState('domcontentloaded');
      64 |
      65 |     // Check if we're already logged in (redirected to dashboard or setup)
        at LoginPage.loginAsTestUser (C:\Repos\htekdev\taller-mecanico\workdir\feat--factura-pdf-upload-v2\e2e\pages\LoginPage.ts:62:21)
        at C:\Repos\htekdev\taller-mecanico\workdir\feat--factura-pdf-upload-v2\e2e\tests\scenarios\change-proof-guardar-trabajo.spec.ts:27:19

    attachment #1: screenshot (image/png) ──────────────────────────────────────────────────────────
    e2e\results\scenarios-change-proof-gua-bcddd-hange-proof-guardar-trabajo-chromium\test-failed-1.png
    ────────────────────────────────────────────────────────────────────────────────────────────────

    attachment #2: video (video/webm) ──────────────────────────────────────────────────────────────
    e2e\results\scenarios-change-proof-gua-bcddd-hange-proof-guardar-trabajo-chromium\video.webm
    ────────────────────────────────────────────────────────────────────────────────────────────────

    Error Context: e2e\results\scenarios-change-proof-gua-bcddd-hange-proof-guardar-trabajo-chromium\error-context.md

  57) [chromium] › e2e\tests\scenarios\change-proof-insert-trabajo-pgrst204.spec.ts:21:5 › change-proof-insert-trabajo-pgrst204 — módulo carga y formulario disponible 

    Error: page.goto: net::ERR_CONNECTION_REFUSED at http://localhost:3000/login
    Call log:
      - navigating to "http://localhost:3000/login", waiting until "load"


       at ..\pages\LoginPage.ts:62

      60 |     const password = process.env.E2E_TEST_PASSWORD || 'Test1234!';
      61 |
    > 62 |     await this.page.goto('/login');
         |                     ^
      63 |     await this.page.waitForLoadState('domcontentloaded');
      64 |
      65 |     // Check if we're already logged in (redirected to dashboard or setup)
        at LoginPage.loginAsTestUser (C:\Repos\htekdev\taller-mecanico\workdir\feat--factura-pdf-upload-v2\e2e\pages\LoginPage.ts:62:21)
        at C:\Repos\htekdev\taller-mecanico\workdir\feat--factura-pdf-upload-v2\e2e\tests\scenarios\change-proof-insert-trabajo-pgrst204.spec.ts:26:19

    attachment #1: screenshot (image/png) ──────────────────────────────────────────────────────────
    e2e\results\scenarios-change-proof-ins-bb3bc-rga-y-formulario-disponible-chromium\test-failed-1.png
    ────────────────────────────────────────────────────────────────────────────────────────────────

    attachment #2: video (video/webm) ──────────────────────────────────────────────────────────────
    e2e\results\scenarios-change-proof-ins-bb3bc-rga-y-formulario-disponible-chromium\video.webm
    ────────────────────────────────────────────────────────────────────────────────────────────────

    Error Context: e2e\results\scenarios-change-proof-ins-bb3bc-rga-y-formulario-disponible-chromium\error-context.md

  58) [chromium] › e2e\tests\scenarios\change-proof-inventario-eliminar-proveedor.spec.ts:23:5 › change-proof-inventario-eliminar-proveedor 

    Error: page.goto: net::ERR_CONNECTION_REFUSED at http://localhost:3000/login
    Call log:
      - navigating to "http://localhost:3000/login", waiting until "load"


       at ..\pages\LoginPage.ts:62

      60 |     const password = process.env.E2E_TEST_PASSWORD || 'Test1234!';
      61 |
    > 62 |     await this.page.goto('/login');
         |                     ^
      63 |     await this.page.waitForLoadState('domcontentloaded');
      64 |
      65 |     // Check if we're already logged in (redirected to dashboard or setup)
        at LoginPage.loginAsTestUser (C:\Repos\htekdev\taller-mecanico\workdir\feat--factura-pdf-upload-v2\e2e\pages\LoginPage.ts:62:21)
        at C:\Repos\htekdev\taller-mecanico\workdir\feat--factura-pdf-upload-v2\e2e\tests\scenarios\change-proof-inventario-eliminar-proveedor.spec.ts:28:19

    attachment #1: screenshot (image/png) ──────────────────────────────────────────────────────────
    e2e\results\scenarios-change-proof-inv-ede73-ventario-eliminar-proveedor-chromium\test-failed-1.png
    ────────────────────────────────────────────────────────────────────────────────────────────────

    attachment #2: video (video/webm) ──────────────────────────────────────────────────────────────
    e2e\results\scenarios-change-proof-inv-ede73-ventario-eliminar-proveedor-chromium\video.webm
    ────────────────────────────────────────────────────────────────────────────────────────────────

    Error Context: e2e\results\scenarios-change-proof-inv-ede73-ventario-eliminar-proveedor-chromium\error-context.md

  59) [chromium] › e2e\tests\scenarios\change-proof-mano-de-obra-cantidad.spec.ts:22:5 › change-proof-mano-de-obra-cantidad 

    Error: page.goto: net::ERR_CONNECTION_REFUSED at http://localhost:3000/login
    Call log:
      - navigating to "http://localhost:3000/login", waiting until "load"


       at ..\pages\LoginPage.ts:62

      60 |     const password = process.env.E2E_TEST_PASSWORD || 'Test1234!';
      61 |
    > 62 |     await this.page.goto('/login');
         |                     ^
      63 |     await this.page.waitForLoadState('domcontentloaded');
      64 |
      65 |     // Check if we're already logged in (redirected to dashboard or setup)
        at LoginPage.loginAsTestUser (C:\Repos\htekdev\taller-mecanico\workdir\feat--factura-pdf-upload-v2\e2e\pages\LoginPage.ts:62:21)
        at C:\Repos\htekdev\taller-mecanico\workdir\feat--factura-pdf-upload-v2\e2e\tests\scenarios\change-proof-mano-de-obra-cantidad.spec.ts:27:19

    attachment #1: screenshot (image/png) ──────────────────────────────────────────────────────────
    e2e\results\scenarios-change-proof-man-7482a-proof-mano-de-obra-cantidad-chromium\test-failed-1.png
    ────────────────────────────────────────────────────────────────────────────────────────────────

    attachment #2: video (video/webm) ──────────────────────────────────────────────────────────────
    e2e\results\scenarios-change-proof-man-7482a-proof-mano-de-obra-cantidad-chromium\video.webm
    ────────────────────────────────────────────────────────────────────────────────────────────────

    Error Context: e2e\results\scenarios-change-proof-man-7482a-proof-mano-de-obra-cantidad-chromium\error-context.md

    Retry #1 ───────────────────────────────────────────────────────────────────────────────────────

    Error: page.goto: net::ERR_CONNECTION_REFUSED at http://localhost:3000/login
    Call log:
      - navigating to "http://localhost:3000/login", waiting until "load"


       at ..\pages\LoginPage.ts:62

      60 |     const password = process.env.E2E_TEST_PASSWORD || 'Test1234!';
      61 |
    > 62 |     await this.page.goto('/login');
         |                     ^
      63 |     await this.page.waitForLoadState('domcontentloaded');
      64 |
      65 |     // Check if we're already logged in (redirected to dashboard or setup)
        at LoginPage.loginAsTestUser (C:\Repos\htekdev\taller-mecanico\workdir\feat--factura-pdf-upload-v2\e2e\pages\LoginPage.ts:62:21)
        at C:\Repos\htekdev\taller-mecanico\workdir\feat--factura-pdf-upload-v2\e2e\tests\scenarios\change-proof-mano-de-obra-cantidad.spec.ts:27:19

    attachment #1: screenshot (image/png) ──────────────────────────────────────────────────────────
    e2e\results\scenarios-change-proof-man-7482a-proof-mano-de-obra-cantidad-chromium-retry1\test-failed-1.png
    ────────────────────────────────────────────────────────────────────────────────────────────────

    attachment #2: video (video/webm) ──────────────────────────────────────────────────────────────
    e2e\results\scenarios-change-proof-man-7482a-proof-mano-de-obra-cantidad-chromium-retry1\video.webm
    ────────────────────────────────────────────────────────────────────────────────────────────────

    Error Context: e2e\results\scenarios-change-proof-man-7482a-proof-mano-de-obra-cantidad-chromium-retry1\error-context.md

    attachment #4: trace (application/zip) ─────────────────────────────────────────────────────────
    e2e\results\scenarios-change-proof-man-7482a-proof-mano-de-obra-cantidad-chromium-retry1\trace.zip
    Usage:

        npx playwright show-trace e2e\results\scenarios-change-proof-man-7482a-proof-mano-de-obra-cantidad-chromium-retry1\trace.zip

    ────────────────────────────────────────────────────────────────────────────────────────────────

  60) [chromium] › e2e\tests\scenarios\change-proof-migrate-workflow-fix.spec.ts:19:5 › change-proof-migrate-workflow-fix 

    Error: page.goto: net::ERR_CONNECTION_REFUSED at http://localhost:3000/login
    Call log:
      - navigating to "http://localhost:3000/login", waiting until "load"


       at ..\pages\LoginPage.ts:62

      60 |     const password = process.env.E2E_TEST_PASSWORD || 'Test1234!';
      61 |
    > 62 |     await this.page.goto('/login');
         |                     ^
      63 |     await this.page.waitForLoadState('domcontentloaded');
      64 |
      65 |     // Check if we're already logged in (redirected to dashboard or setup)
        at LoginPage.loginAsTestUser (C:\Repos\htekdev\taller-mecanico\workdir\feat--factura-pdf-upload-v2\e2e\pages\LoginPage.ts:62:21)
        at C:\Repos\htekdev\taller-mecanico\workdir\feat--factura-pdf-upload-v2\e2e\tests\scenarios\change-proof-migrate-workflow-fix.spec.ts:28:19

    attachment #1: screenshot (image/png) ──────────────────────────────────────────────────────────
    e2e\results\scenarios-change-proof-mig-cb748--proof-migrate-workflow-fix-chromium\test-failed-1.png
    ────────────────────────────────────────────────────────────────────────────────────────────────

    attachment #2: video (video/webm) ──────────────────────────────────────────────────────────────
    e2e\results\scenarios-change-proof-mig-cb748--proof-migrate-workflow-fix-chromium\video.webm
    ────────────────────────────────────────────────────────────────────────────────────────────────

    Error Context: e2e\results\scenarios-change-proof-mig-cb748--proof-migrate-workflow-fix-chromium\error-context.md

  61) [chromium] › e2e\tests\scenarios\change-proof-migrate-workflow-flags.spec.ts:21:5 › change-proof-migrate-workflow-flags 

    Error: page.goto: net::ERR_CONNECTION_REFUSED at http://localhost:3000/login
    Call log:
      - navigating to "http://localhost:3000/login", waiting until "load"


       at ..\pages\LoginPage.ts:62

      60 |     const password = process.env.E2E_TEST_PASSWORD || 'Test1234!';
      61 |
    > 62 |     await this.page.goto('/login');
         |                     ^
      63 |     await this.page.waitForLoadState('domcontentloaded');
      64 |
      65 |     // Check if we're already logged in (redirected to dashboard or setup)
        at LoginPage.loginAsTestUser (C:\Repos\htekdev\taller-mecanico\workdir\feat--factura-pdf-upload-v2\e2e\pages\LoginPage.ts:62:21)
        at C:\Repos\htekdev\taller-mecanico\workdir\feat--factura-pdf-upload-v2\e2e\tests\scenarios\change-proof-migrate-workflow-flags.spec.ts:30:19

    attachment #1: screenshot (image/png) ──────────────────────────────────────────────────────────
    e2e\results\scenarios-change-proof-mig-f0be0-roof-migrate-workflow-flags-chromium\test-failed-1.png
    ────────────────────────────────────────────────────────────────────────────────────────────────

    attachment #2: video (video/webm) ──────────────────────────────────────────────────────────────
    e2e\results\scenarios-change-proof-mig-f0be0-roof-migrate-workflow-flags-chromium\video.webm
    ────────────────────────────────────────────────────────────────────────────────────────────────

    Error Context: e2e\results\scenarios-change-proof-mig-f0be0-roof-migrate-workflow-flags-chromium\error-context.md

  62) [chromium] › e2e\tests\scenarios\change-proof-migration-idempotency.spec.ts:19:5 › change-proof-migration-idempotency 

    Error: page.goto: net::ERR_CONNECTION_REFUSED at http://localhost:3000/login
    Call log:
      - navigating to "http://localhost:3000/login", waiting until "load"


       at ..\pages\LoginPage.ts:62

      60 |     const password = process.env.E2E_TEST_PASSWORD || 'Test1234!';
      61 |
    > 62 |     await this.page.goto('/login');
         |                     ^
      63 |     await this.page.waitForLoadState('domcontentloaded');
      64 |
      65 |     // Check if we're already logged in (redirected to dashboard or setup)
        at LoginPage.loginAsTestUser (C:\Repos\htekdev\taller-mecanico\workdir\feat--factura-pdf-upload-v2\e2e\pages\LoginPage.ts:62:21)
        at C:\Repos\htekdev\taller-mecanico\workdir\feat--factura-pdf-upload-v2\e2e\tests\scenarios\change-proof-migration-idempotency.spec.ts:28:19

    attachment #1: screenshot (image/png) ──────────────────────────────────────────────────────────
    e2e\results\scenarios-change-proof-mig-5cf4f-proof-migration-idempotency-chromium\test-failed-1.png
    ────────────────────────────────────────────────────────────────────────────────────────────────

    attachment #2: video (video/webm) ──────────────────────────────────────────────────────────────
    e2e\results\scenarios-change-proof-mig-5cf4f-proof-migration-idempotency-chromium\video.webm
    ────────────────────────────────────────────────────────────────────────────────────────────────

    Error Context: e2e\results\scenarios-change-proof-mig-5cf4f-proof-migration-idempotency-chromium\error-context.md

  63) [chromium] › e2e\tests\scenarios\change-proof-ordenes-facturas-silent-failures.spec.ts:27:7 › change-proof-ordenes-facturas-silent-failures › ordenes_compra module loads without crash 

    Error: page.goto: net::ERR_CONNECTION_REFUSED at http://localhost:3000/login
    Call log:
      - navigating to "http://localhost:3000/login", waiting until "load"


       at ..\pages\LoginPage.ts:62

      60 |     const password = process.env.E2E_TEST_PASSWORD || 'Test1234!';
      61 |
    > 62 |     await this.page.goto('/login');
         |                     ^
      63 |     await this.page.waitForLoadState('domcontentloaded');
      64 |
      65 |     // Check if we're already logged in (redirected to dashboard or setup)
        at LoginPage.loginAsTestUser (C:\Repos\htekdev\taller-mecanico\workdir\feat--factura-pdf-upload-v2\e2e\pages\LoginPage.ts:62:21)
        at C:\Repos\htekdev\taller-mecanico\workdir\feat--factura-pdf-upload-v2\e2e\tests\scenarios\change-proof-ordenes-facturas-silent-failures.spec.ts:24:21

    attachment #1: screenshot (image/png) ──────────────────────────────────────────────────────────
    e2e\results\scenarios-change-proof-ord-7cbbd--module-loads-without-crash-chromium\test-failed-1.png
    ────────────────────────────────────────────────────────────────────────────────────────────────

    attachment #2: video (video/webm) ──────────────────────────────────────────────────────────────
    e2e\results\scenarios-change-proof-ord-7cbbd--module-loads-without-crash-chromium\video.webm
    ────────────────────────────────────────────────────────────────────────────────────────────────

    Error Context: e2e\results\scenarios-change-proof-ord-7cbbd--module-loads-without-crash-chromium\error-context.md

  64) [chromium] › e2e\tests\scenarios\change-proof-ordenes-facturas-silent-failures.spec.ts:46:7 › change-proof-ordenes-facturas-silent-failures › ordenes_compra shows Spanish content 

    Error: page.goto: net::ERR_CONNECTION_REFUSED at http://localhost:3000/login
    Call log:
      - navigating to "http://localhost:3000/login", waiting until "load"


       at ..\pages\LoginPage.ts:62

      60 |     const password = process.env.E2E_TEST_PASSWORD || 'Test1234!';
      61 |
    > 62 |     await this.page.goto('/login');
         |                     ^
      63 |     await this.page.waitForLoadState('domcontentloaded');
      64 |
      65 |     // Check if we're already logged in (redirected to dashboard or setup)
        at LoginPage.loginAsTestUser (C:\Repos\htekdev\taller-mecanico\workdir\feat--factura-pdf-upload-v2\e2e\pages\LoginPage.ts:62:21)
        at C:\Repos\htekdev\taller-mecanico\workdir\feat--factura-pdf-upload-v2\e2e\tests\scenarios\change-proof-ordenes-facturas-silent-failures.spec.ts:24:21

    attachment #1: screenshot (image/png) ──────────────────────────────────────────────────────────
    e2e\results\scenarios-change-proof-ord-80679-ompra-shows-Spanish-content-chromium\test-failed-1.png
    ────────────────────────────────────────────────────────────────────────────────────────────────

    attachment #2: video (video/webm) ──────────────────────────────────────────────────────────────
    e2e\results\scenarios-change-proof-ord-80679-ompra-shows-Spanish-content-chromium\video.webm
    ────────────────────────────────────────────────────────────────────────────────────────────────

    Error Context: e2e\results\scenarios-change-proof-ord-80679-ompra-shows-Spanish-content-chromium\error-context.md

  65) [chromium] › e2e\tests\scenarios\change-proof-ordenes-facturas-silent-failures.spec.ts:74:7 › change-proof-ordenes-facturas-silent-failures › ordenes_compra monetary values contain no NaN or undefined 

    Error: page.goto: net::ERR_CONNECTION_REFUSED at http://localhost:3000/login
    Call log:
      - navigating to "http://localhost:3000/login", waiting until "load"


       at ..\pages\LoginPage.ts:62

      60 |     const password = process.env.E2E_TEST_PASSWORD || 'Test1234!';
      61 |
    > 62 |     await this.page.goto('/login');
         |                     ^
      63 |     await this.page.waitForLoadState('domcontentloaded');
      64 |
      65 |     // Check if we're already logged in (redirected to dashboard or setup)
        at LoginPage.loginAsTestUser (C:\Repos\htekdev\taller-mecanico\workdir\feat--factura-pdf-upload-v2\e2e\pages\LoginPage.ts:62:21)
        at C:\Repos\htekdev\taller-mecanico\workdir\feat--factura-pdf-upload-v2\e2e\tests\scenarios\change-proof-ordenes-facturas-silent-failures.spec.ts:24:21

    attachment #1: screenshot (image/png) ──────────────────────────────────────────────────────────
    e2e\results\scenarios-change-proof-ord-7aa0b-contain-no-NaN-or-undefined-chromium\test-failed-1.png
    ────────────────────────────────────────────────────────────────────────────────────────────────

    attachment #2: video (video/webm) ──────────────────────────────────────────────────────────────
    e2e\results\scenarios-change-proof-ord-7aa0b-contain-no-NaN-or-undefined-chromium\video.webm
    ────────────────────────────────────────────────────────────────────────────────────────────────

    Error Context: e2e\results\scenarios-change-proof-ord-7aa0b-contain-no-NaN-or-undefined-chromium\error-context.md

  66) [chromium] › e2e\tests\scenarios\change-proof-ordenes-facturas-silent-failures.spec.ts:90:7 › change-proof-ordenes-facturas-silent-failures › facturas module loads without crash 

    Error: page.goto: net::ERR_CONNECTION_REFUSED at http://localhost:3000/login
    Call log:
      - navigating to "http://localhost:3000/login", waiting until "load"


       at ..\pages\LoginPage.ts:62

      60 |     const password = process.env.E2E_TEST_PASSWORD || 'Test1234!';
      61 |
    > 62 |     await this.page.goto('/login');
         |                     ^
      63 |     await this.page.waitForLoadState('domcontentloaded');
      64 |
      65 |     // Check if we're already logged in (redirected to dashboard or setup)
        at LoginPage.loginAsTestUser (C:\Repos\htekdev\taller-mecanico\workdir\feat--factura-pdf-upload-v2\e2e\pages\LoginPage.ts:62:21)
        at C:\Repos\htekdev\taller-mecanico\workdir\feat--factura-pdf-upload-v2\e2e\tests\scenarios\change-proof-ordenes-facturas-silent-failures.spec.ts:24:21

    attachment #1: screenshot (image/png) ──────────────────────────────────────────────────────────
    e2e\results\scenarios-change-proof-ord-97050--module-loads-without-crash-chromium\test-failed-1.png
    ────────────────────────────────────────────────────────────────────────────────────────────────

    attachment #2: video (video/webm) ──────────────────────────────────────────────────────────────
    e2e\results\scenarios-change-proof-ord-97050--module-loads-without-crash-chromium\video.webm
    ────────────────────────────────────────────────────────────────────────────────────────────────

    Error Context: e2e\results\scenarios-change-proof-ord-97050--module-loads-without-crash-chromium\error-context.md

  67) [chromium] › e2e\tests\scenarios\change-proof-ordenes-facturas-silent-failures.spec.ts:109:7 › change-proof-ordenes-facturas-silent-failures › facturas monetary values contain no NaN or undefined 

    Error: page.goto: net::ERR_CONNECTION_REFUSED at http://localhost:3000/login
    Call log:
      - navigating to "http://localhost:3000/login", waiting until "load"


       at ..\pages\LoginPage.ts:62

      60 |     const password = process.env.E2E_TEST_PASSWORD || 'Test1234!';
      61 |
    > 62 |     await this.page.goto('/login');
         |                     ^
      63 |     await this.page.waitForLoadState('domcontentloaded');
      64 |
      65 |     // Check if we're already logged in (redirected to dashboard or setup)
        at LoginPage.loginAsTestUser (C:\Repos\htekdev\taller-mecanico\workdir\feat--factura-pdf-upload-v2\e2e\pages\LoginPage.ts:62:21)
        at C:\Repos\htekdev\taller-mecanico\workdir\feat--factura-pdf-upload-v2\e2e\tests\scenarios\change-proof-ordenes-facturas-silent-failures.spec.ts:24:21

    attachment #1: screenshot (image/png) ──────────────────────────────────────────────────────────
    e2e\results\scenarios-change-proof-ord-d5c88-contain-no-NaN-or-undefined-chromium\test-failed-1.png
    ────────────────────────────────────────────────────────────────────────────────────────────────

    attachment #2: video (video/webm) ──────────────────────────────────────────────────────────────
    e2e\results\scenarios-change-proof-ord-d5c88-contain-no-NaN-or-undefined-chromium\video.webm
    ────────────────────────────────────────────────────────────────────────────────────────────────

    Error Context: e2e\results\scenarios-change-proof-ord-d5c88-contain-no-NaN-or-undefined-chromium\error-context.md

  68) [chromium] › e2e\tests\scenarios\change-proof-ordenes-facturas-silent-failures.spec.ts:126:7 › change-proof-ordenes-facturas-silent-failures › facturas filter tabs and section labels render in Spanish 

    Error: page.goto: net::ERR_CONNECTION_REFUSED at http://localhost:3000/login
    Call log:
      - navigating to "http://localhost:3000/login", waiting until "load"


       at ..\pages\LoginPage.ts:62

      60 |     const password = process.env.E2E_TEST_PASSWORD || 'Test1234!';
      61 |
    > 62 |     await this.page.goto('/login');
         |                     ^
      63 |     await this.page.waitForLoadState('domcontentloaded');
      64 |
      65 |     // Check if we're already logged in (redirected to dashboard or setup)
        at LoginPage.loginAsTestUser (C:\Repos\htekdev\taller-mecanico\workdir\feat--factura-pdf-upload-v2\e2e\pages\LoginPage.ts:62:21)
        at C:\Repos\htekdev\taller-mecanico\workdir\feat--factura-pdf-upload-v2\e2e\tests\scenarios\change-proof-ordenes-facturas-silent-failures.spec.ts:24:21

    attachment #1: screenshot (image/png) ──────────────────────────────────────────────────────────
    e2e\results\scenarios-change-proof-ord-de9d8-on-labels-render-in-Spanish-chromium\test-failed-1.png
    ────────────────────────────────────────────────────────────────────────────────────────────────

    attachment #2: video (video/webm) ──────────────────────────────────────────────────────────────
    e2e\results\scenarios-change-proof-ord-de9d8-on-labels-render-in-Spanish-chromium\video.webm
    ────────────────────────────────────────────────────────────────────────────────────────────────

    Error Context: e2e\results\scenarios-change-proof-ord-de9d8-on-labels-render-in-Spanish-chromium\error-context.md

  69) [chromium] › e2e\tests\scenarios\change-proof-refacturar-po-protection.spec.ts:21:7 › change-proof: refacturar + PO section protection › trabajos module loads — refacturar handler accessible 

    Error: page.goto: net::ERR_CONNECTION_REFUSED at http://localhost:3000/login
    Call log:
      - navigating to "http://localhost:3000/login", waiting until "load"


       at ..\pages\LoginPage.ts:62

      60 |     const password = process.env.E2E_TEST_PASSWORD || 'Test1234!';
      61 |
    > 62 |     await this.page.goto('/login');
         |                     ^
      63 |     await this.page.waitForLoadState('domcontentloaded');
      64 |
      65 |     // Check if we're already logged in (redirected to dashboard or setup)
        at LoginPage.loginAsTestUser (C:\Repos\htekdev\taller-mecanico\workdir\feat--factura-pdf-upload-v2\e2e\pages\LoginPage.ts:62:21)
        at C:\Repos\htekdev\taller-mecanico\workdir\feat--factura-pdf-upload-v2\e2e\tests\scenarios\change-proof-refacturar-po-protection.spec.ts:18:21

    attachment #1: screenshot (image/png) ──────────────────────────────────────────────────────────
    e2e\results\scenarios-change-proof-ref-b9f60-facturar-handler-accessible-chromium\test-failed-1.png
    ────────────────────────────────────────────────────────────────────────────────────────────────

    attachment #2: video (video/webm) ──────────────────────────────────────────────────────────────
    e2e\results\scenarios-change-proof-ref-b9f60-facturar-handler-accessible-chromium\video.webm
    ────────────────────────────────────────────────────────────────────────────────────────────────

    Error Context: e2e\results\scenarios-change-proof-ref-b9f60-facturar-handler-accessible-chromium\error-context.md

    Retry #1 ───────────────────────────────────────────────────────────────────────────────────────

    Error: page.goto: net::ERR_CONNECTION_REFUSED at http://localhost:3000/login
    Call log:
      - navigating to "http://localhost:3000/login", waiting until "load"


       at ..\pages\LoginPage.ts:62

      60 |     const password = process.env.E2E_TEST_PASSWORD || 'Test1234!';
      61 |
    > 62 |     await this.page.goto('/login');
         |                     ^
      63 |     await this.page.waitForLoadState('domcontentloaded');
      64 |
      65 |     // Check if we're already logged in (redirected to dashboard or setup)
        at LoginPage.loginAsTestUser (C:\Repos\htekdev\taller-mecanico\workdir\feat--factura-pdf-upload-v2\e2e\pages\LoginPage.ts:62:21)
        at C:\Repos\htekdev\taller-mecanico\workdir\feat--factura-pdf-upload-v2\e2e\tests\scenarios\change-proof-refacturar-po-protection.spec.ts:18:21

    attachment #1: screenshot (image/png) ──────────────────────────────────────────────────────────
    e2e\results\scenarios-change-proof-ref-b9f60-facturar-handler-accessible-chromium-retry1\test-failed-1.png
    ────────────────────────────────────────────────────────────────────────────────────────────────

    attachment #2: video (video/webm) ──────────────────────────────────────────────────────────────
    e2e\results\scenarios-change-proof-ref-b9f60-facturar-handler-accessible-chromium-retry1\video.webm
    ────────────────────────────────────────────────────────────────────────────────────────────────

    Error Context: e2e\results\scenarios-change-proof-ref-b9f60-facturar-handler-accessible-chromium-retry1\error-context.md

    attachment #4: trace (application/zip) ─────────────────────────────────────────────────────────
    e2e\results\scenarios-change-proof-ref-b9f60-facturar-handler-accessible-chromium-retry1\trace.zip
    Usage:

        npx playwright show-trace e2e\results\scenarios-change-proof-ref-b9f60-facturar-handler-accessible-chromium-retry1\trace.zip

    ────────────────────────────────────────────────────────────────────────────────────────────────

  70) [chromium] › e2e\tests\scenarios\change-proof-refacturar-po-protection.spec.ts:44:7 › change-proof: refacturar + PO section protection › facturas module loads — generarFactura path accessible 

    Error: page.goto: net::ERR_CONNECTION_REFUSED at http://localhost:3000/login
    Call log:
      - navigating to "http://localhost:3000/login", waiting until "load"


       at ..\pages\LoginPage.ts:62

      60 |     const password = process.env.E2E_TEST_PASSWORD || 'Test1234!';
      61 |
    > 62 |     await this.page.goto('/login');
         |                     ^
      63 |     await this.page.waitForLoadState('domcontentloaded');
      64 |
      65 |     // Check if we're already logged in (redirected to dashboard or setup)
        at LoginPage.loginAsTestUser (C:\Repos\htekdev\taller-mecanico\workdir\feat--factura-pdf-upload-v2\e2e\pages\LoginPage.ts:62:21)
        at C:\Repos\htekdev\taller-mecanico\workdir\feat--factura-pdf-upload-v2\e2e\tests\scenarios\change-proof-refacturar-po-protection.spec.ts:18:21

    attachment #1: screenshot (image/png) ──────────────────────────────────────────────────────────
    e2e\results\scenarios-change-proof-ref-ebd51-erarFactura-path-accessible-chromium\test-failed-1.png
    ────────────────────────────────────────────────────────────────────────────────────────────────

    attachment #2: video (video/webm) ──────────────────────────────────────────────────────────────
    e2e\results\scenarios-change-proof-ref-ebd51-erarFactura-path-accessible-chromium\video.webm
    ────────────────────────────────────────────────────────────────────────────────────────────────

    Error Context: e2e\results\scenarios-change-proof-ref-ebd51-erarFactura-path-accessible-chromium\error-context.md

    Retry #1 ───────────────────────────────────────────────────────────────────────────────────────

    Error: page.goto: net::ERR_CONNECTION_REFUSED at http://localhost:3000/login
    Call log:
      - navigating to "http://localhost:3000/login", waiting until "load"


       at ..\pages\LoginPage.ts:62

      60 |     const password = process.env.E2E_TEST_PASSWORD || 'Test1234!';
      61 |
    > 62 |     await this.page.goto('/login');
         |                     ^
      63 |     await this.page.waitForLoadState('domcontentloaded');
      64 |
      65 |     // Check if we're already logged in (redirected to dashboard or setup)
        at LoginPage.loginAsTestUser (C:\Repos\htekdev\taller-mecanico\workdir\feat--factura-pdf-upload-v2\e2e\pages\LoginPage.ts:62:21)
        at C:\Repos\htekdev\taller-mecanico\workdir\feat--factura-pdf-upload-v2\e2e\tests\scenarios\change-proof-refacturar-po-protection.spec.ts:18:21

    attachment #1: screenshot (image/png) ──────────────────────────────────────────────────────────
    e2e\results\scenarios-change-proof-ref-ebd51-erarFactura-path-accessible-chromium-retry1\test-failed-1.png
    ────────────────────────────────────────────────────────────────────────────────────────────────

    attachment #2: video (video/webm) ──────────────────────────────────────────────────────────────
    e2e\results\scenarios-change-proof-ref-ebd51-erarFactura-path-accessible-chromium-retry1\video.webm
    ────────────────────────────────────────────────────────────────────────────────────────────────

    Error Context: e2e\results\scenarios-change-proof-ref-ebd51-erarFactura-path-accessible-chromium-retry1\error-context.md

    attachment #4: trace (application/zip) ─────────────────────────────────────────────────────────
    e2e\results\scenarios-change-proof-ref-ebd51-erarFactura-path-accessible-chromium-retry1\trace.zip
    Usage:

        npx playwright show-trace e2e\results\scenarios-change-proof-ref-ebd51-erarFactura-path-accessible-chromium-retry1\trace.zip

    ────────────────────────────────────────────────────────────────────────────────────────────────

  71) [chromium] › e2e\tests\scenarios\change-proof-refacturar-po-protection.spec.ts:65:7 › change-proof: refacturar + PO section protection › ordenes module loads — PO creation path accessible 

    Error: page.goto: net::ERR_CONNECTION_REFUSED at http://localhost:3000/login
    Call log:
      - navigating to "http://localhost:3000/login", waiting until "load"


       at ..\pages\LoginPage.ts:62

      60 |     const password = process.env.E2E_TEST_PASSWORD || 'Test1234!';
      61 |
    > 62 |     await this.page.goto('/login');
         |                     ^
      63 |     await this.page.waitForLoadState('domcontentloaded');
      64 |
      65 |     // Check if we're already logged in (redirected to dashboard or setup)
        at LoginPage.loginAsTestUser (C:\Repos\htekdev\taller-mecanico\workdir\feat--factura-pdf-upload-v2\e2e\pages\LoginPage.ts:62:21)
        at C:\Repos\htekdev\taller-mecanico\workdir\feat--factura-pdf-upload-v2\e2e\tests\scenarios\change-proof-refacturar-po-protection.spec.ts:18:21

    attachment #1: screenshot (image/png) ──────────────────────────────────────────────────────────
    e2e\results\scenarios-change-proof-ref-16af7-PO-creation-path-accessible-chromium\test-failed-1.png
    ────────────────────────────────────────────────────────────────────────────────────────────────

    attachment #2: video (video/webm) ──────────────────────────────────────────────────────────────
    e2e\results\scenarios-change-proof-ref-16af7-PO-creation-path-accessible-chromium\video.webm
    ────────────────────────────────────────────────────────────────────────────────────────────────

    Error Context: e2e\results\scenarios-change-proof-ref-16af7-PO-creation-path-accessible-chromium\error-context.md

    Retry #1 ───────────────────────────────────────────────────────────────────────────────────────

    Error: page.goto: net::ERR_CONNECTION_REFUSED at http://localhost:3000/login
    Call log:
      - navigating to "http://localhost:3000/login", waiting until "load"


       at ..\pages\LoginPage.ts:62

      60 |     const password = process.env.E2E_TEST_PASSWORD || 'Test1234!';
      61 |
    > 62 |     await this.page.goto('/login');
         |                     ^
      63 |     await this.page.waitForLoadState('domcontentloaded');
      64 |
      65 |     // Check if we're already logged in (redirected to dashboard or setup)
        at LoginPage.loginAsTestUser (C:\Repos\htekdev\taller-mecanico\workdir\feat--factura-pdf-upload-v2\e2e\pages\LoginPage.ts:62:21)
        at C:\Repos\htekdev\taller-mecanico\workdir\feat--factura-pdf-upload-v2\e2e\tests\scenarios\change-proof-refacturar-po-protection.spec.ts:18:21

    attachment #1: screenshot (image/png) ──────────────────────────────────────────────────────────
    e2e\results\scenarios-change-proof-ref-16af7-PO-creation-path-accessible-chromium-retry1\test-failed-1.png
    ────────────────────────────────────────────────────────────────────────────────────────────────

    attachment #2: video (video/webm) ──────────────────────────────────────────────────────────────
    e2e\results\scenarios-change-proof-ref-16af7-PO-creation-path-accessible-chromium-retry1\video.webm
    ────────────────────────────────────────────────────────────────────────────────────────────────

    Error Context: e2e\results\scenarios-change-proof-ref-16af7-PO-creation-path-accessible-chromium-retry1\error-context.md

    attachment #4: trace (application/zip) ─────────────────────────────────────────────────────────
    e2e\results\scenarios-change-proof-ref-16af7-PO-creation-path-accessible-chromium-retry1\trace.zip
    Usage:

        npx playwright show-trace e2e\results\scenarios-change-proof-ref-16af7-PO-creation-path-accessible-chromium-retry1\trace.zip

    ────────────────────────────────────────────────────────────────────────────────────────────────

  72) [chromium] › e2e\tests\scenarios\change-proof-supabase-ci-migrate-workflow.spec.ts:4:5 › change-proof-supabase-ci-migrate-workflow 

    Error: page.goto: net::ERR_CONNECTION_REFUSED at http://localhost:3000/login
    Call log:
      - navigating to "http://localhost:3000/login", waiting until "load"


       at ..\pages\LoginPage.ts:62

      60 |     const password = process.env.E2E_TEST_PASSWORD || 'Test1234!';
      61 |
    > 62 |     await this.page.goto('/login');
         |                     ^
      63 |     await this.page.waitForLoadState('domcontentloaded');
      64 |
      65 |     // Check if we're already logged in (redirected to dashboard or setup)
        at LoginPage.loginAsTestUser (C:\Repos\htekdev\taller-mecanico\workdir\feat--factura-pdf-upload-v2\e2e\pages\LoginPage.ts:62:21)
        at C:\Repos\htekdev\taller-mecanico\workdir\feat--factura-pdf-upload-v2\e2e\tests\scenarios\change-proof-supabase-ci-migrate-workflow.spec.ts:12:19

    attachment #1: screenshot (image/png) ──────────────────────────────────────────────────────────
    e2e\results\scenarios-change-proof-sup-580ad-upabase-ci-migrate-workflow-chromium\test-failed-1.png
    ────────────────────────────────────────────────────────────────────────────────────────────────

    attachment #2: video (video/webm) ──────────────────────────────────────────────────────────────
    e2e\results\scenarios-change-proof-sup-580ad-upabase-ci-migrate-workflow-chromium\video.webm
    ────────────────────────────────────────────────────────────────────────────────────────────────

    Error Context: e2e\results\scenarios-change-proof-sup-580ad-upabase-ci-migrate-workflow-chromium\error-context.md

  73) [chromium] › e2e\tests\scenarios\client-vehicle-history.spec.ts:24:7 › Client Vehicle History › create client and manage multiple vehicles 

    Error: page.goto: net::ERR_CONNECTION_REFUSED at http://localhost:3000/login
    Call log:
      - navigating to "http://localhost:3000/login", waiting until "load"


       at ..\pages\LoginPage.ts:62

      60 |     const password = process.env.E2E_TEST_PASSWORD || 'Test1234!';
      61 |
    > 62 |     await this.page.goto('/login');
         |                     ^
      63 |     await this.page.waitForLoadState('domcontentloaded');
      64 |
      65 |     // Check if we're already logged in (redirected to dashboard or setup)
        at LoginPage.loginAsTestUser (C:\Repos\htekdev\taller-mecanico\workdir\feat--factura-pdf-upload-v2\e2e\pages\LoginPage.ts:62:21)
        at C:\Repos\htekdev\taller-mecanico\workdir\feat--factura-pdf-upload-v2\e2e\tests\scenarios\client-vehicle-history.spec.ts:21:21

    attachment #1: screenshot (image/png) ──────────────────────────────────────────────────────────
    e2e\results\scenarios-client-vehicle-h-1632b-nd-manage-multiple-vehicles-chromium\test-failed-1.png
    ────────────────────────────────────────────────────────────────────────────────────────────────

    attachment #2: video (video/webm) ──────────────────────────────────────────────────────────────
    e2e\results\scenarios-client-vehicle-h-1632b-nd-manage-multiple-vehicles-chromium\video.webm
    ────────────────────────────────────────────────────────────────────────────────────────────────

    Error Context: e2e\results\scenarios-client-vehicle-h-1632b-nd-manage-multiple-vehicles-chromium\error-context.md

  74) [chromium] › e2e\tests\scenarios\client-vehicle-history.spec.ts:84:7 › Client Vehicle History › vehicle select updates when client changes 

    Error: page.goto: net::ERR_CONNECTION_REFUSED at http://localhost:3000/login
    Call log:
      - navigating to "http://localhost:3000/login", waiting until "load"


       at ..\pages\LoginPage.ts:62

      60 |     const password = process.env.E2E_TEST_PASSWORD || 'Test1234!';
      61 |
    > 62 |     await this.page.goto('/login');
         |                     ^
      63 |     await this.page.waitForLoadState('domcontentloaded');
      64 |
      65 |     // Check if we're already logged in (redirected to dashboard or setup)
        at LoginPage.loginAsTestUser (C:\Repos\htekdev\taller-mecanico\workdir\feat--factura-pdf-upload-v2\e2e\pages\LoginPage.ts:62:21)
        at C:\Repos\htekdev\taller-mecanico\workdir\feat--factura-pdf-upload-v2\e2e\tests\scenarios\client-vehicle-history.spec.ts:21:21

    attachment #1: screenshot (image/png) ──────────────────────────────────────────────────────────
    e2e\results\scenarios-client-vehicle-h-79889-updates-when-client-changes-chromium\test-failed-1.png
    ────────────────────────────────────────────────────────────────────────────────────────────────

    attachment #2: video (video/webm) ──────────────────────────────────────────────────────────────
    e2e\results\scenarios-client-vehicle-h-79889-updates-when-client-changes-chromium\video.webm
    ────────────────────────────────────────────────────────────────────────────────────────────────

    Error Context: e2e\results\scenarios-client-vehicle-h-79889-updates-when-client-changes-chromium\error-context.md

  75) [chromium] › e2e\tests\scenarios\clientes-crud.spec.ts:27:7 › Clientes Full CRUD › clientes module loads without crash 

    Error: page.goto: net::ERR_CONNECTION_REFUSED at http://localhost:3000/login
    Call log:
      - navigating to "http://localhost:3000/login", waiting until "load"


       at ..\pages\LoginPage.ts:62

      60 |     const password = process.env.E2E_TEST_PASSWORD || 'Test1234!';
      61 |
    > 62 |     await this.page.goto('/login');
         |                     ^
      63 |     await this.page.waitForLoadState('domcontentloaded');
      64 |
      65 |     // Check if we're already logged in (redirected to dashboard or setup)
        at LoginPage.loginAsTestUser (C:\Repos\htekdev\taller-mecanico\workdir\feat--factura-pdf-upload-v2\e2e\pages\LoginPage.ts:62:21)
        at C:\Repos\htekdev\taller-mecanico\workdir\feat--factura-pdf-upload-v2\e2e\tests\scenarios\clientes-crud.spec.ts:24:21

    attachment #1: screenshot (image/png) ──────────────────────────────────────────────────────────
    e2e\results\scenarios-clientes-crud-Cl-090b9--module-loads-without-crash-chromium\test-failed-1.png
    ────────────────────────────────────────────────────────────────────────────────────────────────

    attachment #2: video (video/webm) ──────────────────────────────────────────────────────────────
    e2e\results\scenarios-clientes-crud-Cl-090b9--module-loads-without-crash-chromium\video.webm
    ────────────────────────────────────────────────────────────────────────────────────────────────

    Error Context: e2e\results\scenarios-clientes-crud-Cl-090b9--module-loads-without-crash-chromium\error-context.md

  76) [chromium] › e2e\tests\scenarios\clientes-crud.spec.ts:46:7 › Clientes Full CRUD › create a new client 

    Error: page.goto: net::ERR_CONNECTION_REFUSED at http://localhost:3000/login
    Call log:
      - navigating to "http://localhost:3000/login", waiting until "load"


       at ..\pages\LoginPage.ts:62

      60 |     const password = process.env.E2E_TEST_PASSWORD || 'Test1234!';
      61 |
    > 62 |     await this.page.goto('/login');
         |                     ^
      63 |     await this.page.waitForLoadState('domcontentloaded');
      64 |
      65 |     // Check if we're already logged in (redirected to dashboard or setup)
        at LoginPage.loginAsTestUser (C:\Repos\htekdev\taller-mecanico\workdir\feat--factura-pdf-upload-v2\e2e\pages\LoginPage.ts:62:21)
        at C:\Repos\htekdev\taller-mecanico\workdir\feat--factura-pdf-upload-v2\e2e\tests\scenarios\clientes-crud.spec.ts:24:21

    attachment #1: screenshot (image/png) ──────────────────────────────────────────────────────────
    e2e\results\scenarios-clientes-crud-Cl-1e85a-ll-CRUD-create-a-new-client-chromium\test-failed-1.png
    ────────────────────────────────────────────────────────────────────────────────────────────────

    attachment #2: video (video/webm) ──────────────────────────────────────────────────────────────
    e2e\results\scenarios-clientes-crud-Cl-1e85a-ll-CRUD-create-a-new-client-chromium\video.webm
    ────────────────────────────────────────────────────────────────────────────────────────────────

    Error Context: e2e\results\scenarios-clientes-crud-Cl-1e85a-ll-CRUD-create-a-new-client-chromium\error-context.md

  77) [chromium] › e2e\tests\scenarios\clientes-crud.spec.ts:119:7 › Clientes Full CRUD › add a vehicle to an existing client 

    Error: page.goto: net::ERR_CONNECTION_REFUSED at http://localhost:3000/login
    Call log:
      - navigating to "http://localhost:3000/login", waiting until "load"


       at ..\pages\LoginPage.ts:62

      60 |     const password = process.env.E2E_TEST_PASSWORD || 'Test1234!';
      61 |
    > 62 |     await this.page.goto('/login');
         |                     ^
      63 |     await this.page.waitForLoadState('domcontentloaded');
      64 |
      65 |     // Check if we're already logged in (redirected to dashboard or setup)
        at LoginPage.loginAsTestUser (C:\Repos\htekdev\taller-mecanico\workdir\feat--factura-pdf-upload-v2\e2e\pages\LoginPage.ts:62:21)
        at C:\Repos\htekdev\taller-mecanico\workdir\feat--factura-pdf-upload-v2\e2e\tests\scenarios\clientes-crud.spec.ts:24:21

    attachment #1: screenshot (image/png) ──────────────────────────────────────────────────────────
    e2e\results\scenarios-clientes-crud-Cl-ef826-hicle-to-an-existing-client-chromium\test-failed-1.png
    ────────────────────────────────────────────────────────────────────────────────────────────────

    attachment #2: video (video/webm) ──────────────────────────────────────────────────────────────
    e2e\results\scenarios-clientes-crud-Cl-ef826-hicle-to-an-existing-client-chromium\video.webm
    ────────────────────────────────────────────────────────────────────────────────────────────────

    Error Context: e2e\results\scenarios-clientes-crud-Cl-ef826-hicle-to-an-existing-client-chromium\error-context.md

  78) [chromium] › e2e\tests\scenarios\clientes-crud.spec.ts:180:7 › Clientes Full CRUD › search for a client filters the list 

    Error: page.goto: net::ERR_CONNECTION_REFUSED at http://localhost:3000/login
    Call log:
      - navigating to "http://localhost:3000/login", waiting until "load"


       at ..\pages\LoginPage.ts:62

      60 |     const password = process.env.E2E_TEST_PASSWORD || 'Test1234!';
      61 |
    > 62 |     await this.page.goto('/login');
         |                     ^
      63 |     await this.page.waitForLoadState('domcontentloaded');
      64 |
      65 |     // Check if we're already logged in (redirected to dashboard or setup)
        at LoginPage.loginAsTestUser (C:\Repos\htekdev\taller-mecanico\workdir\feat--factura-pdf-upload-v2\e2e\pages\LoginPage.ts:62:21)
        at C:\Repos\htekdev\taller-mecanico\workdir\feat--factura-pdf-upload-v2\e2e\tests\scenarios\clientes-crud.spec.ts:24:21

    attachment #1: screenshot (image/png) ──────────────────────────────────────────────────────────
    e2e\results\scenarios-clientes-crud-Cl-6e5d8-r-a-client-filters-the-list-chromium\test-failed-1.png
    ────────────────────────────────────────────────────────────────────────────────────────────────

    attachment #2: video (video/webm) ──────────────────────────────────────────────────────────────
    e2e\results\scenarios-clientes-crud-Cl-6e5d8-r-a-client-filters-the-list-chromium\video.webm
    ────────────────────────────────────────────────────────────────────────────────────────────────

    Error Context: e2e\results\scenarios-clientes-crud-Cl-6e5d8-r-a-client-filters-the-list-chromium\error-context.md

  79) [chromium] › e2e\tests\scenarios\clientes-crud.spec.ts:214:7 › Clientes Full CRUD › clientes list shows no NaN/undefined values 

    Error: page.goto: net::ERR_CONNECTION_REFUSED at http://localhost:3000/login
    Call log:
      - navigating to "http://localhost:3000/login", waiting until "load"


       at ..\pages\LoginPage.ts:62

      60 |     const password = process.env.E2E_TEST_PASSWORD || 'Test1234!';
      61 |
    > 62 |     await this.page.goto('/login');
         |                     ^
      63 |     await this.page.waitForLoadState('domcontentloaded');
      64 |
      65 |     // Check if we're already logged in (redirected to dashboard or setup)
        at LoginPage.loginAsTestUser (C:\Repos\htekdev\taller-mecanico\workdir\feat--factura-pdf-upload-v2\e2e\pages\LoginPage.ts:62:21)
        at C:\Repos\htekdev\taller-mecanico\workdir\feat--factura-pdf-upload-v2\e2e\tests\scenarios\clientes-crud.spec.ts:24:21

    attachment #1: screenshot (image/png) ──────────────────────────────────────────────────────────
    e2e\results\scenarios-clientes-crud-Cl-f1878-ows-no-NaN-undefined-values-chromium\test-failed-1.png
    ────────────────────────────────────────────────────────────────────────────────────────────────

    attachment #2: video (video/webm) ──────────────────────────────────────────────────────────────
    e2e\results\scenarios-clientes-crud-Cl-f1878-ows-no-NaN-undefined-values-chromium\video.webm
    ────────────────────────────────────────────────────────────────────────────────────────────────

    Error Context: e2e\results\scenarios-clientes-crud-Cl-f1878-ows-no-NaN-undefined-values-chromium\error-context.md

  80) [chromium] › e2e\tests\scenarios\clientes-crud.spec.ts:239:7 › Clientes Full CRUD › clientes module survives navigation away and back 

    Error: page.goto: net::ERR_CONNECTION_REFUSED at http://localhost:3000/login
    Call log:
      - navigating to "http://localhost:3000/login", waiting until "load"


       at ..\pages\LoginPage.ts:62

      60 |     const password = process.env.E2E_TEST_PASSWORD || 'Test1234!';
      61 |
    > 62 |     await this.page.goto('/login');
         |                     ^
      63 |     await this.page.waitForLoadState('domcontentloaded');
      64 |
      65 |     // Check if we're already logged in (redirected to dashboard or setup)
        at LoginPage.loginAsTestUser (C:\Repos\htekdev\taller-mecanico\workdir\feat--factura-pdf-upload-v2\e2e\pages\LoginPage.ts:62:21)
        at C:\Repos\htekdev\taller-mecanico\workdir\feat--factura-pdf-upload-v2\e2e\tests\scenarios\clientes-crud.spec.ts:24:21

    attachment #1: screenshot (image/png) ──────────────────────────────────────────────────────────
    e2e\results\scenarios-clientes-crud-Cl-f88d4-es-navigation-away-and-back-chromium\test-failed-1.png
    ────────────────────────────────────────────────────────────────────────────────────────────────

    attachment #2: video (video/webm) ──────────────────────────────────────────────────────────────
    e2e\results\scenarios-clientes-crud-Cl-f88d4-es-navigation-away-and-back-chromium\video.webm
    ────────────────────────────────────────────────────────────────────────────────────────────────

    Error Context: e2e\results\scenarios-clientes-crud-Cl-f88d4-es-navigation-away-and-back-chromium\error-context.md

  81) [chromium] › e2e\tests\scenarios\configuracion-module.spec.ts:19:7 › Configuración › configuracion module loads without crash 

    Error: page.goto: net::ERR_CONNECTION_REFUSED at http://localhost:3000/login
    Call log:
      - navigating to "http://localhost:3000/login", waiting until "load"


       at ..\pages\LoginPage.ts:62

      60 |     const password = process.env.E2E_TEST_PASSWORD || 'Test1234!';
      61 |
    > 62 |     await this.page.goto('/login');
         |                     ^
      63 |     await this.page.waitForLoadState('domcontentloaded');
      64 |
      65 |     // Check if we're already logged in (redirected to dashboard or setup)
        at LoginPage.loginAsTestUser (C:\Repos\htekdev\taller-mecanico\workdir\feat--factura-pdf-upload-v2\e2e\pages\LoginPage.ts:62:21)
        at C:\Repos\htekdev\taller-mecanico\workdir\feat--factura-pdf-upload-v2\e2e\tests\scenarios\configuracion-module.spec.ts:16:21

    attachment #1: screenshot (image/png) ──────────────────────────────────────────────────────────
    e2e\results\scenarios-configuracion-mo-51c4f--module-loads-without-crash-chromium\test-failed-1.png
    ────────────────────────────────────────────────────────────────────────────────────────────────

    attachment #2: video (video/webm) ──────────────────────────────────────────────────────────────
    e2e\results\scenarios-configuracion-mo-51c4f--module-loads-without-crash-chromium\video.webm
    ────────────────────────────────────────────────────────────────────────────────────────────────

    Error Context: e2e\results\scenarios-configuracion-mo-51c4f--module-loads-without-crash-chromium\error-context.md

  82) [chromium] › e2e\tests\scenarios\configuracion-module.spec.ts:37:7 › Configuración › configuracion shows settings heading in Spanish 

    Error: page.goto: net::ERR_CONNECTION_REFUSED at http://localhost:3000/login
    Call log:
      - navigating to "http://localhost:3000/login", waiting until "load"


       at ..\pages\LoginPage.ts:62

      60 |     const password = process.env.E2E_TEST_PASSWORD || 'Test1234!';
      61 |
    > 62 |     await this.page.goto('/login');
         |                     ^
      63 |     await this.page.waitForLoadState('domcontentloaded');
      64 |
      65 |     // Check if we're already logged in (redirected to dashboard or setup)
        at LoginPage.loginAsTestUser (C:\Repos\htekdev\taller-mecanico\workdir\feat--factura-pdf-upload-v2\e2e\pages\LoginPage.ts:62:21)
        at C:\Repos\htekdev\taller-mecanico\workdir\feat--factura-pdf-upload-v2\e2e\tests\scenarios\configuracion-module.spec.ts:16:21

    attachment #1: screenshot (image/png) ──────────────────────────────────────────────────────────
    e2e\results\scenarios-configuracion-mo-d85ca-settings-heading-in-Spanish-chromium\test-failed-1.png
    ────────────────────────────────────────────────────────────────────────────────────────────────

    attachment #2: video (video/webm) ──────────────────────────────────────────────────────────────
    e2e\results\scenarios-configuracion-mo-d85ca-settings-heading-in-Spanish-chromium\video.webm
    ────────────────────────────────────────────────────────────────────────────────────────────────

    Error Context: e2e\results\scenarios-configuracion-mo-d85ca-settings-heading-in-Spanish-chromium\error-context.md

  83) [chromium] › e2e\tests\scenarios\configuracion-module.spec.ts:64:7 › Configuración › configuracion shows members or invite section 

    Error: page.goto: net::ERR_CONNECTION_REFUSED at http://localhost:3000/login
    Call log:
      - navigating to "http://localhost:3000/login", waiting until "load"


       at ..\pages\LoginPage.ts:62

      60 |     const password = process.env.E2E_TEST_PASSWORD || 'Test1234!';
      61 |
    > 62 |     await this.page.goto('/login');
         |                     ^
      63 |     await this.page.waitForLoadState('domcontentloaded');
      64 |
      65 |     // Check if we're already logged in (redirected to dashboard or setup)
        at LoginPage.loginAsTestUser (C:\Repos\htekdev\taller-mecanico\workdir\feat--factura-pdf-upload-v2\e2e\pages\LoginPage.ts:62:21)
        at C:\Repos\htekdev\taller-mecanico\workdir\feat--factura-pdf-upload-v2\e2e\tests\scenarios\configuracion-module.spec.ts:16:21

    attachment #1: screenshot (image/png) ──────────────────────────────────────────────────────────
    e2e\results\scenarios-configuracion-mo-70cdb-s-members-or-invite-section-chromium\test-failed-1.png
    ────────────────────────────────────────────────────────────────────────────────────────────────

    attachment #2: video (video/webm) ──────────────────────────────────────────────────────────────
    e2e\results\scenarios-configuracion-mo-70cdb-s-members-or-invite-section-chromium\video.webm
    ────────────────────────────────────────────────────────────────────────────────────────────────

    Error Context: e2e\results\scenarios-configuracion-mo-70cdb-s-members-or-invite-section-chromium\error-context.md

  84) [chromium] › e2e\tests\scenarios\configuracion-module.spec.ts:87:7 › Configuración › configuracion does not expose raw debug errors 

    Error: page.goto: net::ERR_CONNECTION_REFUSED at http://localhost:3000/login
    Call log:
      - navigating to "http://localhost:3000/login", waiting until "load"


       at ..\pages\LoginPage.ts:62

      60 |     const password = process.env.E2E_TEST_PASSWORD || 'Test1234!';
      61 |
    > 62 |     await this.page.goto('/login');
         |                     ^
      63 |     await this.page.waitForLoadState('domcontentloaded');
      64 |
      65 |     // Check if we're already logged in (redirected to dashboard or setup)
        at LoginPage.loginAsTestUser (C:\Repos\htekdev\taller-mecanico\workdir\feat--factura-pdf-upload-v2\e2e\pages\LoginPage.ts:62:21)
        at C:\Repos\htekdev\taller-mecanico\workdir\feat--factura-pdf-upload-v2\e2e\tests\scenarios\configuracion-module.spec.ts:16:21

    attachment #1: screenshot (image/png) ──────────────────────────────────────────────────────────
    e2e\results\scenarios-configuracion-mo-88ffd-not-expose-raw-debug-errors-chromium\test-failed-1.png
    ────────────────────────────────────────────────────────────────────────────────────────────────

    attachment #2: video (video/webm) ──────────────────────────────────────────────────────────────
    e2e\results\scenarios-configuracion-mo-88ffd-not-expose-raw-debug-errors-chromium\video.webm
    ────────────────────────────────────────────────────────────────────────────────────────────────

    Error Context: e2e\results\scenarios-configuracion-mo-88ffd-not-expose-raw-debug-errors-chromium\error-context.md

  85) [chromium] › e2e\tests\scenarios\configuracion-module.spec.ts:101:7 › Configuración › configuracion is reachable from inventario tab 

    Error: page.goto: net::ERR_CONNECTION_REFUSED at http://localhost:3000/login
    Call log:
      - navigating to "http://localhost:3000/login", waiting until "load"


       at ..\pages\LoginPage.ts:62

      60 |     const password = process.env.E2E_TEST_PASSWORD || 'Test1234!';
      61 |
    > 62 |     await this.page.goto('/login');
         |                     ^
      63 |     await this.page.waitForLoadState('domcontentloaded');
      64 |
      65 |     // Check if we're already logged in (redirected to dashboard or setup)
        at LoginPage.loginAsTestUser (C:\Repos\htekdev\taller-mecanico\workdir\feat--factura-pdf-upload-v2\e2e\pages\LoginPage.ts:62:21)
        at C:\Repos\htekdev\taller-mecanico\workdir\feat--factura-pdf-upload-v2\e2e\tests\scenarios\configuracion-module.spec.ts:16:21

    attachment #1: screenshot (image/png) ──────────────────────────────────────────────────────────
    e2e\results\scenarios-configuracion-mo-da7e6-achable-from-inventario-tab-chromium\test-failed-1.png
    ────────────────────────────────────────────────────────────────────────────────────────────────

    attachment #2: video (video/webm) ──────────────────────────────────────────────────────────────
    e2e\results\scenarios-configuracion-mo-da7e6-achable-from-inventario-tab-chromium\video.webm
    ────────────────────────────────────────────────────────────────────────────────────────────────

    Error Context: e2e\results\scenarios-configuracion-mo-da7e6-achable-from-inventario-tab-chromium\error-context.md

  86) [chromium] › e2e\tests\scenarios\cotizacion-lifecycle.spec.ts:29:7 › Cotización Lifecycle › complete flow: create → save → edit → convert to trabajo 

    Error: page.goto: net::ERR_CONNECTION_REFUSED at http://localhost:3000/login
    Call log:
      - navigating to "http://localhost:3000/login", waiting until "load"


       at ..\pages\LoginPage.ts:62

      60 |     const password = process.env.E2E_TEST_PASSWORD || 'Test1234!';
      61 |
    > 62 |     await this.page.goto('/login');
         |                     ^
      63 |     await this.page.waitForLoadState('domcontentloaded');
      64 |
      65 |     // Check if we're already logged in (redirected to dashboard or setup)
        at LoginPage.loginAsTestUser (C:\Repos\htekdev\taller-mecanico\workdir\feat--factura-pdf-upload-v2\e2e\pages\LoginPage.ts:62:21)
        at C:\Repos\htekdev\taller-mecanico\workdir\feat--factura-pdf-upload-v2\e2e\tests\scenarios\cotizacion-lifecycle.spec.ts:26:21

    attachment #1: screenshot (image/png) ──────────────────────────────────────────────────────────
    e2e\results\scenarios-cotizacion-lifec-8ead9-→-edit-→-convert-to-trabajo-chromium\test-failed-1.png
    ────────────────────────────────────────────────────────────────────────────────────────────────

    attachment #2: video (video/webm) ──────────────────────────────────────────────────────────────
    e2e\results\scenarios-cotizacion-lifec-8ead9-→-edit-→-convert-to-trabajo-chromium\video.webm
    ────────────────────────────────────────────────────────────────────────────────────────────────

    Error Context: e2e\results\scenarios-cotizacion-lifec-8ead9-→-edit-→-convert-to-trabajo-chromium\error-context.md

  87) [chromium] › e2e\tests\scenarios\cotizacion-lifecycle.spec.ts:74:7 › Cotización Lifecycle › create cotización with Ayuntamiento plantilla 

    Error: page.goto: net::ERR_CONNECTION_REFUSED at http://localhost:3000/login
    Call log:
      - navigating to "http://localhost:3000/login", waiting until "load"


       at ..\pages\LoginPage.ts:62

      60 |     const password = process.env.E2E_TEST_PASSWORD || 'Test1234!';
      61 |
    > 62 |     await this.page.goto('/login');
         |                     ^
      63 |     await this.page.waitForLoadState('domcontentloaded');
      64 |
      65 |     // Check if we're already logged in (redirected to dashboard or setup)
        at LoginPage.loginAsTestUser (C:\Repos\htekdev\taller-mecanico\workdir\feat--factura-pdf-upload-v2\e2e\pages\LoginPage.ts:62:21)
        at C:\Repos\htekdev\taller-mecanico\workdir\feat--factura-pdf-upload-v2\e2e\tests\scenarios\cotizacion-lifecycle.spec.ts:26:21

    attachment #1: screenshot (image/png) ──────────────────────────────────────────────────────────
    e2e\results\scenarios-cotizacion-lifec-b8579-with-Ayuntamiento-plantilla-chromium\test-failed-1.png
    ────────────────────────────────────────────────────────────────────────────────────────────────

    attachment #2: video (video/webm) ──────────────────────────────────────────────────────────────
    e2e\results\scenarios-cotizacion-lifec-b8579-with-Ayuntamiento-plantilla-chromium\video.webm
    ────────────────────────────────────────────────────────────────────────────────────────────────

    Error Context: e2e\results\scenarios-cotizacion-lifec-b8579-with-Ayuntamiento-plantilla-chromium\error-context.md

  88) [chromium] › e2e\tests\scenarios\cotizacion-lifecycle.spec.ts:97:7 › Cotización Lifecycle › cotización form preserves data on validation error 

    Error: page.goto: net::ERR_CONNECTION_REFUSED at http://localhost:3000/login
    Call log:
      - navigating to "http://localhost:3000/login", waiting until "load"


       at ..\pages\LoginPage.ts:62

      60 |     const password = process.env.E2E_TEST_PASSWORD || 'Test1234!';
      61 |
    > 62 |     await this.page.goto('/login');
         |                     ^
      63 |     await this.page.waitForLoadState('domcontentloaded');
      64 |
      65 |     // Check if we're already logged in (redirected to dashboard or setup)
        at LoginPage.loginAsTestUser (C:\Repos\htekdev\taller-mecanico\workdir\feat--factura-pdf-upload-v2\e2e\pages\LoginPage.ts:62:21)
        at C:\Repos\htekdev\taller-mecanico\workdir\feat--factura-pdf-upload-v2\e2e\tests\scenarios\cotizacion-lifecycle.spec.ts:26:21

    attachment #1: screenshot (image/png) ──────────────────────────────────────────────────────────
    e2e\results\scenarios-cotizacion-lifec-3806a-es-data-on-validation-error-chromium\test-failed-1.png
    ────────────────────────────────────────────────────────────────────────────────────────────────

    attachment #2: video (video/webm) ──────────────────────────────────────────────────────────────
    e2e\results\scenarios-cotizacion-lifec-3806a-es-data-on-validation-error-chromium\video.webm
    ────────────────────────────────────────────────────────────────────────────────────────────────

    Error Context: e2e\results\scenarios-cotizacion-lifec-3806a-es-data-on-validation-error-chromium\error-context.md

  89) [chromium] › e2e\tests\scenarios\cuentas-por-pagar.spec.ts:26:7 › Cuentas por Pagar (Por Pagar) › cuentas por pagar module loads without crash 

    Error: page.goto: net::ERR_CONNECTION_REFUSED at http://localhost:3000/login
    Call log:
      - navigating to "http://localhost:3000/login", waiting until "load"


       at ..\pages\LoginPage.ts:62

      60 |     const password = process.env.E2E_TEST_PASSWORD || 'Test1234!';
      61 |
    > 62 |     await this.page.goto('/login');
         |                     ^
      63 |     await this.page.waitForLoadState('domcontentloaded');
      64 |
      65 |     // Check if we're already logged in (redirected to dashboard or setup)
        at LoginPage.loginAsTestUser (C:\Repos\htekdev\taller-mecanico\workdir\feat--factura-pdf-upload-v2\e2e\pages\LoginPage.ts:62:21)
        at C:\Repos\htekdev\taller-mecanico\workdir\feat--factura-pdf-upload-v2\e2e\tests\scenarios\cuentas-por-pagar.spec.ts:23:21

    attachment #1: screenshot (image/png) ──────────────────────────────────────────────────────────
    e2e\results\scenarios-cuentas-por-paga-1a4a5--module-loads-without-crash-chromium\test-failed-1.png
    ────────────────────────────────────────────────────────────────────────────────────────────────

    attachment #2: video (video/webm) ──────────────────────────────────────────────────────────────
    e2e\results\scenarios-cuentas-por-paga-1a4a5--module-loads-without-crash-chromium\video.webm
    ────────────────────────────────────────────────────────────────────────────────────────────────

    Error Context: e2e\results\scenarios-cuentas-por-paga-1a4a5--module-loads-without-crash-chromium\error-context.md

  90) [chromium] › e2e\tests\scenarios\cuentas-por-pagar.spec.ts:71:7 › Cuentas por Pagar (Por Pagar) › cuentas por pagar monetary values are well-formatted 

    Error: page.goto: net::ERR_CONNECTION_REFUSED at http://localhost:3000/login
    Call log:
      - navigating to "http://localhost:3000/login", waiting until "load"


       at ..\pages\LoginPage.ts:62

      60 |     const password = process.env.E2E_TEST_PASSWORD || 'Test1234!';
      61 |
    > 62 |     await this.page.goto('/login');
         |                     ^
      63 |     await this.page.waitForLoadState('domcontentloaded');
      64 |
      65 |     // Check if we're already logged in (redirected to dashboard or setup)
        at LoginPage.loginAsTestUser (C:\Repos\htekdev\taller-mecanico\workdir\feat--factura-pdf-upload-v2\e2e\pages\LoginPage.ts:62:21)
        at C:\Repos\htekdev\taller-mecanico\workdir\feat--factura-pdf-upload-v2\e2e\tests\scenarios\cuentas-por-pagar.spec.ts:23:21

    attachment #1: screenshot (image/png) ──────────────────────────────────────────────────────────
    e2e\results\scenarios-cuentas-por-paga-4c7fc-y-values-are-well-formatted-chromium\test-failed-1.png
    ────────────────────────────────────────────────────────────────────────────────────────────────

    attachment #2: video (video/webm) ──────────────────────────────────────────────────────────────
    e2e\results\scenarios-cuentas-por-paga-4c7fc-y-values-are-well-formatted-chromium\video.webm
    ────────────────────────────────────────────────────────────────────────────────────────────────

    Error Context: e2e\results\scenarios-cuentas-por-paga-4c7fc-y-values-are-well-formatted-chromium\error-context.md

  91) [chromium] › e2e\tests\scenarios\cuentas-por-pagar.spec.ts:100:7 › Cuentas por Pagar (Por Pagar) › cuentas por pagar empty state shows correct Spanish message 

    Error: page.goto: net::ERR_CONNECTION_REFUSED at http://localhost:3000/login
    Call log:
      - navigating to "http://localhost:3000/login", waiting until "load"


       at ..\pages\LoginPage.ts:62

      60 |     const password = process.env.E2E_TEST_PASSWORD || 'Test1234!';
      61 |
    > 62 |     await this.page.goto('/login');
         |                     ^
      63 |     await this.page.waitForLoadState('domcontentloaded');
      64 |
      65 |     // Check if we're already logged in (redirected to dashboard or setup)
        at LoginPage.loginAsTestUser (C:\Repos\htekdev\taller-mecanico\workdir\feat--factura-pdf-upload-v2\e2e\pages\LoginPage.ts:62:21)
        at C:\Repos\htekdev\taller-mecanico\workdir\feat--factura-pdf-upload-v2\e2e\tests\scenarios\cuentas-por-pagar.spec.ts:23:21

    attachment #1: screenshot (image/png) ──────────────────────────────────────────────────────────
    e2e\results\scenarios-cuentas-por-paga-8503a-ows-correct-Spanish-message-chromium\test-failed-1.png
    ────────────────────────────────────────────────────────────────────────────────────────────────

    attachment #2: video (video/webm) ──────────────────────────────────────────────────────────────
    e2e\results\scenarios-cuentas-por-paga-8503a-ows-correct-Spanish-message-chromium\video.webm
    ────────────────────────────────────────────────────────────────────────────────────────────────

    Error Context: e2e\results\scenarios-cuentas-por-paga-8503a-ows-correct-Spanish-message-chromium\error-context.md

  92) [chromium] › e2e\tests\scenarios\cuentas-por-pagar.spec.ts:129:7 › Cuentas por Pagar (Por Pagar) › cuentas por pagar "Total por Pagar" summary renders 

    Error: page.goto: net::ERR_CONNECTION_REFUSED at http://localhost:3000/login
    Call log:
      - navigating to "http://localhost:3000/login", waiting until "load"


       at ..\pages\LoginPage.ts:62

      60 |     const password = process.env.E2E_TEST_PASSWORD || 'Test1234!';
      61 |
    > 62 |     await this.page.goto('/login');
         |                     ^
      63 |     await this.page.waitForLoadState('domcontentloaded');
      64 |
      65 |     // Check if we're already logged in (redirected to dashboard or setup)
        at LoginPage.loginAsTestUser (C:\Repos\htekdev\taller-mecanico\workdir\feat--factura-pdf-upload-v2\e2e\pages\LoginPage.ts:62:21)
        at C:\Repos\htekdev\taller-mecanico\workdir\feat--factura-pdf-upload-v2\e2e\tests\scenarios\cuentas-por-pagar.spec.ts:23:21

    attachment #1: screenshot (image/png) ──────────────────────────────────────────────────────────
    e2e\results\scenarios-cuentas-por-paga-ef25a-l-por-Pagar-summary-renders-chromium\test-failed-1.png
    ────────────────────────────────────────────────────────────────────────────────────────────────

    attachment #2: video (video/webm) ──────────────────────────────────────────────────────────────
    e2e\results\scenarios-cuentas-por-paga-ef25a-l-por-Pagar-summary-renders-chromium\video.webm
    ────────────────────────────────────────────────────────────────────────────────────────────────

    Error Context: e2e\results\scenarios-cuentas-por-paga-ef25a-l-por-Pagar-summary-renders-chromium\error-context.md

  93) [chromium] › e2e\tests\scenarios\cuentas-por-pagar.spec.ts:160:7 › Cuentas por Pagar (Por Pagar) › cuentas por pagar payment registration 

    Error: page.goto: net::ERR_CONNECTION_REFUSED at http://localhost:3000/login
    Call log:
      - navigating to "http://localhost:3000/login", waiting until "load"


       at ..\pages\LoginPage.ts:62

      60 |     const password = process.env.E2E_TEST_PASSWORD || 'Test1234!';
      61 |
    > 62 |     await this.page.goto('/login');
         |                     ^
      63 |     await this.page.waitForLoadState('domcontentloaded');
      64 |
      65 |     // Check if we're already logged in (redirected to dashboard or setup)
        at LoginPage.loginAsTestUser (C:\Repos\htekdev\taller-mecanico\workdir\feat--factura-pdf-upload-v2\e2e\pages\LoginPage.ts:62:21)
        at C:\Repos\htekdev\taller-mecanico\workdir\feat--factura-pdf-upload-v2\e2e\tests\scenarios\cuentas-por-pagar.spec.ts:23:21

    attachment #1: screenshot (image/png) ──────────────────────────────────────────────────────────
    e2e\results\scenarios-cuentas-por-paga-ce7ba--pagar-payment-registration-chromium\test-failed-1.png
    ────────────────────────────────────────────────────────────────────────────────────────────────

    attachment #2: video (video/webm) ──────────────────────────────────────────────────────────────
    e2e\results\scenarios-cuentas-por-paga-ce7ba--pagar-payment-registration-chromium\video.webm
    ────────────────────────────────────────────────────────────────────────────────────────────────

    Error Context: e2e\results\scenarios-cuentas-por-paga-ce7ba--pagar-payment-registration-chromium\error-context.md

  94) [chromium] › e2e\tests\scenarios\cuentas-por-pagar.spec.ts:201:7 › Cuentas por Pagar (Por Pagar) › cuentas por pagar survives rapid navigation away and back 

    Error: page.goto: net::ERR_CONNECTION_REFUSED at http://localhost:3000/login
    Call log:
      - navigating to "http://localhost:3000/login", waiting until "load"


       at ..\pages\LoginPage.ts:62

      60 |     const password = process.env.E2E_TEST_PASSWORD || 'Test1234!';
      61 |
    > 62 |     await this.page.goto('/login');
         |                     ^
      63 |     await this.page.waitForLoadState('domcontentloaded');
      64 |
      65 |     // Check if we're already logged in (redirected to dashboard or setup)
        at LoginPage.loginAsTestUser (C:\Repos\htekdev\taller-mecanico\workdir\feat--factura-pdf-upload-v2\e2e\pages\LoginPage.ts:62:21)
        at C:\Repos\htekdev\taller-mecanico\workdir\feat--factura-pdf-upload-v2\e2e\tests\scenarios\cuentas-por-pagar.spec.ts:23:21

    attachment #1: screenshot (image/png) ──────────────────────────────────────────────────────────
    e2e\results\scenarios-cuentas-por-paga-8cb26-id-navigation-away-and-back-chromium\test-failed-1.png
    ────────────────────────────────────────────────────────────────────────────────────────────────

    attachment #2: video (video/webm) ──────────────────────────────────────────────────────────────
    e2e\results\scenarios-cuentas-por-paga-8cb26-id-navigation-away-and-back-chromium\video.webm
    ────────────────────────────────────────────────────────────────────────────────────────────────

    Error Context: e2e\results\scenarios-cuentas-por-paga-8cb26-id-navigation-away-and-back-chromium\error-context.md

  95) [chromium] › e2e\tests\scenarios\cuentas-por-pagar.spec.ts:227:7 › Cuentas por Pagar (Por Pagar) › cuentas por pagar distinguishes between servicios and refacciones payables 

    Error: page.goto: net::ERR_CONNECTION_REFUSED at http://localhost:3000/login
    Call log:
      - navigating to "http://localhost:3000/login", waiting until "load"


       at ..\pages\LoginPage.ts:62

      60 |     const password = process.env.E2E_TEST_PASSWORD || 'Test1234!';
      61 |
    > 62 |     await this.page.goto('/login');
         |                     ^
      63 |     await this.page.waitForLoadState('domcontentloaded');
      64 |
      65 |     // Check if we're already logged in (redirected to dashboard or setup)
        at LoginPage.loginAsTestUser (C:\Repos\htekdev\taller-mecanico\workdir\feat--factura-pdf-upload-v2\e2e\pages\LoginPage.ts:62:21)
        at C:\Repos\htekdev\taller-mecanico\workdir\feat--factura-pdf-upload-v2\e2e\tests\scenarios\cuentas-por-pagar.spec.ts:23:21

    attachment #1: screenshot (image/png) ──────────────────────────────────────────────────────────
    e2e\results\scenarios-cuentas-por-paga-6b0cc-os-and-refacciones-payables-chromium\test-failed-1.png
    ────────────────────────────────────────────────────────────────────────────────────────────────

    attachment #2: video (video/webm) ──────────────────────────────────────────────────────────────
    e2e\results\scenarios-cuentas-por-paga-6b0cc-os-and-refacciones-payables-chromium\video.webm
    ────────────────────────────────────────────────────────────────────────────────────────────────

    Error Context: e2e\results\scenarios-cuentas-por-paga-6b0cc-os-and-refacciones-payables-chromium\error-context.md

  96) [chromium] › e2e\tests\scenarios\expense-tracking-deep.spec.ts:23:7 › Expense Tracking Deep › add multiple expenses and verify total accumulation 

    Error: page.goto: net::ERR_CONNECTION_REFUSED at http://localhost:3000/login
    Call log:
      - navigating to "http://localhost:3000/login", waiting until "load"


       at ..\pages\LoginPage.ts:62

      60 |     const password = process.env.E2E_TEST_PASSWORD || 'Test1234!';
      61 |
    > 62 |     await this.page.goto('/login');
         |                     ^
      63 |     await this.page.waitForLoadState('domcontentloaded');
      64 |
      65 |     // Check if we're already logged in (redirected to dashboard or setup)
        at LoginPage.loginAsTestUser (C:\Repos\htekdev\taller-mecanico\workdir\feat--factura-pdf-upload-v2\e2e\pages\LoginPage.ts:62:21)
        at C:\Repos\htekdev\taller-mecanico\workdir\feat--factura-pdf-upload-v2\e2e\tests\scenarios\expense-tracking-deep.spec.ts:20:21

    attachment #1: screenshot (image/png) ──────────────────────────────────────────────────────────
    e2e\results\scenarios-expense-tracking-e9466-d-verify-total-accumulation-chromium\test-failed-1.png
    ────────────────────────────────────────────────────────────────────────────────────────────────

    attachment #2: video (video/webm) ──────────────────────────────────────────────────────────────
    e2e\results\scenarios-expense-tracking-e9466-d-verify-total-accumulation-chromium\video.webm
    ────────────────────────────────────────────────────────────────────────────────────────────────

    Error Context: e2e\results\scenarios-expense-tracking-e9466-d-verify-total-accumulation-chromium\error-context.md

  97) [chromium] › e2e\tests\scenarios\expense-tracking-deep.spec.ts:58:7 › Expense Tracking Deep › filter gastos by category shows correct subset 

    Error: page.goto: net::ERR_CONNECTION_REFUSED at http://localhost:3000/login
    Call log:
      - navigating to "http://localhost:3000/login", waiting until "load"


       at ..\pages\LoginPage.ts:62

      60 |     const password = process.env.E2E_TEST_PASSWORD || 'Test1234!';
      61 |
    > 62 |     await this.page.goto('/login');
         |                     ^
      63 |     await this.page.waitForLoadState('domcontentloaded');
      64 |
      65 |     // Check if we're already logged in (redirected to dashboard or setup)
        at LoginPage.loginAsTestUser (C:\Repos\htekdev\taller-mecanico\workdir\feat--factura-pdf-upload-v2\e2e\pages\LoginPage.ts:62:21)
        at C:\Repos\htekdev\taller-mecanico\workdir\feat--factura-pdf-upload-v2\e2e\tests\scenarios\expense-tracking-deep.spec.ts:20:21

    attachment #1: screenshot (image/png) ──────────────────────────────────────────────────────────
    e2e\results\scenarios-expense-tracking-1ffcb-tegory-shows-correct-subset-chromium\test-failed-1.png
    ────────────────────────────────────────────────────────────────────────────────────────────────

    attachment #2: video (video/webm) ──────────────────────────────────────────────────────────────
    e2e\results\scenarios-expense-tracking-1ffcb-tegory-shows-correct-subset-chromium\video.webm
    ────────────────────────────────────────────────────────────────────────────────────────────────

    Error Context: e2e\results\scenarios-expense-tracking-1ffcb-tegory-shows-correct-subset-chromium\error-context.md

  98) [chromium] › e2e\tests\scenarios\expense-tracking-deep.spec.ts:86:7 › Expense Tracking Deep › expense dates display in proper format 

    Error: page.goto: net::ERR_CONNECTION_REFUSED at http://localhost:3000/login
    Call log:
      - navigating to "http://localhost:3000/login", waiting until "load"


       at ..\pages\LoginPage.ts:62

      60 |     const password = process.env.E2E_TEST_PASSWORD || 'Test1234!';
      61 |
    > 62 |     await this.page.goto('/login');
         |                     ^
      63 |     await this.page.waitForLoadState('domcontentloaded');
      64 |
      65 |     // Check if we're already logged in (redirected to dashboard or setup)
        at LoginPage.loginAsTestUser (C:\Repos\htekdev\taller-mecanico\workdir\feat--factura-pdf-upload-v2\e2e\pages\LoginPage.ts:62:21)
        at C:\Repos\htekdev\taller-mecanico\workdir\feat--factura-pdf-upload-v2\e2e\tests\scenarios\expense-tracking-deep.spec.ts:20:21

    attachment #1: screenshot (image/png) ──────────────────────────────────────────────────────────
    e2e\results\scenarios-expense-tracking-b825a-es-display-in-proper-format-chromium\test-failed-1.png
    ────────────────────────────────────────────────────────────────────────────────────────────────

    attachment #2: video (video/webm) ──────────────────────────────────────────────────────────────
    e2e\results\scenarios-expense-tracking-b825a-es-display-in-proper-format-chromium\video.webm
    ────────────────────────────────────────────────────────────────────────────────────────────────

    Error Context: e2e\results\scenarios-expense-tracking-b825a-es-display-in-proper-format-chromium\error-context.md

  99) [chromium] › e2e\tests\scenarios\expense-tracking.spec.ts:22:7 › Expense Tracking (Gastos) › gastos module loads and functions 

    Error: page.goto: net::ERR_CONNECTION_REFUSED at http://localhost:3000/login
    Call log:
      - navigating to "http://localhost:3000/login", waiting until "load"


       at ..\pages\LoginPage.ts:62

      60 |     const password = process.env.E2E_TEST_PASSWORD || 'Test1234!';
      61 |
    > 62 |     await this.page.goto('/login');
         |                     ^
      63 |     await this.page.waitForLoadState('domcontentloaded');
      64 |
      65 |     // Check if we're already logged in (redirected to dashboard or setup)
        at LoginPage.loginAsTestUser (C:\Repos\htekdev\taller-mecanico\workdir\feat--factura-pdf-upload-v2\e2e\pages\LoginPage.ts:62:21)
        at C:\Repos\htekdev\taller-mecanico\workdir\feat--factura-pdf-upload-v2\e2e\tests\scenarios\expense-tracking.spec.ts:19:21

    attachment #1: screenshot (image/png) ──────────────────────────────────────────────────────────
    e2e\results\scenarios-expense-tracking-0f963--module-loads-and-functions-chromium\test-failed-1.png
    ────────────────────────────────────────────────────────────────────────────────────────────────

    attachment #2: video (video/webm) ──────────────────────────────────────────────────────────────
    e2e\results\scenarios-expense-tracking-0f963--module-loads-and-functions-chromium\video.webm
    ────────────────────────────────────────────────────────────────────────────────────────────────

    Error Context: e2e\results\scenarios-expense-tracking-0f963--module-loads-and-functions-chromium\error-context.md

  100) [chromium] › e2e\tests\scenarios\expense-tracking.spec.ts:36:7 › Expense Tracking (Gastos) › add new expense with full details 

    Error: page.goto: net::ERR_CONNECTION_REFUSED at http://localhost:3000/login
    Call log:
      - navigating to "http://localhost:3000/login", waiting until "load"


       at ..\pages\LoginPage.ts:62

      60 |     const password = process.env.E2E_TEST_PASSWORD || 'Test1234!';
      61 |
    > 62 |     await this.page.goto('/login');
         |                     ^
      63 |     await this.page.waitForLoadState('domcontentloaded');
      64 |
      65 |     // Check if we're already logged in (redirected to dashboard or setup)
        at LoginPage.loginAsTestUser (C:\Repos\htekdev\taller-mecanico\workdir\feat--factura-pdf-upload-v2\e2e\pages\LoginPage.ts:62:21)
        at C:\Repos\htekdev\taller-mecanico\workdir\feat--factura-pdf-upload-v2\e2e\tests\scenarios\expense-tracking.spec.ts:19:21

    attachment #1: screenshot (image/png) ──────────────────────────────────────────────────────────
    e2e\results\scenarios-expense-tracking-1a29f-w-expense-with-full-details-chromium\test-failed-1.png
    ────────────────────────────────────────────────────────────────────────────────────────────────

    attachment #2: video (video/webm) ──────────────────────────────────────────────────────────────
    e2e\results\scenarios-expense-tracking-1a29f-w-expense-with-full-details-chromium\video.webm
    ────────────────────────────────────────────────────────────────────────────────────────────────

    Error Context: e2e\results\scenarios-expense-tracking-1a29f-w-expense-with-full-details-chromium\error-context.md

  101) [chromium] › e2e\tests\scenarios\expense-tracking.spec.ts:57:7 › Expense Tracking (Gastos) › filter gastos by category 

    Error: page.goto: net::ERR_CONNECTION_REFUSED at http://localhost:3000/login
    Call log:
      - navigating to "http://localhost:3000/login", waiting until "load"


       at ..\pages\LoginPage.ts:62

      60 |     const password = process.env.E2E_TEST_PASSWORD || 'Test1234!';
      61 |
    > 62 |     await this.page.goto('/login');
         |                     ^
      63 |     await this.page.waitForLoadState('domcontentloaded');
      64 |
      65 |     // Check if we're already logged in (redirected to dashboard or setup)
        at LoginPage.loginAsTestUser (C:\Repos\htekdev\taller-mecanico\workdir\feat--factura-pdf-upload-v2\e2e\pages\LoginPage.ts:62:21)
        at C:\Repos\htekdev\taller-mecanico\workdir\feat--factura-pdf-upload-v2\e2e\tests\scenarios\expense-tracking.spec.ts:19:21

    attachment #1: screenshot (image/png) ──────────────────────────────────────────────────────────
    e2e\results\scenarios-expense-tracking-6339f-s-filter-gastos-by-category-chromium\test-failed-1.png
    ────────────────────────────────────────────────────────────────────────────────────────────────

    attachment #2: video (video/webm) ──────────────────────────────────────────────────────────────
    e2e\results\scenarios-expense-tracking-6339f-s-filter-gastos-by-category-chromium\video.webm
    ────────────────────────────────────────────────────────────────────────────────────────────────

    Error Context: e2e\results\scenarios-expense-tracking-6339f-s-filter-gastos-by-category-chromium\error-context.md

  102) [chromium] › e2e\tests\scenarios\facturas-module.spec.ts:23:7 › Facturas Module › facturas module loads without crash 

    Error: page.goto: net::ERR_CONNECTION_REFUSED at http://localhost:3000/login
    Call log:
      - navigating to "http://localhost:3000/login", waiting until "load"


       at ..\pages\LoginPage.ts:62

      60 |     const password = process.env.E2E_TEST_PASSWORD || 'Test1234!';
      61 |
    > 62 |     await this.page.goto('/login');
         |                     ^
      63 |     await this.page.waitForLoadState('domcontentloaded');
      64 |
      65 |     // Check if we're already logged in (redirected to dashboard or setup)
        at LoginPage.loginAsTestUser (C:\Repos\htekdev\taller-mecanico\workdir\feat--factura-pdf-upload-v2\e2e\pages\LoginPage.ts:62:21)
        at C:\Repos\htekdev\taller-mecanico\workdir\feat--factura-pdf-upload-v2\e2e\tests\scenarios\facturas-module.spec.ts:20:21

    attachment #1: screenshot (image/png) ──────────────────────────────────────────────────────────
    e2e\results\scenarios-facturas-module--eb7e2--module-loads-without-crash-chromium\test-failed-1.png
    ────────────────────────────────────────────────────────────────────────────────────────────────

    attachment #2: video (video/webm) ──────────────────────────────────────────────────────────────
    e2e\results\scenarios-facturas-module--eb7e2--module-loads-without-crash-chromium\video.webm
    ────────────────────────────────────────────────────────────────────────────────────────────────

    Error Context: e2e\results\scenarios-facturas-module--eb7e2--module-loads-without-crash-chromium\error-context.md

  103) [chromium] › e2e\tests\scenarios\facturas-module.spec.ts:44:7 › Facturas Module › facturas shows Spanish section title 

    Error: page.goto: net::ERR_CONNECTION_REFUSED at http://localhost:3000/login
    Call log:
      - navigating to "http://localhost:3000/login", waiting until "load"


       at ..\pages\LoginPage.ts:62

      60 |     const password = process.env.E2E_TEST_PASSWORD || 'Test1234!';
      61 |
    > 62 |     await this.page.goto('/login');
         |                     ^
      63 |     await this.page.waitForLoadState('domcontentloaded');
      64 |
      65 |     // Check if we're already logged in (redirected to dashboard or setup)
        at LoginPage.loginAsTestUser (C:\Repos\htekdev\taller-mecanico\workdir\feat--factura-pdf-upload-v2\e2e\pages\LoginPage.ts:62:21)
        at C:\Repos\htekdev\taller-mecanico\workdir\feat--factura-pdf-upload-v2\e2e\tests\scenarios\facturas-module.spec.ts:20:21

    attachment #1: screenshot (image/png) ──────────────────────────────────────────────────────────
    e2e\results\scenarios-facturas-module--b44b2-shows-Spanish-section-title-chromium\test-failed-1.png
    ────────────────────────────────────────────────────────────────────────────────────────────────

    attachment #2: video (video/webm) ──────────────────────────────────────────────────────────────
    e2e\results\scenarios-facturas-module--b44b2-shows-Spanish-section-title-chromium\video.webm
    ────────────────────────────────────────────────────────────────────────────────────────────────

    Error Context: e2e\results\scenarios-facturas-module--b44b2-shows-Spanish-section-title-chromium\error-context.md

  104) [chromium] › e2e\tests\scenarios\facturas-module.spec.ts:66:7 › Facturas Module › facturas filter tabs are present and clickable 

    Error: page.goto: net::ERR_CONNECTION_REFUSED at http://localhost:3000/login
    Call log:
      - navigating to "http://localhost:3000/login", waiting until "load"


       at ..\pages\LoginPage.ts:62

      60 |     const password = process.env.E2E_TEST_PASSWORD || 'Test1234!';
      61 |
    > 62 |     await this.page.goto('/login');
         |                     ^
      63 |     await this.page.waitForLoadState('domcontentloaded');
      64 |
      65 |     // Check if we're already logged in (redirected to dashboard or setup)
        at LoginPage.loginAsTestUser (C:\Repos\htekdev\taller-mecanico\workdir\feat--factura-pdf-upload-v2\e2e\pages\LoginPage.ts:62:21)
        at C:\Repos\htekdev\taller-mecanico\workdir\feat--factura-pdf-upload-v2\e2e\tests\scenarios\facturas-module.spec.ts:20:21

    attachment #1: screenshot (image/png) ──────────────────────────────────────────────────────────
    e2e\results\scenarios-facturas-module--c8133-s-are-present-and-clickable-chromium\test-failed-1.png
    ────────────────────────────────────────────────────────────────────────────────────────────────

    attachment #2: video (video/webm) ──────────────────────────────────────────────────────────────
    e2e\results\scenarios-facturas-module--c8133-s-are-present-and-clickable-chromium\video.webm
    ────────────────────────────────────────────────────────────────────────────────────────────────

    Error Context: e2e\results\scenarios-facturas-module--c8133-s-are-present-and-clickable-chromium\error-context.md

  105) [chromium] › e2e\tests\scenarios\facturas-module.spec.ts:94:7 › Facturas Module › facturas monetary values are well-formatted (no NaN/Infinity) 

    Error: page.goto: net::ERR_CONNECTION_REFUSED at http://localhost:3000/login
    Call log:
      - navigating to "http://localhost:3000/login", waiting until "load"


       at ..\pages\LoginPage.ts:62

      60 |     const password = process.env.E2E_TEST_PASSWORD || 'Test1234!';
      61 |
    > 62 |     await this.page.goto('/login');
         |                     ^
      63 |     await this.page.waitForLoadState('domcontentloaded');
      64 |
      65 |     // Check if we're already logged in (redirected to dashboard or setup)
        at LoginPage.loginAsTestUser (C:\Repos\htekdev\taller-mecanico\workdir\feat--factura-pdf-upload-v2\e2e\pages\LoginPage.ts:62:21)
        at C:\Repos\htekdev\taller-mecanico\workdir\feat--factura-pdf-upload-v2\e2e\tests\scenarios\facturas-module.spec.ts:20:21

    attachment #1: screenshot (image/png) ──────────────────────────────────────────────────────────
    e2e\results\scenarios-facturas-module--72496--formatted-no-NaN-Infinity--chromium\test-failed-1.png
    ────────────────────────────────────────────────────────────────────────────────────────────────

    attachment #2: video (video/webm) ──────────────────────────────────────────────────────────────
    e2e\results\scenarios-facturas-module--72496--formatted-no-NaN-Infinity--chromium\video.webm
    ────────────────────────────────────────────────────────────────────────────────────────────────

    Error Context: e2e\results\scenarios-facturas-module--72496--formatted-no-NaN-Infinity--chromium\error-context.md

  106) [chromium] › e2e\tests\scenarios\facturas-module.spec.ts:122:7 › Facturas Module › facturas search by numero de factura filters results 

    Error: page.goto: net::ERR_CONNECTION_REFUSED at http://localhost:3000/login
    Call log:
      - navigating to "http://localhost:3000/login", waiting until "load"


       at ..\pages\LoginPage.ts:62

      60 |     const password = process.env.E2E_TEST_PASSWORD || 'Test1234!';
      61 |
    > 62 |     await this.page.goto('/login');
         |                     ^
      63 |     await this.page.waitForLoadState('domcontentloaded');
      64 |
      65 |     // Check if we're already logged in (redirected to dashboard or setup)
        at LoginPage.loginAsTestUser (C:\Repos\htekdev\taller-mecanico\workdir\feat--factura-pdf-upload-v2\e2e\pages\LoginPage.ts:62:21)
        at C:\Repos\htekdev\taller-mecanico\workdir\feat--factura-pdf-upload-v2\e2e\tests\scenarios\facturas-module.spec.ts:20:21

    attachment #1: screenshot (image/png) ──────────────────────────────────────────────────────────
    e2e\results\scenarios-facturas-module--9b41d--de-factura-filters-results-chromium\test-failed-1.png
    ────────────────────────────────────────────────────────────────────────────────────────────────

    attachment #2: video (video/webm) ──────────────────────────────────────────────────────────────
    e2e\results\scenarios-facturas-module--9b41d--de-factura-filters-results-chromium\video.webm
    ────────────────────────────────────────────────────────────────────────────────────────────────

    Error Context: e2e\results\scenarios-facturas-module--9b41d--de-factura-filters-results-chromium\error-context.md

  107) [chromium] › e2e\tests\scenarios\facturas-module.spec.ts:158:7 › Facturas Module › facturas payment registration shows payment form 

    Error: page.goto: net::ERR_CONNECTION_REFUSED at http://localhost:3000/login
    Call log:
      - navigating to "http://localhost:3000/login", waiting until "load"


       at ..\pages\LoginPage.ts:62

      60 |     const password = process.env.E2E_TEST_PASSWORD || 'Test1234!';
      61 |
    > 62 |     await this.page.goto('/login');
         |                     ^
      63 |     await this.page.waitForLoadState('domcontentloaded');
      64 |
      65 |     // Check if we're already logged in (redirected to dashboard or setup)
        at LoginPage.loginAsTestUser (C:\Repos\htekdev\taller-mecanico\workdir\feat--factura-pdf-upload-v2\e2e\pages\LoginPage.ts:62:21)
        at C:\Repos\htekdev\taller-mecanico\workdir\feat--factura-pdf-upload-v2\e2e\tests\scenarios\facturas-module.spec.ts:20:21

    attachment #1: screenshot (image/png) ──────────────────────────────────────────────────────────
    e2e\results\scenarios-facturas-module--fc60e-stration-shows-payment-form-chromium\test-failed-1.png
    ────────────────────────────────────────────────────────────────────────────────────────────────

    attachment #2: video (video/webm) ──────────────────────────────────────────────────────────────
    e2e\results\scenarios-facturas-module--fc60e-stration-shows-payment-form-chromium\video.webm
    ────────────────────────────────────────────────────────────────────────────────────────────────

    Error Context: e2e\results\scenarios-facturas-module--fc60e-stration-shows-payment-form-chromium\error-context.md

  108) [chromium] › e2e\tests\scenarios\facturas-module.spec.ts:193:7 › Facturas Module › facturas cancel/reactivate invoice flow 

    Error: page.goto: net::ERR_CONNECTION_REFUSED at http://localhost:3000/login
    Call log:
      - navigating to "http://localhost:3000/login", waiting until "load"


       at ..\pages\LoginPage.ts:62

      60 |     const password = process.env.E2E_TEST_PASSWORD || 'Test1234!';
      61 |
    > 62 |     await this.page.goto('/login');
         |                     ^
      63 |     await this.page.waitForLoadState('domcontentloaded');
      64 |
      65 |     // Check if we're already logged in (redirected to dashboard or setup)
        at LoginPage.loginAsTestUser (C:\Repos\htekdev\taller-mecanico\workdir\feat--factura-pdf-upload-v2\e2e\pages\LoginPage.ts:62:21)
        at C:\Repos\htekdev\taller-mecanico\workdir\feat--factura-pdf-upload-v2\e2e\tests\scenarios\facturas-module.spec.ts:20:21

    attachment #1: screenshot (image/png) ──────────────────────────────────────────────────────────
    e2e\results\scenarios-facturas-module--208a3-cel-reactivate-invoice-flow-chromium\test-failed-1.png
    ────────────────────────────────────────────────────────────────────────────────────────────────

    attachment #2: video (video/webm) ──────────────────────────────────────────────────────────────
    e2e\results\scenarios-facturas-module--208a3-cel-reactivate-invoice-flow-chromium\video.webm
    ────────────────────────────────────────────────────────────────────────────────────────────────

    Error Context: e2e\results\scenarios-facturas-module--208a3-cel-reactivate-invoice-flow-chromium\error-context.md

  109) [chromium] › e2e\tests\scenarios\facturas-module.spec.ts:233:7 › Facturas Module › facturas "trabajos pendientes de facturar" banner renders conditionally 

    Error: page.goto: net::ERR_CONNECTION_REFUSED at http://localhost:3000/login
    Call log:
      - navigating to "http://localhost:3000/login", waiting until "load"


       at ..\pages\LoginPage.ts:62

      60 |     const password = process.env.E2E_TEST_PASSWORD || 'Test1234!';
      61 |
    > 62 |     await this.page.goto('/login');
         |                     ^
      63 |     await this.page.waitForLoadState('domcontentloaded');
      64 |
      65 |     // Check if we're already logged in (redirected to dashboard or setup)
        at LoginPage.loginAsTestUser (C:\Repos\htekdev\taller-mecanico\workdir\feat--factura-pdf-upload-v2\e2e\pages\LoginPage.ts:62:21)
        at C:\Repos\htekdev\taller-mecanico\workdir\feat--factura-pdf-upload-v2\e2e\tests\scenarios\facturas-module.spec.ts:20:21

    attachment #1: screenshot (image/png) ──────────────────────────────────────────────────────────
    e2e\results\scenarios-facturas-module--be881-anner-renders-conditionally-chromium\test-failed-1.png
    ────────────────────────────────────────────────────────────────────────────────────────────────

    attachment #2: video (video/webm) ──────────────────────────────────────────────────────────────
    e2e\results\scenarios-facturas-module--be881-anner-renders-conditionally-chromium\video.webm
    ────────────────────────────────────────────────────────────────────────────────────────────────

    Error Context: e2e\results\scenarios-facturas-module--be881-anner-renders-conditionally-chromium\error-context.md

  110) [chromium] › e2e\tests\scenarios\full-walk-through-coverage-sprint-v2.spec.ts:13:7 › Full Walk-Through: Coverage Sprint V2 › full walk-through — clientes, unidades, cotizaciones, trabajos 

    Error: page.goto: net::ERR_CONNECTION_REFUSED at http://localhost:3000/login
    Call log:
      - navigating to "http://localhost:3000/login", waiting until "load"


       at ..\pages\LoginPage.ts:62

      60 |     const password = process.env.E2E_TEST_PASSWORD || 'Test1234!';
      61 |
    > 62 |     await this.page.goto('/login');
         |                     ^
      63 |     await this.page.waitForLoadState('domcontentloaded');
      64 |
      65 |     // Check if we're already logged in (redirected to dashboard or setup)
        at LoginPage.loginAsTestUser (C:\Repos\htekdev\taller-mecanico\workdir\feat--factura-pdf-upload-v2\e2e\pages\LoginPage.ts:62:21)
        at C:\Repos\htekdev\taller-mecanico\workdir\feat--factura-pdf-upload-v2\e2e\tests\scenarios\full-walk-through-coverage-sprint-v2.spec.ts:19:21

    attachment #1: screenshot (image/png) ──────────────────────────────────────────────────────────
    e2e\results\scenarios-full-walk-throug-445c1-dades-cotizaciones-trabajos-chromium\test-failed-1.png
    ────────────────────────────────────────────────────────────────────────────────────────────────

    attachment #2: video (video/webm) ──────────────────────────────────────────────────────────────
    e2e\results\scenarios-full-walk-throug-445c1-dades-cotizaciones-trabajos-chromium\video.webm
    ────────────────────────────────────────────────────────────────────────────────────────────────

    Error Context: e2e\results\scenarios-full-walk-throug-445c1-dades-cotizaciones-trabajos-chromium\error-context.md

  111) [chromium] › e2e\tests\scenarios\full-walk-through-gastos-auth-resumen.spec.ts:19:5 › full-walk-through: gastos edit/delete + resumen data integrity + session reload 

    Error: page.goto: net::ERR_CONNECTION_REFUSED at http://localhost:3000/login
    Call log:
      - navigating to "http://localhost:3000/login", waiting until "load"


       at ..\pages\LoginPage.ts:62

      60 |     const password = process.env.E2E_TEST_PASSWORD || 'Test1234!';
      61 |
    > 62 |     await this.page.goto('/login');
         |                     ^
      63 |     await this.page.waitForLoadState('domcontentloaded');
      64 |
      65 |     // Check if we're already logged in (redirected to dashboard or setup)
        at LoginPage.loginAsTestUser (C:\Repos\htekdev\taller-mecanico\workdir\feat--factura-pdf-upload-v2\e2e\pages\LoginPage.ts:62:21)
        at C:\Repos\htekdev\taller-mecanico\workdir\feat--factura-pdf-upload-v2\e2e\tests\scenarios\full-walk-through-gastos-auth-resumen.spec.ts:26:19

    attachment #1: screenshot (image/png) ──────────────────────────────────────────────────────────
    e2e\results\scenarios-full-walk-throug-725a0-ta-integrity-session-reload-chromium\test-failed-1.png
    ────────────────────────────────────────────────────────────────────────────────────────────────

    attachment #2: video (video/webm) ──────────────────────────────────────────────────────────────
    e2e\results\scenarios-full-walk-throug-725a0-ta-integrity-session-reload-chromium\video.webm
    ────────────────────────────────────────────────────────────────────────────────────────────────

    Error Context: e2e\results\scenarios-full-walk-throug-725a0-ta-integrity-session-reload-chromium\error-context.md

  112) [chromium] › e2e\tests\scenarios\full-walk-through-ordenes-facturas-coverage.spec.ts:15:5 › full-walk-through-ordenes-facturas-coverage 

    Error: page.goto: net::ERR_CONNECTION_REFUSED at http://localhost:3000/login
    Call log:
      - navigating to "http://localhost:3000/login", waiting until "load"


       at ..\pages\LoginPage.ts:62

      60 |     const password = process.env.E2E_TEST_PASSWORD || 'Test1234!';
      61 |
    > 62 |     await this.page.goto('/login');
         |                     ^
      63 |     await this.page.waitForLoadState('domcontentloaded');
      64 |
      65 |     // Check if we're already logged in (redirected to dashboard or setup)
        at LoginPage.loginAsTestUser (C:\Repos\htekdev\taller-mecanico\workdir\feat--factura-pdf-upload-v2\e2e\pages\LoginPage.ts:62:21)
        at C:\Repos\htekdev\taller-mecanico\workdir\feat--factura-pdf-upload-v2\e2e\tests\scenarios\full-walk-through-ordenes-facturas-coverage.spec.ts:17:19

    attachment #1: screenshot (image/png) ──────────────────────────────────────────────────────────
    e2e\results\scenarios-full-walk-throug-735e5-h-ordenes-facturas-coverage-chromium\test-failed-1.png
    ────────────────────────────────────────────────────────────────────────────────────────────────

    attachment #2: video (video/webm) ──────────────────────────────────────────────────────────────
    e2e\results\scenarios-full-walk-throug-735e5-h-ordenes-facturas-coverage-chromium\video.webm
    ────────────────────────────────────────────────────────────────────────────────────────────────

    Error Context: e2e\results\scenarios-full-walk-throug-735e5-h-ordenes-facturas-coverage-chromium\error-context.md

  113) [chromium] › e2e\tests\scenarios\full-walk-through-sprint-cycle8.spec.ts:21:5 › coverage sprint cycle 8 -- reportes + gastos walk-through 

    Error: page.goto: net::ERR_CONNECTION_REFUSED at http://localhost:3000/login
    Call log:
      - navigating to "http://localhost:3000/login", waiting until "load"


       at ..\pages\LoginPage.ts:62

      60 |     const password = process.env.E2E_TEST_PASSWORD || 'Test1234!';
      61 |
    > 62 |     await this.page.goto('/login');
         |                     ^
      63 |     await this.page.waitForLoadState('domcontentloaded');
      64 |
      65 |     // Check if we're already logged in (redirected to dashboard or setup)
        at LoginPage.loginAsTestUser (C:\Repos\htekdev\taller-mecanico\workdir\feat--factura-pdf-upload-v2\e2e\pages\LoginPage.ts:62:21)
        at C:\Repos\htekdev\taller-mecanico\workdir\feat--factura-pdf-upload-v2\e2e\tests\scenarios\full-walk-through-sprint-cycle8.spec.ts:29:19

    attachment #1: screenshot (image/png) ──────────────────────────────────────────────────────────
    e2e\results\scenarios-full-walk-throug-f7a18-eportes-gastos-walk-through-chromium\test-failed-1.png
    ────────────────────────────────────────────────────────────────────────────────────────────────

    attachment #2: video (video/webm) ──────────────────────────────────────────────────────────────
    e2e\results\scenarios-full-walk-throug-f7a18-eportes-gastos-walk-through-chromium\video.webm
    ────────────────────────────────────────────────────────────────────────────────────────────────

    Error Context: e2e\results\scenarios-full-walk-throug-f7a18-eportes-gastos-walk-through-chromium\error-context.md

  114) [chromium] › e2e\tests\scenarios\gastos-edit-delete.spec.ts:27:7 › Gastos Edit & Delete › gastos edit icon (pencil) opens edit form 

    Error: page.goto: net::ERR_CONNECTION_REFUSED at http://localhost:3000/login
    Call log:
      - navigating to "http://localhost:3000/login", waiting until "load"


       at ..\pages\LoginPage.ts:62

      60 |     const password = process.env.E2E_TEST_PASSWORD || 'Test1234!';
      61 |
    > 62 |     await this.page.goto('/login');
         |                     ^
      63 |     await this.page.waitForLoadState('domcontentloaded');
      64 |
      65 |     // Check if we're already logged in (redirected to dashboard or setup)
        at LoginPage.loginAsTestUser (C:\Repos\htekdev\taller-mecanico\workdir\feat--factura-pdf-upload-v2\e2e\pages\LoginPage.ts:62:21)
        at C:\Repos\htekdev\taller-mecanico\workdir\feat--factura-pdf-upload-v2\e2e\tests\scenarios\gastos-edit-delete.spec.ts:24:21

    attachment #1: screenshot (image/png) ──────────────────────────────────────────────────────────
    e2e\results\scenarios-gastos-edit-dele-309b1-icon-pencil-opens-edit-form-chromium\test-failed-1.png
    ────────────────────────────────────────────────────────────────────────────────────────────────

    attachment #2: video (video/webm) ──────────────────────────────────────────────────────────────
    e2e\results\scenarios-gastos-edit-dele-309b1-icon-pencil-opens-edit-form-chromium\video.webm
    ────────────────────────────────────────────────────────────────────────────────────────────────

    Error Context: e2e\results\scenarios-gastos-edit-dele-309b1-icon-pencil-opens-edit-form-chromium\error-context.md

  115) [chromium] › e2e\tests\scenarios\gastos-edit-delete.spec.ts:65:7 › Gastos Edit & Delete › gastos delete icon shows confirmation step 

    Error: page.goto: net::ERR_CONNECTION_REFUSED at http://localhost:3000/login
    Call log:
      - navigating to "http://localhost:3000/login", waiting until "load"


       at ..\pages\LoginPage.ts:62

      60 |     const password = process.env.E2E_TEST_PASSWORD || 'Test1234!';
      61 |
    > 62 |     await this.page.goto('/login');
         |                     ^
      63 |     await this.page.waitForLoadState('domcontentloaded');
      64 |
      65 |     // Check if we're already logged in (redirected to dashboard or setup)
        at LoginPage.loginAsTestUser (C:\Repos\htekdev\taller-mecanico\workdir\feat--factura-pdf-upload-v2\e2e\pages\LoginPage.ts:62:21)
        at C:\Repos\htekdev\taller-mecanico\workdir\feat--factura-pdf-upload-v2\e2e\tests\scenarios\gastos-edit-delete.spec.ts:24:21

    attachment #1: screenshot (image/png) ──────────────────────────────────────────────────────────
    e2e\results\scenarios-gastos-edit-dele-31484-con-shows-confirmation-step-chromium\test-failed-1.png
    ────────────────────────────────────────────────────────────────────────────────────────────────

    attachment #2: video (video/webm) ──────────────────────────────────────────────────────────────
    e2e\results\scenarios-gastos-edit-dele-31484-con-shows-confirmation-step-chromium\video.webm
    ────────────────────────────────────────────────────────────────────────────────────────────────

    Error Context: e2e\results\scenarios-gastos-edit-dele-31484-con-shows-confirmation-step-chromium\error-context.md

  116) [chromium] › e2e\tests\scenarios\gastos-edit-delete.spec.ts:102:7 › Gastos Edit & Delete › gastos form submit blocked when concepto is empty 

    Error: page.goto: net::ERR_CONNECTION_REFUSED at http://localhost:3000/login
    Call log:
      - navigating to "http://localhost:3000/login", waiting until "load"


       at ..\pages\LoginPage.ts:62

      60 |     const password = process.env.E2E_TEST_PASSWORD || 'Test1234!';
      61 |
    > 62 |     await this.page.goto('/login');
         |                     ^
      63 |     await this.page.waitForLoadState('domcontentloaded');
      64 |
      65 |     // Check if we're already logged in (redirected to dashboard or setup)
        at LoginPage.loginAsTestUser (C:\Repos\htekdev\taller-mecanico\workdir\feat--factura-pdf-upload-v2\e2e\pages\LoginPage.ts:62:21)
        at C:\Repos\htekdev\taller-mecanico\workdir\feat--factura-pdf-upload-v2\e2e\tests\scenarios\gastos-edit-delete.spec.ts:24:21

    attachment #1: screenshot (image/png) ──────────────────────────────────────────────────────────
    e2e\results\scenarios-gastos-edit-dele-778d4-cked-when-concepto-is-empty-chromium\test-failed-1.png
    ────────────────────────────────────────────────────────────────────────────────────────────────

    attachment #2: video (video/webm) ──────────────────────────────────────────────────────────────
    e2e\results\scenarios-gastos-edit-dele-778d4-cked-when-concepto-is-empty-chromium\video.webm
    ────────────────────────────────────────────────────────────────────────────────────────────────

    Error Context: e2e\results\scenarios-gastos-edit-dele-778d4-cked-when-concepto-is-empty-chromium\error-context.md

  117) [chromium] › e2e\tests\scenarios\gastos-edit-delete.spec.ts:129:7 › Gastos Edit & Delete › gastos form submit blocked when monto is zero 

    Error: page.goto: net::ERR_CONNECTION_REFUSED at http://localhost:3000/login
    Call log:
      - navigating to "http://localhost:3000/login", waiting until "load"


       at ..\pages\LoginPage.ts:62

      60 |     const password = process.env.E2E_TEST_PASSWORD || 'Test1234!';
      61 |
    > 62 |     await this.page.goto('/login');
         |                     ^
      63 |     await this.page.waitForLoadState('domcontentloaded');
      64 |
      65 |     // Check if we're already logged in (redirected to dashboard or setup)
        at LoginPage.loginAsTestUser (C:\Repos\htekdev\taller-mecanico\workdir\feat--factura-pdf-upload-v2\e2e\pages\LoginPage.ts:62:21)
        at C:\Repos\htekdev\taller-mecanico\workdir\feat--factura-pdf-upload-v2\e2e\tests\scenarios\gastos-edit-delete.spec.ts:24:21

    attachment #1: screenshot (image/png) ──────────────────────────────────────────────────────────
    e2e\results\scenarios-gastos-edit-dele-5eb58--blocked-when-monto-is-zero-chromium\test-failed-1.png
    ────────────────────────────────────────────────────────────────────────────────────────────────

    attachment #2: video (video/webm) ──────────────────────────────────────────────────────────────
    e2e\results\scenarios-gastos-edit-dele-5eb58--blocked-when-monto-is-zero-chromium\video.webm
    ────────────────────────────────────────────────────────────────────────────────────────────────

    Error Context: e2e\results\scenarios-gastos-edit-dele-5eb58--blocked-when-monto-is-zero-chromium\error-context.md

  118) [chromium] › e2e\tests\scenarios\gastos-edit-delete.spec.ts:157:7 › Gastos Edit & Delete › gastos personal category shows custom subcategory input on Otros 

    Error: page.goto: net::ERR_CONNECTION_REFUSED at http://localhost:3000/login
    Call log:
      - navigating to "http://localhost:3000/login", waiting until "load"


       at ..\pages\LoginPage.ts:62

      60 |     const password = process.env.E2E_TEST_PASSWORD || 'Test1234!';
      61 |
    > 62 |     await this.page.goto('/login');
         |                     ^
      63 |     await this.page.waitForLoadState('domcontentloaded');
      64 |
      65 |     // Check if we're already logged in (redirected to dashboard or setup)
        at LoginPage.loginAsTestUser (C:\Repos\htekdev\taller-mecanico\workdir\feat--factura-pdf-upload-v2\e2e\pages\LoginPage.ts:62:21)
        at C:\Repos\htekdev\taller-mecanico\workdir\feat--factura-pdf-upload-v2\e2e\tests\scenarios\gastos-edit-delete.spec.ts:24:21

    attachment #1: screenshot (image/png) ──────────────────────────────────────────────────────────
    e2e\results\scenarios-gastos-edit-dele-61e67--subcategory-input-on-Otros-chromium\test-failed-1.png
    ────────────────────────────────────────────────────────────────────────────────────────────────

    attachment #2: video (video/webm) ──────────────────────────────────────────────────────────────
    e2e\results\scenarios-gastos-edit-dele-61e67--subcategory-input-on-Otros-chromium\video.webm
    ────────────────────────────────────────────────────────────────────────────────────────────────

    Error Context: e2e\results\scenarios-gastos-edit-dele-61e67--subcategory-input-on-Otros-chromium\error-context.md

  119) [chromium] › e2e\tests\scenarios\gastos-edit-delete.spec.ts:201:7 › Gastos Edit & Delete › gastos cancel button dismisses form without error 

    Error: page.goto: net::ERR_CONNECTION_REFUSED at http://localhost:3000/login
    Call log:
      - navigating to "http://localhost:3000/login", waiting until "load"


       at ..\pages\LoginPage.ts:62

      60 |     const password = process.env.E2E_TEST_PASSWORD || 'Test1234!';
      61 |
    > 62 |     await this.page.goto('/login');
         |                     ^
      63 |     await this.page.waitForLoadState('domcontentloaded');
      64 |
      65 |     // Check if we're already logged in (redirected to dashboard or setup)
        at LoginPage.loginAsTestUser (C:\Repos\htekdev\taller-mecanico\workdir\feat--factura-pdf-upload-v2\e2e\pages\LoginPage.ts:62:21)
        at C:\Repos\htekdev\taller-mecanico\workdir\feat--factura-pdf-upload-v2\e2e\tests\scenarios\gastos-edit-delete.spec.ts:24:21

    attachment #1: screenshot (image/png) ──────────────────────────────────────────────────────────
    e2e\results\scenarios-gastos-edit-dele-bb632-ismisses-form-without-error-chromium\test-failed-1.png
    ────────────────────────────────────────────────────────────────────────────────────────────────

    attachment #2: video (video/webm) ──────────────────────────────────────────────────────────────
    e2e\results\scenarios-gastos-edit-dele-bb632-ismisses-form-without-error-chromium\video.webm
    ────────────────────────────────────────────────────────────────────────────────────────────────

    Error Context: e2e\results\scenarios-gastos-edit-dele-bb632-ismisses-form-without-error-chromium\error-context.md

  120) [chromium] › e2e\tests\scenarios\historial-module.spec.ts:21:7 › Historial por Unidad › historial module loads without crash 

    Error: page.goto: net::ERR_CONNECTION_REFUSED at http://localhost:3000/login
    Call log:
      - navigating to "http://localhost:3000/login", waiting until "load"


       at ..\pages\LoginPage.ts:62

      60 |     const password = process.env.E2E_TEST_PASSWORD || 'Test1234!';
      61 |
    > 62 |     await this.page.goto('/login');
         |                     ^
      63 |     await this.page.waitForLoadState('domcontentloaded');
      64 |
      65 |     // Check if we're already logged in (redirected to dashboard or setup)
        at LoginPage.loginAsTestUser (C:\Repos\htekdev\taller-mecanico\workdir\feat--factura-pdf-upload-v2\e2e\pages\LoginPage.ts:62:21)
        at C:\Repos\htekdev\taller-mecanico\workdir\feat--factura-pdf-upload-v2\e2e\tests\scenarios\historial-module.spec.ts:18:21

    attachment #1: screenshot (image/png) ──────────────────────────────────────────────────────────
    e2e\results\scenarios-historial-module-e56cb--module-loads-without-crash-chromium\test-failed-1.png
    ────────────────────────────────────────────────────────────────────────────────────────────────

    attachment #2: video (video/webm) ──────────────────────────────────────────────────────────────
    e2e\results\scenarios-historial-module-e56cb--module-loads-without-crash-chromium\video.webm
    ────────────────────────────────────────────────────────────────────────────────────────────────

    Error Context: e2e\results\scenarios-historial-module-e56cb--module-loads-without-crash-chromium\error-context.md

  121) [chromium] › e2e\tests\scenarios\historial-module.spec.ts:40:7 › Historial por Unidad › historial shows "Historial por Unidad" heading 

    Error: page.goto: net::ERR_CONNECTION_REFUSED at http://localhost:3000/login
    Call log:
      - navigating to "http://localhost:3000/login", waiting until "load"


       at ..\pages\LoginPage.ts:62

      60 |     const password = process.env.E2E_TEST_PASSWORD || 'Test1234!';
      61 |
    > 62 |     await this.page.goto('/login');
         |                     ^
      63 |     await this.page.waitForLoadState('domcontentloaded');
      64 |
      65 |     // Check if we're already logged in (redirected to dashboard or setup)
        at LoginPage.loginAsTestUser (C:\Repos\htekdev\taller-mecanico\workdir\feat--factura-pdf-upload-v2\e2e\pages\LoginPage.ts:62:21)
        at C:\Repos\htekdev\taller-mecanico\workdir\feat--factura-pdf-upload-v2\e2e\tests\scenarios\historial-module.spec.ts:18:21

    attachment #1: screenshot (image/png) ──────────────────────────────────────────────────────────
    e2e\results\scenarios-historial-module-5c7a1-istorial-por-Unidad-heading-chromium\test-failed-1.png
    ────────────────────────────────────────────────────────────────────────────────────────────────

    attachment #2: video (video/webm) ──────────────────────────────────────────────────────────────
    e2e\results\scenarios-historial-module-5c7a1-istorial-por-Unidad-heading-chromium\video.webm
    ────────────────────────────────────────────────────────────────────────────────────────────────

    Error Context: e2e\results\scenarios-historial-module-5c7a1-istorial-por-Unidad-heading-chromium\error-context.md

  122) [chromium] › e2e\tests\scenarios\historial-module.spec.ts:56:7 › Historial por Unidad › historial has a client search input 

    Error: page.goto: net::ERR_CONNECTION_REFUSED at http://localhost:3000/login
    Call log:
      - navigating to "http://localhost:3000/login", waiting until "load"


       at ..\pages\LoginPage.ts:62

      60 |     const password = process.env.E2E_TEST_PASSWORD || 'Test1234!';
      61 |
    > 62 |     await this.page.goto('/login');
         |                     ^
      63 |     await this.page.waitForLoadState('domcontentloaded');
      64 |
      65 |     // Check if we're already logged in (redirected to dashboard or setup)
        at LoginPage.loginAsTestUser (C:\Repos\htekdev\taller-mecanico\workdir\feat--factura-pdf-upload-v2\e2e\pages\LoginPage.ts:62:21)
        at C:\Repos\htekdev\taller-mecanico\workdir\feat--factura-pdf-upload-v2\e2e\tests\scenarios\historial-module.spec.ts:18:21

    attachment #1: screenshot (image/png) ──────────────────────────────────────────────────────────
    e2e\results\scenarios-historial-module-18581-l-has-a-client-search-input-chromium\test-failed-1.png
    ────────────────────────────────────────────────────────────────────────────────────────────────

    attachment #2: video (video/webm) ──────────────────────────────────────────────────────────────
    e2e\results\scenarios-historial-module-18581-l-has-a-client-search-input-chromium\video.webm
    ────────────────────────────────────────────────────────────────────────────────────────────────

    Error Context: e2e\results\scenarios-historial-module-18581-l-has-a-client-search-input-chromium\error-context.md

  123) [chromium] › e2e\tests\scenarios\historial-module.spec.ts:72:7 › Historial por Unidad › historial client search filters results without crash 

    Error: page.goto: net::ERR_CONNECTION_REFUSED at http://localhost:3000/login
    Call log:
      - navigating to "http://localhost:3000/login", waiting until "load"


       at ..\pages\LoginPage.ts:62

      60 |     const password = process.env.E2E_TEST_PASSWORD || 'Test1234!';
      61 |
    > 62 |     await this.page.goto('/login');
         |                     ^
      63 |     await this.page.waitForLoadState('domcontentloaded');
      64 |
      65 |     // Check if we're already logged in (redirected to dashboard or setup)
        at LoginPage.loginAsTestUser (C:\Repos\htekdev\taller-mecanico\workdir\feat--factura-pdf-upload-v2\e2e\pages\LoginPage.ts:62:21)
        at C:\Repos\htekdev\taller-mecanico\workdir\feat--factura-pdf-upload-v2\e2e\tests\scenarios\historial-module.spec.ts:18:21

    attachment #1: screenshot (image/png) ──────────────────────────────────────────────────────────
    e2e\results\scenarios-historial-module-86a8d-lters-results-without-crash-chromium\test-failed-1.png
    ────────────────────────────────────────────────────────────────────────────────────────────────

    attachment #2: video (video/webm) ──────────────────────────────────────────────────────────────
    e2e\results\scenarios-historial-module-86a8d-lters-results-without-crash-chromium\video.webm
    ────────────────────────────────────────────────────────────────────────────────────────────────

    Error Context: e2e\results\scenarios-historial-module-86a8d-lters-results-without-crash-chromium\error-context.md

  124) [chromium] › e2e\tests\scenarios\historial-module.spec.ts:99:7 › Historial por Unidad › historial is reachable from gastos tab 

    Error: page.goto: net::ERR_CONNECTION_REFUSED at http://localhost:3000/login
    Call log:
      - navigating to "http://localhost:3000/login", waiting until "load"


       at ..\pages\LoginPage.ts:62

      60 |     const password = process.env.E2E_TEST_PASSWORD || 'Test1234!';
      61 |
    > 62 |     await this.page.goto('/login');
         |                     ^
      63 |     await this.page.waitForLoadState('domcontentloaded');
      64 |
      65 |     // Check if we're already logged in (redirected to dashboard or setup)
        at LoginPage.loginAsTestUser (C:\Repos\htekdev\taller-mecanico\workdir\feat--factura-pdf-upload-v2\e2e\pages\LoginPage.ts:62:21)
        at C:\Repos\htekdev\taller-mecanico\workdir\feat--factura-pdf-upload-v2\e2e\tests\scenarios\historial-module.spec.ts:18:21

    attachment #1: screenshot (image/png) ──────────────────────────────────────────────────────────
    e2e\results\scenarios-historial-module-c3130-s-reachable-from-gastos-tab-chromium\test-failed-1.png
    ────────────────────────────────────────────────────────────────────────────────────────────────

    attachment #2: video (video/webm) ──────────────────────────────────────────────────────────────
    e2e\results\scenarios-historial-module-c3130-s-reachable-from-gastos-tab-chromium\video.webm
    ────────────────────────────────────────────────────────────────────────────────────────────────

    Error Context: e2e\results\scenarios-historial-module-c3130-s-reachable-from-gastos-tab-chromium\error-context.md

  125) [chromium] › e2e\tests\scenarios\inventory-management.spec.ts:24:7 › Inventory Management › add new part with full details 

    Error: page.goto: net::ERR_CONNECTION_REFUSED at http://localhost:3000/login
    Call log:
      - navigating to "http://localhost:3000/login", waiting until "load"


       at ..\pages\LoginPage.ts:62

      60 |     const password = process.env.E2E_TEST_PASSWORD || 'Test1234!';
      61 |
    > 62 |     await this.page.goto('/login');
         |                     ^
      63 |     await this.page.waitForLoadState('domcontentloaded');
      64 |
      65 |     // Check if we're already logged in (redirected to dashboard or setup)
        at LoginPage.loginAsTestUser (C:\Repos\htekdev\taller-mecanico\workdir\feat--factura-pdf-upload-v2\e2e\pages\LoginPage.ts:62:21)
        at C:\Repos\htekdev\taller-mecanico\workdir\feat--factura-pdf-upload-v2\e2e\tests\scenarios\inventory-management.spec.ts:21:21

    attachment #1: screenshot (image/png) ──────────────────────────────────────────────────────────
    e2e\results\scenarios-inventory-manage-9405e--new-part-with-full-details-chromium\test-failed-1.png
    ────────────────────────────────────────────────────────────────────────────────────────────────

    attachment #2: video (video/webm) ──────────────────────────────────────────────────────────────
    e2e\results\scenarios-inventory-manage-9405e--new-part-with-full-details-chromium\video.webm
    ────────────────────────────────────────────────────────────────────────────────────────────────

    Error Context: e2e\results\scenarios-inventory-manage-9405e--new-part-with-full-details-chromium\error-context.md

  126) [chromium] › e2e\tests\scenarios\inventory-management.spec.ts:52:7 › Inventory Management › proveedor visible when adding parts 

    Error: page.goto: net::ERR_CONNECTION_REFUSED at http://localhost:3000/login
    Call log:
      - navigating to "http://localhost:3000/login", waiting until "load"


       at ..\pages\LoginPage.ts:62

      60 |     const password = process.env.E2E_TEST_PASSWORD || 'Test1234!';
      61 |
    > 62 |     await this.page.goto('/login');
         |                     ^
      63 |     await this.page.waitForLoadState('domcontentloaded');
      64 |
      65 |     // Check if we're already logged in (redirected to dashboard or setup)
        at LoginPage.loginAsTestUser (C:\Repos\htekdev\taller-mecanico\workdir\feat--factura-pdf-upload-v2\e2e\pages\LoginPage.ts:62:21)
        at C:\Repos\htekdev\taller-mecanico\workdir\feat--factura-pdf-upload-v2\e2e\tests\scenarios\inventory-management.spec.ts:21:21

    attachment #1: screenshot (image/png) ──────────────────────────────────────────────────────────
    e2e\results\scenarios-inventory-manage-988f2-r-visible-when-adding-parts-chromium\test-failed-1.png
    ────────────────────────────────────────────────────────────────────────────────────────────────

    attachment #2: video (video/webm) ──────────────────────────────────────────────────────────────
    e2e\results\scenarios-inventory-manage-988f2-r-visible-when-adding-parts-chromium\video.webm
    ────────────────────────────────────────────────────────────────────────────────────────────────

    Error Context: e2e\results\scenarios-inventory-manage-988f2-r-visible-when-adding-parts-chromium\error-context.md

  127) [chromium] › e2e\tests\scenarios\inventory-management.spec.ts:72:7 › Inventory Management › filter inventory by category 

    Error: page.goto: net::ERR_CONNECTION_REFUSED at http://localhost:3000/login
    Call log:
      - navigating to "http://localhost:3000/login", waiting until "load"


       at ..\pages\LoginPage.ts:62

      60 |     const password = process.env.E2E_TEST_PASSWORD || 'Test1234!';
      61 |
    > 62 |     await this.page.goto('/login');
         |                     ^
      63 |     await this.page.waitForLoadState('domcontentloaded');
      64 |
      65 |     // Check if we're already logged in (redirected to dashboard or setup)
        at LoginPage.loginAsTestUser (C:\Repos\htekdev\taller-mecanico\workdir\feat--factura-pdf-upload-v2\e2e\pages\LoginPage.ts:62:21)
        at C:\Repos\htekdev\taller-mecanico\workdir\feat--factura-pdf-upload-v2\e2e\tests\scenarios\inventory-management.spec.ts:21:21

    attachment #1: screenshot (image/png) ──────────────────────────────────────────────────────────
    e2e\results\scenarios-inventory-manage-7ee80-ilter-inventory-by-category-chromium\test-failed-1.png
    ────────────────────────────────────────────────────────────────────────────────────────────────

    attachment #2: video (video/webm) ──────────────────────────────────────────────────────────────
    e2e\results\scenarios-inventory-manage-7ee80-ilter-inventory-by-category-chromium\video.webm
    ────────────────────────────────────────────────────────────────────────────────────────────────

    Error Context: e2e\results\scenarios-inventory-manage-7ee80-ilter-inventory-by-category-chromium\error-context.md

  128) [chromium] › e2e\tests\scenarios\inventory-management.spec.ts:100:7 › Inventory Management › filter inventory by proveedor 

    Error: page.goto: net::ERR_CONNECTION_REFUSED at http://localhost:3000/login
    Call log:
      - navigating to "http://localhost:3000/login", waiting until "load"


       at ..\pages\LoginPage.ts:62

      60 |     const password = process.env.E2E_TEST_PASSWORD || 'Test1234!';
      61 |
    > 62 |     await this.page.goto('/login');
         |                     ^
      63 |     await this.page.waitForLoadState('domcontentloaded');
      64 |
      65 |     // Check if we're already logged in (redirected to dashboard or setup)
        at LoginPage.loginAsTestUser (C:\Repos\htekdev\taller-mecanico\workdir\feat--factura-pdf-upload-v2\e2e\pages\LoginPage.ts:62:21)
        at C:\Repos\htekdev\taller-mecanico\workdir\feat--factura-pdf-upload-v2\e2e\tests\scenarios\inventory-management.spec.ts:21:21

    attachment #1: screenshot (image/png) ──────────────────────────────────────────────────────────
    e2e\results\scenarios-inventory-manage-931b0-lter-inventory-by-proveedor-chromium\test-failed-1.png
    ────────────────────────────────────────────────────────────────────────────────────────────────

    attachment #2: video (video/webm) ──────────────────────────────────────────────────────────────
    e2e\results\scenarios-inventory-manage-931b0-lter-inventory-by-proveedor-chromium\video.webm
    ────────────────────────────────────────────────────────────────────────────────────────────────

    Error Context: e2e\results\scenarios-inventory-manage-931b0-lter-inventory-by-proveedor-chromium\error-context.md

  129) [chromium] › e2e\tests\scenarios\inventory-management.spec.ts:121:7 › Inventory Management › vehicle compatibility on parts 

    Error: page.goto: net::ERR_CONNECTION_REFUSED at http://localhost:3000/login
    Call log:
      - navigating to "http://localhost:3000/login", waiting until "load"


       at ..\pages\LoginPage.ts:62

      60 |     const password = process.env.E2E_TEST_PASSWORD || 'Test1234!';
      61 |
    > 62 |     await this.page.goto('/login');
         |                     ^
      63 |     await this.page.waitForLoadState('domcontentloaded');
      64 |
      65 |     // Check if we're already logged in (redirected to dashboard or setup)
        at LoginPage.loginAsTestUser (C:\Repos\htekdev\taller-mecanico\workdir\feat--factura-pdf-upload-v2\e2e\pages\LoginPage.ts:62:21)
        at C:\Repos\htekdev\taller-mecanico\workdir\feat--factura-pdf-upload-v2\e2e\tests\scenarios\inventory-management.spec.ts:21:21

    attachment #1: screenshot (image/png) ──────────────────────────────────────────────────────────
    e2e\results\scenarios-inventory-manage-986b9-icle-compatibility-on-parts-chromium\test-failed-1.png
    ────────────────────────────────────────────────────────────────────────────────────────────────

    attachment #2: video (video/webm) ──────────────────────────────────────────────────────────────
    e2e\results\scenarios-inventory-manage-986b9-icle-compatibility-on-parts-chromium\video.webm
    ────────────────────────────────────────────────────────────────────────────────────────────────

    Error Context: e2e\results\scenarios-inventory-manage-986b9-icle-compatibility-on-parts-chromium\error-context.md

  130) [chromium] › e2e\tests\scenarios\inventory-restock-flow.spec.ts:26:7 › Inventory Restock Flow › full restock cycle: low stock → PO → receive → stock updated 

    Error: page.goto: net::ERR_CONNECTION_REFUSED at http://localhost:3000/login
    Call log:
      - navigating to "http://localhost:3000/login", waiting until "load"


       at ..\pages\LoginPage.ts:62

      60 |     const password = process.env.E2E_TEST_PASSWORD || 'Test1234!';
      61 |
    > 62 |     await this.page.goto('/login');
         |                     ^
      63 |     await this.page.waitForLoadState('domcontentloaded');
      64 |
      65 |     // Check if we're already logged in (redirected to dashboard or setup)
        at LoginPage.loginAsTestUser (C:\Repos\htekdev\taller-mecanico\workdir\feat--factura-pdf-upload-v2\e2e\pages\LoginPage.ts:62:21)
        at C:\Repos\htekdev\taller-mecanico\workdir\feat--factura-pdf-upload-v2\e2e\tests\scenarios\inventory-restock-flow.spec.ts:23:21

    attachment #1: screenshot (image/png) ──────────────────────────────────────────────────────────
    e2e\results\scenarios-inventory-restoc-ddb5f-O-→-receive-→-stock-updated-chromium\test-failed-1.png
    ────────────────────────────────────────────────────────────────────────────────────────────────

    attachment #2: video (video/webm) ──────────────────────────────────────────────────────────────
    e2e\results\scenarios-inventory-restoc-ddb5f-O-→-receive-→-stock-updated-chromium\video.webm
    ────────────────────────────────────────────────────────────────────────────────────────────────

    Error Context: e2e\results\scenarios-inventory-restoc-ddb5f-O-→-receive-→-stock-updated-chromium\error-context.md

  131) [chromium] › e2e\tests\scenarios\inventory-restock-flow.spec.ts:116:7 › Inventory Restock Flow › sidebar Órdenes badge shows pending orders count 

    Error: page.goto: net::ERR_CONNECTION_REFUSED at http://localhost:3000/login
    Call log:
      - navigating to "http://localhost:3000/login", waiting until "load"


       at ..\pages\LoginPage.ts:62

      60 |     const password = process.env.E2E_TEST_PASSWORD || 'Test1234!';
      61 |
    > 62 |     await this.page.goto('/login');
         |                     ^
      63 |     await this.page.waitForLoadState('domcontentloaded');
      64 |
      65 |     // Check if we're already logged in (redirected to dashboard or setup)
        at LoginPage.loginAsTestUser (C:\Repos\htekdev\taller-mecanico\workdir\feat--factura-pdf-upload-v2\e2e\pages\LoginPage.ts:62:21)
        at C:\Repos\htekdev\taller-mecanico\workdir\feat--factura-pdf-upload-v2\e2e\tests\scenarios\inventory-restock-flow.spec.ts:23:21

    attachment #1: screenshot (image/png) ──────────────────────────────────────────────────────────
    e2e\results\scenarios-inventory-restoc-6d505--shows-pending-orders-count-chromium\test-failed-1.png
    ────────────────────────────────────────────────────────────────────────────────────────────────

    attachment #2: video (video/webm) ──────────────────────────────────────────────────────────────
    e2e\results\scenarios-inventory-restoc-6d505--shows-pending-orders-count-chromium\video.webm
    ────────────────────────────────────────────────────────────────────────────────────────────────

    Error Context: e2e\results\scenarios-inventory-restoc-6d505--shows-pending-orders-count-chromium\error-context.md

  132) [chromium] › e2e\tests\scenarios\line-item-editing.spec.ts:22:7 › Line Item Editing › change line item quantity and verify total updates 

    Error: page.goto: net::ERR_CONNECTION_REFUSED at http://localhost:3000/login
    Call log:
      - navigating to "http://localhost:3000/login", waiting until "load"


       at ..\pages\LoginPage.ts:62

      60 |     const password = process.env.E2E_TEST_PASSWORD || 'Test1234!';
      61 |
    > 62 |     await this.page.goto('/login');
         |                     ^
      63 |     await this.page.waitForLoadState('domcontentloaded');
      64 |
      65 |     // Check if we're already logged in (redirected to dashboard or setup)
        at LoginPage.loginAsTestUser (C:\Repos\htekdev\taller-mecanico\workdir\feat--factura-pdf-upload-v2\e2e\pages\LoginPage.ts:62:21)
        at C:\Repos\htekdev\taller-mecanico\workdir\feat--factura-pdf-upload-v2\e2e\tests\scenarios\line-item-editing.spec.ts:19:21

    attachment #1: screenshot (image/png) ──────────────────────────────────────────────────────────
    e2e\results\scenarios-line-item-editin-5d5ce-ty-and-verify-total-updates-chromium\test-failed-1.png
    ────────────────────────────────────────────────────────────────────────────────────────────────

    attachment #2: video (video/webm) ──────────────────────────────────────────────────────────────
    e2e\results\scenarios-line-item-editin-5d5ce-ty-and-verify-total-updates-chromium\video.webm
    ────────────────────────────────────────────────────────────────────────────────────────────────

    Error Context: e2e\results\scenarios-line-item-editin-5d5ce-ty-and-verify-total-updates-chromium\error-context.md

  133) [chromium] › e2e\tests\scenarios\line-item-editing.spec.ts:56:7 › Line Item Editing › add multiple line items and verify all present 

    Error: page.goto: net::ERR_CONNECTION_REFUSED at http://localhost:3000/login
    Call log:
      - navigating to "http://localhost:3000/login", waiting until "load"


       at ..\pages\LoginPage.ts:62

      60 |     const password = process.env.E2E_TEST_PASSWORD || 'Test1234!';
      61 |
    > 62 |     await this.page.goto('/login');
         |                     ^
      63 |     await this.page.waitForLoadState('domcontentloaded');
      64 |
      65 |     // Check if we're already logged in (redirected to dashboard or setup)
        at LoginPage.loginAsTestUser (C:\Repos\htekdev\taller-mecanico\workdir\feat--factura-pdf-upload-v2\e2e\pages\LoginPage.ts:62:21)
        at C:\Repos\htekdev\taller-mecanico\workdir\feat--factura-pdf-upload-v2\e2e\tests\scenarios\line-item-editing.spec.ts:19:21

    attachment #1: screenshot (image/png) ──────────────────────────────────────────────────────────
    e2e\results\scenarios-line-item-editin-305f1-tems-and-verify-all-present-chromium\test-failed-1.png
    ────────────────────────────────────────────────────────────────────────────────────────────────

    attachment #2: video (video/webm) ──────────────────────────────────────────────────────────────
    e2e\results\scenarios-line-item-editin-305f1-tems-and-verify-all-present-chromium\video.webm
    ────────────────────────────────────────────────────────────────────────────────────────────────

    Error Context: e2e\results\scenarios-line-item-editin-305f1-tems-and-verify-all-present-chromium\error-context.md

  134) [chromium] › e2e\tests\scenarios\line-item-editing.spec.ts:83:7 › Line Item Editing › zero-value line item handling 

    Error: page.goto: net::ERR_CONNECTION_REFUSED at http://localhost:3000/login
    Call log:
      - navigating to "http://localhost:3000/login", waiting until "load"


       at ..\pages\LoginPage.ts:62

      60 |     const password = process.env.E2E_TEST_PASSWORD || 'Test1234!';
      61 |
    > 62 |     await this.page.goto('/login');
         |                     ^
      63 |     await this.page.waitForLoadState('domcontentloaded');
      64 |
      65 |     // Check if we're already logged in (redirected to dashboard or setup)
        at LoginPage.loginAsTestUser (C:\Repos\htekdev\taller-mecanico\workdir\feat--factura-pdf-upload-v2\e2e\pages\LoginPage.ts:62:21)
        at C:\Repos\htekdev\taller-mecanico\workdir\feat--factura-pdf-upload-v2\e2e\tests\scenarios\line-item-editing.spec.ts:19:21

    attachment #1: screenshot (image/png) ──────────────────────────────────────────────────────────
    e2e\results\scenarios-line-item-editin-436e9-ro-value-line-item-handling-chromium\test-failed-1.png
    ────────────────────────────────────────────────────────────────────────────────────────────────

    attachment #2: video (video/webm) ──────────────────────────────────────────────────────────────
    e2e\results\scenarios-line-item-editin-436e9-ro-value-line-item-handling-chromium\video.webm
    ────────────────────────────────────────────────────────────────────────────────────────────────

    Error Context: e2e\results\scenarios-line-item-editin-436e9-ro-value-line-item-handling-chromium\error-context.md

  135) [chromium] › e2e\tests\scenarios\module-navigation-integrity.spec.ts:19:7 › Module Navigation Integrity › sidebar badges update after creating items 

    Error: page.goto: net::ERR_CONNECTION_REFUSED at http://localhost:3000/login
    Call log:
      - navigating to "http://localhost:3000/login", waiting until "load"


       at ..\pages\LoginPage.ts:62

      60 |     const password = process.env.E2E_TEST_PASSWORD || 'Test1234!';
      61 |
    > 62 |     await this.page.goto('/login');
         |                     ^
      63 |     await this.page.waitForLoadState('domcontentloaded');
      64 |
      65 |     // Check if we're already logged in (redirected to dashboard or setup)
        at LoginPage.loginAsTestUser (C:\Repos\htekdev\taller-mecanico\workdir\feat--factura-pdf-upload-v2\e2e\pages\LoginPage.ts:62:21)
        at C:\Repos\htekdev\taller-mecanico\workdir\feat--factura-pdf-upload-v2\e2e\tests\scenarios\module-navigation-integrity.spec.ts:16:21

    attachment #1: screenshot (image/png) ──────────────────────────────────────────────────────────
    e2e\results\scenarios-module-navigatio-e9f32-update-after-creating-items-chromium\test-failed-1.png
    ────────────────────────────────────────────────────────────────────────────────────────────────

    attachment #2: video (video/webm) ──────────────────────────────────────────────────────────────
    e2e\results\scenarios-module-navigatio-e9f32-update-after-creating-items-chromium\video.webm
    ────────────────────────────────────────────────────────────────────────────────────────────────

    Error Context: e2e\results\scenarios-module-navigatio-e9f32-update-after-creating-items-chromium\error-context.md

  136) [chromium] › e2e\tests\scenarios\module-navigation-integrity.spec.ts:51:7 › Module Navigation Integrity › dates display in correct format (dd/mm/yyyy or ISO) 

    Error: page.goto: net::ERR_CONNECTION_REFUSED at http://localhost:3000/login
    Call log:
      - navigating to "http://localhost:3000/login", waiting until "load"


       at ..\pages\LoginPage.ts:62

      60 |     const password = process.env.E2E_TEST_PASSWORD || 'Test1234!';
      61 |
    > 62 |     await this.page.goto('/login');
         |                     ^
      63 |     await this.page.waitForLoadState('domcontentloaded');
      64 |
      65 |     // Check if we're already logged in (redirected to dashboard or setup)
        at LoginPage.loginAsTestUser (C:\Repos\htekdev\taller-mecanico\workdir\feat--factura-pdf-upload-v2\e2e\pages\LoginPage.ts:62:21)
        at C:\Repos\htekdev\taller-mecanico\workdir\feat--factura-pdf-upload-v2\e2e\tests\scenarios\module-navigation-integrity.spec.ts:16:21

    attachment #1: screenshot (image/png) ──────────────────────────────────────────────────────────
    e2e\results\scenarios-module-navigatio-7d48a-t-format-dd-mm-yyyy-or-ISO--chromium\test-failed-1.png
    ────────────────────────────────────────────────────────────────────────────────────────────────

    attachment #2: video (video/webm) ──────────────────────────────────────────────────────────────
    e2e\results\scenarios-module-navigatio-7d48a-t-format-dd-mm-yyyy-or-ISO--chromium\video.webm
    ────────────────────────────────────────────────────────────────────────────────────────────────

    Error Context: e2e\results\scenarios-module-navigatio-7d48a-t-format-dd-mm-yyyy-or-ISO--chromium\error-context.md

  137) [chromium] › e2e\tests\scenarios\module-navigation-integrity.spec.ts:63:7 › Module Navigation Integrity › totals are mathematically correct in Trabajos 

    Error: page.goto: net::ERR_CONNECTION_REFUSED at http://localhost:3000/login
    Call log:
      - navigating to "http://localhost:3000/login", waiting until "load"


       at ..\pages\LoginPage.ts:62

      60 |     const password = process.env.E2E_TEST_PASSWORD || 'Test1234!';
      61 |
    > 62 |     await this.page.goto('/login');
         |                     ^
      63 |     await this.page.waitForLoadState('domcontentloaded');
      64 |
      65 |     // Check if we're already logged in (redirected to dashboard or setup)
        at LoginPage.loginAsTestUser (C:\Repos\htekdev\taller-mecanico\workdir\feat--factura-pdf-upload-v2\e2e\pages\LoginPage.ts:62:21)
        at C:\Repos\htekdev\taller-mecanico\workdir\feat--factura-pdf-upload-v2\e2e\tests\scenarios\module-navigation-integrity.spec.ts:16:21

    attachment #1: screenshot (image/png) ──────────────────────────────────────────────────────────
    e2e\results\scenarios-module-navigatio-04d75-tically-correct-in-Trabajos-chromium\test-failed-1.png
    ────────────────────────────────────────────────────────────────────────────────────────────────

    attachment #2: video (video/webm) ──────────────────────────────────────────────────────────────
    e2e\results\scenarios-module-navigatio-04d75-tically-correct-in-Trabajos-chromium\video.webm
    ────────────────────────────────────────────────────────────────────────────────────────────────

    Error Context: e2e\results\scenarios-module-navigatio-04d75-tically-correct-in-Trabajos-chromium\error-context.md

  138) [chromium] › e2e\tests\scenarios\module-navigation-integrity.spec.ts:94:7 › Module Navigation Integrity › totals are mathematically correct in Inventario 

    Error: page.goto: net::ERR_CONNECTION_REFUSED at http://localhost:3000/login
    Call log:
      - navigating to "http://localhost:3000/login", waiting until "load"


       at ..\pages\LoginPage.ts:62

      60 |     const password = process.env.E2E_TEST_PASSWORD || 'Test1234!';
      61 |
    > 62 |     await this.page.goto('/login');
         |                     ^
      63 |     await this.page.waitForLoadState('domcontentloaded');
      64 |
      65 |     // Check if we're already logged in (redirected to dashboard or setup)
        at LoginPage.loginAsTestUser (C:\Repos\htekdev\taller-mecanico\workdir\feat--factura-pdf-upload-v2\e2e\pages\LoginPage.ts:62:21)
        at C:\Repos\htekdev\taller-mecanico\workdir\feat--factura-pdf-upload-v2\e2e\tests\scenarios\module-navigation-integrity.spec.ts:16:21

    attachment #1: screenshot (image/png) ──────────────────────────────────────────────────────────
    e2e\results\scenarios-module-navigatio-ebc04-cally-correct-in-Inventario-chromium\test-failed-1.png
    ────────────────────────────────────────────────────────────────────────────────────────────────

    attachment #2: video (video/webm) ──────────────────────────────────────────────────────────────
    e2e\results\scenarios-module-navigatio-ebc04-cally-correct-in-Inventario-chromium\video.webm
    ────────────────────────────────────────────────────────────────────────────────────────────────

    Error Context: e2e\results\scenarios-module-navigatio-ebc04-cally-correct-in-Inventario-chromium\error-context.md

  139) [chromium] › e2e\tests\scenarios\module-navigation-integrity.spec.ts:120:7 › Module Navigation Integrity › module switching preserves no stale data 

    Error: page.goto: net::ERR_CONNECTION_REFUSED at http://localhost:3000/login
    Call log:
      - navigating to "http://localhost:3000/login", waiting until "load"


       at ..\pages\LoginPage.ts:62

      60 |     const password = process.env.E2E_TEST_PASSWORD || 'Test1234!';
      61 |
    > 62 |     await this.page.goto('/login');
         |                     ^
      63 |     await this.page.waitForLoadState('domcontentloaded');
      64 |
      65 |     // Check if we're already logged in (redirected to dashboard or setup)
        at LoginPage.loginAsTestUser (C:\Repos\htekdev\taller-mecanico\workdir\feat--factura-pdf-upload-v2\e2e\pages\LoginPage.ts:62:21)
        at C:\Repos\htekdev\taller-mecanico\workdir\feat--factura-pdf-upload-v2\e2e\tests\scenarios\module-navigation-integrity.spec.ts:16:21

    attachment #1: screenshot (image/png) ──────────────────────────────────────────────────────────
    e2e\results\scenarios-module-navigatio-4df82-ing-preserves-no-stale-data-chromium\test-failed-1.png
    ────────────────────────────────────────────────────────────────────────────────────────────────

    attachment #2: video (video/webm) ──────────────────────────────────────────────────────────────
    e2e\results\scenarios-module-navigatio-4df82-ing-preserves-no-stale-data-chromium\video.webm
    ────────────────────────────────────────────────────────────────────────────────────────────────

    Error Context: e2e\results\scenarios-module-navigatio-4df82-ing-preserves-no-stale-data-chromium\error-context.md

  140) [chromium] › e2e\tests\scenarios\module-navigation-integrity.spec.ts:141:7 › Module Navigation Integrity › Trabajos sidebar badge is a valid number when shown 

    Error: page.goto: net::ERR_CONNECTION_REFUSED at http://localhost:3000/login
    Call log:
      - navigating to "http://localhost:3000/login", waiting until "load"


       at ..\pages\LoginPage.ts:62

      60 |     const password = process.env.E2E_TEST_PASSWORD || 'Test1234!';
      61 |
    > 62 |     await this.page.goto('/login');
         |                     ^
      63 |     await this.page.waitForLoadState('domcontentloaded');
      64 |
      65 |     // Check if we're already logged in (redirected to dashboard or setup)
        at LoginPage.loginAsTestUser (C:\Repos\htekdev\taller-mecanico\workdir\feat--factura-pdf-upload-v2\e2e\pages\LoginPage.ts:62:21)
        at C:\Repos\htekdev\taller-mecanico\workdir\feat--factura-pdf-upload-v2\e2e\tests\scenarios\module-navigation-integrity.spec.ts:16:21

    attachment #1: screenshot (image/png) ──────────────────────────────────────────────────────────
    e2e\results\scenarios-module-navigatio-f48a3-s-a-valid-number-when-shown-chromium\test-failed-1.png
    ────────────────────────────────────────────────────────────────────────────────────────────────

    attachment #2: video (video/webm) ──────────────────────────────────────────────────────────────
    e2e\results\scenarios-module-navigatio-f48a3-s-a-valid-number-when-shown-chromium\video.webm
    ────────────────────────────────────────────────────────────────────────────────────────────────

    Error Context: e2e\results\scenarios-module-navigatio-f48a3-s-a-valid-number-when-shown-chromium\error-context.md

  141) [chromium] › e2e\tests\scenarios\multi-cotizacion-workflow.spec.ts:23:7 › Multi-Cotización Workflow › create multiple cotizaciones and verify list management 

    Error: page.goto: net::ERR_CONNECTION_REFUSED at http://localhost:3000/login
    Call log:
      - navigating to "http://localhost:3000/login", waiting until "load"


       at ..\pages\LoginPage.ts:62

      60 |     const password = process.env.E2E_TEST_PASSWORD || 'Test1234!';
      61 |
    > 62 |     await this.page.goto('/login');
         |                     ^
      63 |     await this.page.waitForLoadState('domcontentloaded');
      64 |
      65 |     // Check if we're already logged in (redirected to dashboard or setup)
        at LoginPage.loginAsTestUser (C:\Repos\htekdev\taller-mecanico\workdir\feat--factura-pdf-upload-v2\e2e\pages\LoginPage.ts:62:21)
        at C:\Repos\htekdev\taller-mecanico\workdir\feat--factura-pdf-upload-v2\e2e\tests\scenarios\multi-cotizacion-workflow.spec.ts:20:21

    attachment #1: screenshot (image/png) ──────────────────────────────────────────────────────────
    e2e\results\scenarios-multi-cotizacion-7e251--and-verify-list-management-chromium\test-failed-1.png
    ────────────────────────────────────────────────────────────────────────────────────────────────

    attachment #2: video (video/webm) ──────────────────────────────────────────────────────────────
    e2e\results\scenarios-multi-cotizacion-7e251--and-verify-list-management-chromium\video.webm
    ────────────────────────────────────────────────────────────────────────────────────────────────

    Error Context: e2e\results\scenarios-multi-cotizacion-7e251--and-verify-list-management-chromium\error-context.md

  142) [chromium] › e2e\tests\scenarios\multi-cotizacion-workflow.spec.ts:77:7 › Multi-Cotización Workflow › cotización list filtering by search 

    Error: page.goto: net::ERR_CONNECTION_REFUSED at http://localhost:3000/login
    Call log:
      - navigating to "http://localhost:3000/login", waiting until "load"


       at ..\pages\LoginPage.ts:62

      60 |     const password = process.env.E2E_TEST_PASSWORD || 'Test1234!';
      61 |
    > 62 |     await this.page.goto('/login');
         |                     ^
      63 |     await this.page.waitForLoadState('domcontentloaded');
      64 |
      65 |     // Check if we're already logged in (redirected to dashboard or setup)
        at LoginPage.loginAsTestUser (C:\Repos\htekdev\taller-mecanico\workdir\feat--factura-pdf-upload-v2\e2e\pages\LoginPage.ts:62:21)
        at C:\Repos\htekdev\taller-mecanico\workdir\feat--factura-pdf-upload-v2\e2e\tests\scenarios\multi-cotizacion-workflow.spec.ts:20:21

    attachment #1: screenshot (image/png) ──────────────────────────────────────────────────────────
    e2e\results\scenarios-multi-cotizacion-53d3d-ón-list-filtering-by-search-chromium\test-failed-1.png
    ────────────────────────────────────────────────────────────────────────────────────────────────

    attachment #2: video (video/webm) ──────────────────────────────────────────────────────────────
    e2e\results\scenarios-multi-cotizacion-53d3d-ón-list-filtering-by-search-chromium\video.webm
    ────────────────────────────────────────────────────────────────────────────────────────────────

    Error Context: e2e\results\scenarios-multi-cotizacion-53d3d-ón-list-filtering-by-search-chromium\error-context.md

  143) [chromium] › e2e\tests\scenarios\ordenes-module-load.spec.ts:23:7 › Órdenes de Compra — Module Load › ordenes module loads without crash 

    Error: page.goto: net::ERR_CONNECTION_REFUSED at http://localhost:3000/login
    Call log:
      - navigating to "http://localhost:3000/login", waiting until "load"


       at ..\pages\LoginPage.ts:62

      60 |     const password = process.env.E2E_TEST_PASSWORD || 'Test1234!';
      61 |
    > 62 |     await this.page.goto('/login');
         |                     ^
      63 |     await this.page.waitForLoadState('domcontentloaded');
      64 |
      65 |     // Check if we're already logged in (redirected to dashboard or setup)
        at LoginPage.loginAsTestUser (C:\Repos\htekdev\taller-mecanico\workdir\feat--factura-pdf-upload-v2\e2e\pages\LoginPage.ts:62:21)
        at C:\Repos\htekdev\taller-mecanico\workdir\feat--factura-pdf-upload-v2\e2e\tests\scenarios\ordenes-module-load.spec.ts:20:21

    attachment #1: screenshot (image/png) ──────────────────────────────────────────────────────────
    e2e\results\scenarios-ordenes-module-l-c0ec6--module-loads-without-crash-chromium\test-failed-1.png
    ────────────────────────────────────────────────────────────────────────────────────────────────

    attachment #2: video (video/webm) ──────────────────────────────────────────────────────────────
    e2e\results\scenarios-ordenes-module-l-c0ec6--module-loads-without-crash-chromium\video.webm
    ────────────────────────────────────────────────────────────────────────────────────────────────

    Error Context: e2e\results\scenarios-ordenes-module-l-c0ec6--module-loads-without-crash-chromium\error-context.md

  144) [chromium] › e2e\tests\scenarios\ordenes-module-load.spec.ts:42:7 › Órdenes de Compra — Module Load › ordenes shows Spanish section title 

    Error: page.goto: net::ERR_CONNECTION_REFUSED at http://localhost:3000/login
    Call log:
      - navigating to "http://localhost:3000/login", waiting until "load"


       at ..\pages\LoginPage.ts:62

      60 |     const password = process.env.E2E_TEST_PASSWORD || 'Test1234!';
      61 |
    > 62 |     await this.page.goto('/login');
         |                     ^
      63 |     await this.page.waitForLoadState('domcontentloaded');
      64 |
      65 |     // Check if we're already logged in (redirected to dashboard or setup)
        at LoginPage.loginAsTestUser (C:\Repos\htekdev\taller-mecanico\workdir\feat--factura-pdf-upload-v2\e2e\pages\LoginPage.ts:62:21)
        at C:\Repos\htekdev\taller-mecanico\workdir\feat--factura-pdf-upload-v2\e2e\tests\scenarios\ordenes-module-load.spec.ts:20:21

    attachment #1: screenshot (image/png) ──────────────────────────────────────────────────────────
    e2e\results\scenarios-ordenes-module-l-6d142-shows-Spanish-section-title-chromium\test-failed-1.png
    ────────────────────────────────────────────────────────────────────────────────────────────────

    attachment #2: video (video/webm) ──────────────────────────────────────────────────────────────
    e2e\results\scenarios-ordenes-module-l-6d142-shows-Spanish-section-title-chromium\video.webm
    ────────────────────────────────────────────────────────────────────────────────────────────────

    Error Context: e2e\results\scenarios-ordenes-module-l-6d142-shows-Spanish-section-title-chromium\error-context.md

  145) [chromium] › e2e\tests\scenarios\ordenes-module-load.spec.ts:66:7 › Órdenes de Compra — Module Load › ordenes shows list area or empty state 

    Error: page.goto: net::ERR_CONNECTION_REFUSED at http://localhost:3000/login
    Call log:
      - navigating to "http://localhost:3000/login", waiting until "load"


       at ..\pages\LoginPage.ts:62

      60 |     const password = process.env.E2E_TEST_PASSWORD || 'Test1234!';
      61 |
    > 62 |     await this.page.goto('/login');
         |                     ^
      63 |     await this.page.waitForLoadState('domcontentloaded');
      64 |
      65 |     // Check if we're already logged in (redirected to dashboard or setup)
        at LoginPage.loginAsTestUser (C:\Repos\htekdev\taller-mecanico\workdir\feat--factura-pdf-upload-v2\e2e\pages\LoginPage.ts:62:21)
        at C:\Repos\htekdev\taller-mecanico\workdir\feat--factura-pdf-upload-v2\e2e\tests\scenarios\ordenes-module-load.spec.ts:20:21

    attachment #1: screenshot (image/png) ──────────────────────────────────────────────────────────
    e2e\results\scenarios-ordenes-module-l-1924e-ws-list-area-or-empty-state-chromium\test-failed-1.png
    ────────────────────────────────────────────────────────────────────────────────────────────────

    attachment #2: video (video/webm) ──────────────────────────────────────────────────────────────
    e2e\results\scenarios-ordenes-module-l-1924e-ws-list-area-or-empty-state-chromium\video.webm
    ────────────────────────────────────────────────────────────────────────────────────────────────

    Error Context: e2e\results\scenarios-ordenes-module-l-1924e-ws-list-area-or-empty-state-chromium\error-context.md

  146) [chromium] › e2e\tests\scenarios\ordenes-module-load.spec.ts:90:7 › Órdenes de Compra — Module Load › ordenes has a create/nueva orden button 

    Error: page.goto: net::ERR_CONNECTION_REFUSED at http://localhost:3000/login
    Call log:
      - navigating to "http://localhost:3000/login", waiting until "load"


       at ..\pages\LoginPage.ts:62

      60 |     const password = process.env.E2E_TEST_PASSWORD || 'Test1234!';
      61 |
    > 62 |     await this.page.goto('/login');
         |                     ^
      63 |     await this.page.waitForLoadState('domcontentloaded');
      64 |
      65 |     // Check if we're already logged in (redirected to dashboard or setup)
        at LoginPage.loginAsTestUser (C:\Repos\htekdev\taller-mecanico\workdir\feat--factura-pdf-upload-v2\e2e\pages\LoginPage.ts:62:21)
        at C:\Repos\htekdev\taller-mecanico\workdir\feat--factura-pdf-upload-v2\e2e\tests\scenarios\ordenes-module-load.spec.ts:20:21

    attachment #1: screenshot (image/png) ──────────────────────────────────────────────────────────
    e2e\results\scenarios-ordenes-module-l-67c51-a-create-nueva-orden-button-chromium\test-failed-1.png
    ────────────────────────────────────────────────────────────────────────────────────────────────

    attachment #2: video (video/webm) ──────────────────────────────────────────────────────────────
    e2e\results\scenarios-ordenes-module-l-67c51-a-create-nueva-orden-button-chromium\video.webm
    ────────────────────────────────────────────────────────────────────────────────────────────────

    Error Context: e2e\results\scenarios-ordenes-module-l-67c51-a-create-nueva-orden-button-chromium\error-context.md

  147) [chromium] › e2e\tests\scenarios\ordenes-module-load.spec.ts:115:7 › Órdenes de Compra — Module Load › ordenes survives navigate-away and back 

    Error: page.goto: net::ERR_CONNECTION_REFUSED at http://localhost:3000/login
    Call log:
      - navigating to "http://localhost:3000/login", waiting until "load"


       at ..\pages\LoginPage.ts:62

      60 |     const password = process.env.E2E_TEST_PASSWORD || 'Test1234!';
      61 |
    > 62 |     await this.page.goto('/login');
         |                     ^
      63 |     await this.page.waitForLoadState('domcontentloaded');
      64 |
      65 |     // Check if we're already logged in (redirected to dashboard or setup)
        at LoginPage.loginAsTestUser (C:\Repos\htekdev\taller-mecanico\workdir\feat--factura-pdf-upload-v2\e2e\pages\LoginPage.ts:62:21)
        at C:\Repos\htekdev\taller-mecanico\workdir\feat--factura-pdf-upload-v2\e2e\tests\scenarios\ordenes-module-load.spec.ts:20:21

    attachment #1: screenshot (image/png) ──────────────────────────────────────────────────────────
    e2e\results\scenarios-ordenes-module-l-36206-ives-navigate-away-and-back-chromium\test-failed-1.png
    ────────────────────────────────────────────────────────────────────────────────────────────────

    attachment #2: video (video/webm) ──────────────────────────────────────────────────────────────
    e2e\results\scenarios-ordenes-module-l-36206-ives-navigate-away-and-back-chromium\video.webm
    ────────────────────────────────────────────────────────────────────────────────────────────────

    Error Context: e2e\results\scenarios-ordenes-module-l-36206-ives-navigate-away-and-back-chromium\error-context.md

  148) [chromium] › e2e\tests\scenarios\ordenes-module-load.spec.ts:141:7 › Órdenes de Compra — Module Load › ordenes list shows no NaN or undefined values 

    Error: page.goto: net::ERR_CONNECTION_REFUSED at http://localhost:3000/login
    Call log:
      - navigating to "http://localhost:3000/login", waiting until "load"


       at ..\pages\LoginPage.ts:62

      60 |     const password = process.env.E2E_TEST_PASSWORD || 'Test1234!';
      61 |
    > 62 |     await this.page.goto('/login');
         |                     ^
      63 |     await this.page.waitForLoadState('domcontentloaded');
      64 |
      65 |     // Check if we're already logged in (redirected to dashboard or setup)
        at LoginPage.loginAsTestUser (C:\Repos\htekdev\taller-mecanico\workdir\feat--factura-pdf-upload-v2\e2e\pages\LoginPage.ts:62:21)
        at C:\Repos\htekdev\taller-mecanico\workdir\feat--factura-pdf-upload-v2\e2e\tests\scenarios\ordenes-module-load.spec.ts:20:21

    attachment #1: screenshot (image/png) ──────────────────────────────────────────────────────────
    e2e\results\scenarios-ordenes-module-l-2c9d6--no-NaN-or-undefined-values-chromium\test-failed-1.png
    ────────────────────────────────────────────────────────────────────────────────────────────────

    attachment #2: video (video/webm) ──────────────────────────────────────────────────────────────
    e2e\results\scenarios-ordenes-module-l-2c9d6--no-NaN-or-undefined-values-chromium\video.webm
    ────────────────────────────────────────────────────────────────────────────────────────────────

    Error Context: e2e\results\scenarios-ordenes-module-l-2c9d6--no-NaN-or-undefined-values-chromium\error-context.md

  149) [chromium] › e2e\tests\scenarios\payment-collection-flow.spec.ts:158:7 › Payment Collection Flow › CxC amounts are mathematically correct (no NaN/undefined) 

    Error: page.goto: net::ERR_CONNECTION_REFUSED at http://localhost:3000/login
    Call log:
      - navigating to "http://localhost:3000/login", waiting until "load"


       at ..\pages\LoginPage.ts:62

      60 |     const password = process.env.E2E_TEST_PASSWORD || 'Test1234!';
      61 |
    > 62 |     await this.page.goto('/login');
         |                     ^
      63 |     await this.page.waitForLoadState('domcontentloaded');
      64 |
      65 |     // Check if we're already logged in (redirected to dashboard or setup)
        at LoginPage.loginAsTestUser (C:\Repos\htekdev\taller-mecanico\workdir\feat--factura-pdf-upload-v2\e2e\pages\LoginPage.ts:62:21)
        at C:\Repos\htekdev\taller-mecanico\workdir\feat--factura-pdf-upload-v2\e2e\tests\scenarios\payment-collection-flow.spec.ts:23:21

    attachment #1: screenshot (image/png) ──────────────────────────────────────────────────────────
    e2e\results\scenarios-payment-collecti-60e8f-y-correct-no-NaN-undefined--chromium\test-failed-1.png
    ────────────────────────────────────────────────────────────────────────────────────────────────

    attachment #2: video (video/webm) ──────────────────────────────────────────────────────────────
    e2e\results\scenarios-payment-collecti-60e8f-y-correct-no-NaN-undefined--chromium\video.webm
    ────────────────────────────────────────────────────────────────────────────────────────────────

    Error Context: e2e\results\scenarios-payment-collecti-60e8f-y-correct-no-NaN-undefined--chromium\error-context.md

  150) [chromium] › e2e\tests\scenarios\proveedor-crud.spec.ts:21:7 › Proveedor CRUD › add proveedor with full details 

    Error: page.goto: net::ERR_CONNECTION_REFUSED at http://localhost:3000/login
    Call log:
      - navigating to "http://localhost:3000/login", waiting until "load"


       at ..\pages\LoginPage.ts:62

      60 |     const password = process.env.E2E_TEST_PASSWORD || 'Test1234!';
      61 |
    > 62 |     await this.page.goto('/login');
         |                     ^
      63 |     await this.page.waitForLoadState('domcontentloaded');
      64 |
      65 |     // Check if we're already logged in (redirected to dashboard or setup)
        at LoginPage.loginAsTestUser (C:\Repos\htekdev\taller-mecanico\workdir\feat--factura-pdf-upload-v2\e2e\pages\LoginPage.ts:62:21)
        at C:\Repos\htekdev\taller-mecanico\workdir\feat--factura-pdf-upload-v2\e2e\tests\scenarios\proveedor-crud.spec.ts:18:21

    attachment #1: screenshot (image/png) ──────────────────────────────────────────────────────────
    e2e\results\scenarios-proveedor-crud-P-30bb4-proveedor-with-full-details-chromium\test-failed-1.png
    ────────────────────────────────────────────────────────────────────────────────────────────────

    attachment #2: video (video/webm) ──────────────────────────────────────────────────────────────
    e2e\results\scenarios-proveedor-crud-P-30bb4-proveedor-with-full-details-chromium\video.webm
    ────────────────────────────────────────────────────────────────────────────────────────────────

    Error Context: e2e\results\scenarios-proveedor-crud-P-30bb4-proveedor-with-full-details-chromium\error-context.md

  151) [chromium] › e2e\tests\scenarios\proveedor-crud.spec.ts:40:7 › Proveedor CRUD › add proveedor with minimal fields 

    Error: page.goto: net::ERR_CONNECTION_REFUSED at http://localhost:3000/login
    Call log:
      - navigating to "http://localhost:3000/login", waiting until "load"


       at ..\pages\LoginPage.ts:62

      60 |     const password = process.env.E2E_TEST_PASSWORD || 'Test1234!';
      61 |
    > 62 |     await this.page.goto('/login');
         |                     ^
      63 |     await this.page.waitForLoadState('domcontentloaded');
      64 |
      65 |     // Check if we're already logged in (redirected to dashboard or setup)
        at LoginPage.loginAsTestUser (C:\Repos\htekdev\taller-mecanico\workdir\feat--factura-pdf-upload-v2\e2e\pages\LoginPage.ts:62:21)
        at C:\Repos\htekdev\taller-mecanico\workdir\feat--factura-pdf-upload-v2\e2e\tests\scenarios\proveedor-crud.spec.ts:18:21

    attachment #1: screenshot (image/png) ──────────────────────────────────────────────────────────
    e2e\results\scenarios-proveedor-crud-P-586ce-oveedor-with-minimal-fields-chromium\test-failed-1.png
    ────────────────────────────────────────────────────────────────────────────────────────────────

    attachment #2: video (video/webm) ──────────────────────────────────────────────────────────────
    e2e\results\scenarios-proveedor-crud-P-586ce-oveedor-with-minimal-fields-chromium\video.webm
    ────────────────────────────────────────────────────────────────────────────────────────────────

    Error Context: e2e\results\scenarios-proveedor-crud-P-586ce-oveedor-with-minimal-fields-chromium\error-context.md

  152) [chromium] › e2e\tests\scenarios\proveedor-crud.spec.ts:58:7 › Proveedor CRUD › proveedor appears in inventario select 

    Error: page.goto: net::ERR_CONNECTION_REFUSED at http://localhost:3000/login
    Call log:
      - navigating to "http://localhost:3000/login", waiting until "load"


       at ..\pages\LoginPage.ts:62

      60 |     const password = process.env.E2E_TEST_PASSWORD || 'Test1234!';
      61 |
    > 62 |     await this.page.goto('/login');
         |                     ^
      63 |     await this.page.waitForLoadState('domcontentloaded');
      64 |
      65 |     // Check if we're already logged in (redirected to dashboard or setup)
        at LoginPage.loginAsTestUser (C:\Repos\htekdev\taller-mecanico\workdir\feat--factura-pdf-upload-v2\e2e\pages\LoginPage.ts:62:21)
        at C:\Repos\htekdev\taller-mecanico\workdir\feat--factura-pdf-upload-v2\e2e\tests\scenarios\proveedor-crud.spec.ts:18:21

    attachment #1: screenshot (image/png) ──────────────────────────────────────────────────────────
    e2e\results\scenarios-proveedor-crud-P-9aaf7-ppears-in-inventario-select-chromium\test-failed-1.png
    ────────────────────────────────────────────────────────────────────────────────────────────────

    attachment #2: video (video/webm) ──────────────────────────────────────────────────────────────
    e2e\results\scenarios-proveedor-crud-P-9aaf7-ppears-in-inventario-select-chromium\video.webm
    ────────────────────────────────────────────────────────────────────────────────────────────────

    Error Context: e2e\results\scenarios-proveedor-crud-P-9aaf7-ppears-in-inventario-select-chromium\error-context.md

  153) [chromium] › e2e\tests\scenarios\proveedor-crud.spec.ts:86:7 › Proveedor CRUD › proveedor count updates in badge 

    Error: page.goto: net::ERR_CONNECTION_REFUSED at http://localhost:3000/login
    Call log:
      - navigating to "http://localhost:3000/login", waiting until "load"


       at ..\pages\LoginPage.ts:62

      60 |     const password = process.env.E2E_TEST_PASSWORD || 'Test1234!';
      61 |
    > 62 |     await this.page.goto('/login');
         |                     ^
      63 |     await this.page.waitForLoadState('domcontentloaded');
      64 |
      65 |     // Check if we're already logged in (redirected to dashboard or setup)
        at LoginPage.loginAsTestUser (C:\Repos\htekdev\taller-mecanico\workdir\feat--factura-pdf-upload-v2\e2e\pages\LoginPage.ts:62:21)
        at C:\Repos\htekdev\taller-mecanico\workdir\feat--factura-pdf-upload-v2\e2e\tests\scenarios\proveedor-crud.spec.ts:18:21

    attachment #1: screenshot (image/png) ──────────────────────────────────────────────────────────
    e2e\results\scenarios-proveedor-crud-P-f4a01-edor-count-updates-in-badge-chromium\test-failed-1.png
    ────────────────────────────────────────────────────────────────────────────────────────────────

    attachment #2: video (video/webm) ──────────────────────────────────────────────────────────────
    e2e\results\scenarios-proveedor-crud-P-f4a01-edor-count-updates-in-badge-chromium\video.webm
    ────────────────────────────────────────────────────────────────────────────────────────────────

    Error Context: e2e\results\scenarios-proveedor-crud-P-f4a01-edor-count-updates-in-badge-chromium\error-context.md

  154) [chromium] › e2e\tests\scenarios\purchase-orders.spec.ts:26:7 › Purchase Orders › create purchase order with proveedor 

    Error: page.goto: net::ERR_CONNECTION_REFUSED at http://localhost:3000/login
    Call log:
      - navigating to "http://localhost:3000/login", waiting until "load"


       at ..\pages\LoginPage.ts:62

      60 |     const password = process.env.E2E_TEST_PASSWORD || 'Test1234!';
      61 |
    > 62 |     await this.page.goto('/login');
         |                     ^
      63 |     await this.page.waitForLoadState('domcontentloaded');
      64 |
      65 |     // Check if we're already logged in (redirected to dashboard or setup)
        at LoginPage.loginAsTestUser (C:\Repos\htekdev\taller-mecanico\workdir\feat--factura-pdf-upload-v2\e2e\pages\LoginPage.ts:62:21)
        at C:\Repos\htekdev\taller-mecanico\workdir\feat--factura-pdf-upload-v2\e2e\tests\scenarios\purchase-orders.spec.ts:23:21

    attachment #1: screenshot (image/png) ──────────────────────────────────────────────────────────
    e2e\results\scenarios-purchase-orders--303ce-rchase-order-with-proveedor-chromium\test-failed-1.png
    ────────────────────────────────────────────────────────────────────────────────────────────────

    attachment #2: video (video/webm) ──────────────────────────────────────────────────────────────
    e2e\results\scenarios-purchase-orders--303ce-rchase-order-with-proveedor-chromium\video.webm
    ────────────────────────────────────────────────────────────────────────────────────────────────

    Error Context: e2e\results\scenarios-purchase-orders--303ce-rchase-order-with-proveedor-chromium\error-context.md

  155) [chromium] › e2e\tests\scenarios\purchase-orders.spec.ts:58:7 › Purchase Orders › edit received order after creation 

    Error: page.goto: net::ERR_CONNECTION_REFUSED at http://localhost:3000/login
    Call log:
      - navigating to "http://localhost:3000/login", waiting until "load"


       at ..\pages\LoginPage.ts:62

      60 |     const password = process.env.E2E_TEST_PASSWORD || 'Test1234!';
      61 |
    > 62 |     await this.page.goto('/login');
         |                     ^
      63 |     await this.page.waitForLoadState('domcontentloaded');
      64 |
      65 |     // Check if we're already logged in (redirected to dashboard or setup)
        at LoginPage.loginAsTestUser (C:\Repos\htekdev\taller-mecanico\workdir\feat--factura-pdf-upload-v2\e2e\pages\LoginPage.ts:62:21)
        at C:\Repos\htekdev\taller-mecanico\workdir\feat--factura-pdf-upload-v2\e2e\tests\scenarios\purchase-orders.spec.ts:23:21

    attachment #1: screenshot (image/png) ──────────────────────────────────────────────────────────
    e2e\results\scenarios-purchase-orders--4875f-ceived-order-after-creation-chromium\test-failed-1.png
    ────────────────────────────────────────────────────────────────────────────────────────────────

    attachment #2: video (video/webm) ──────────────────────────────────────────────────────────────
    e2e\results\scenarios-purchase-orders--4875f-ceived-order-after-creation-chromium\video.webm
    ────────────────────────────────────────────────────────────────────────────────────────────────

    Error Context: e2e\results\scenarios-purchase-orders--4875f-ceived-order-after-creation-chromium\error-context.md

  156) [chromium] › e2e\tests\scenarios\purchase-orders.spec.ts:92:7 › Purchase Orders › mark order as received 

    Error: page.goto: net::ERR_CONNECTION_REFUSED at http://localhost:3000/login
    Call log:
      - navigating to "http://localhost:3000/login", waiting until "load"


       at ..\pages\LoginPage.ts:62

      60 |     const password = process.env.E2E_TEST_PASSWORD || 'Test1234!';
      61 |
    > 62 |     await this.page.goto('/login');
         |                     ^
      63 |     await this.page.waitForLoadState('domcontentloaded');
      64 |
      65 |     // Check if we're already logged in (redirected to dashboard or setup)
        at LoginPage.loginAsTestUser (C:\Repos\htekdev\taller-mecanico\workdir\feat--factura-pdf-upload-v2\e2e\pages\LoginPage.ts:62:21)
        at C:\Repos\htekdev\taller-mecanico\workdir\feat--factura-pdf-upload-v2\e2e\tests\scenarios\purchase-orders.spec.ts:23:21

    attachment #1: screenshot (image/png) ──────────────────────────────────────────────────────────
    e2e\results\scenarios-purchase-orders--a3876-ders-mark-order-as-received-chromium\test-failed-1.png
    ────────────────────────────────────────────────────────────────────────────────────────────────

    attachment #2: video (video/webm) ──────────────────────────────────────────────────────────────
    e2e\results\scenarios-purchase-orders--a3876-ders-mark-order-as-received-chromium\video.webm
    ────────────────────────────────────────────────────────────────────────────────────────────────

    Error Context: e2e\results\scenarios-purchase-orders--a3876-ders-mark-order-as-received-chromium\error-context.md

  157) [chromium] › e2e\tests\scenarios\purchase-orders.spec.ts:116:7 › Purchase Orders › IVA toggle affects total 

    Error: page.goto: net::ERR_CONNECTION_REFUSED at http://localhost:3000/login
    Call log:
      - navigating to "http://localhost:3000/login", waiting until "load"


       at ..\pages\LoginPage.ts:62

      60 |     const password = process.env.E2E_TEST_PASSWORD || 'Test1234!';
      61 |
    > 62 |     await this.page.goto('/login');
         |                     ^
      63 |     await this.page.waitForLoadState('domcontentloaded');
      64 |
      65 |     // Check if we're already logged in (redirected to dashboard or setup)
        at LoginPage.loginAsTestUser (C:\Repos\htekdev\taller-mecanico\workdir\feat--factura-pdf-upload-v2\e2e\pages\LoginPage.ts:62:21)
        at C:\Repos\htekdev\taller-mecanico\workdir\feat--factura-pdf-upload-v2\e2e\tests\scenarios\purchase-orders.spec.ts:23:21

    attachment #1: screenshot (image/png) ──────────────────────────────────────────────────────────
    e2e\results\scenarios-purchase-orders--a865e-rs-IVA-toggle-affects-total-chromium\test-failed-1.png
    ────────────────────────────────────────────────────────────────────────────────────────────────

    attachment #2: video (video/webm) ──────────────────────────────────────────────────────────────
    e2e\results\scenarios-purchase-orders--a865e-rs-IVA-toggle-affects-total-chromium\video.webm
    ────────────────────────────────────────────────────────────────────────────────────────────────

    Error Context: e2e\results\scenarios-purchase-orders--a865e-rs-IVA-toggle-affects-total-chromium\error-context.md

  158) [chromium] › e2e\tests\scenarios\reportes-module.spec.ts:27:7 › Reportes Module › reportes module loads without crash 

    Error: page.goto: net::ERR_CONNECTION_REFUSED at http://localhost:3000/login
    Call log:
      - navigating to "http://localhost:3000/login", waiting until "load"


       at ..\pages\LoginPage.ts:62

      60 |     const password = process.env.E2E_TEST_PASSWORD || 'Test1234!';
      61 |
    > 62 |     await this.page.goto('/login');
         |                     ^
      63 |     await this.page.waitForLoadState('domcontentloaded');
      64 |
      65 |     // Check if we're already logged in (redirected to dashboard or setup)
        at LoginPage.loginAsTestUser (C:\Repos\htekdev\taller-mecanico\workdir\feat--factura-pdf-upload-v2\e2e\pages\LoginPage.ts:62:21)
        at C:\Repos\htekdev\taller-mecanico\workdir\feat--factura-pdf-upload-v2\e2e\tests\scenarios\reportes-module.spec.ts:24:21

    attachment #1: screenshot (image/png) ──────────────────────────────────────────────────────────
    e2e\results\scenarios-reportes-module--5f750--module-loads-without-crash-chromium\test-failed-1.png
    ────────────────────────────────────────────────────────────────────────────────────────────────

    attachment #2: video (video/webm) ──────────────────────────────────────────────────────────────
    e2e\results\scenarios-reportes-module--5f750--module-loads-without-crash-chromium\video.webm
    ────────────────────────────────────────────────────────────────────────────────────────────────

    Error Context: e2e\results\scenarios-reportes-module--5f750--module-loads-without-crash-chromium\error-context.md

  159) [chromium] › e2e\tests\scenarios\reportes-module.spec.ts:43:7 › Reportes Module › reportes shows section heading in Spanish 

    Error: page.goto: net::ERR_CONNECTION_REFUSED at http://localhost:3000/login
    Call log:
      - navigating to "http://localhost:3000/login", waiting until "load"


       at ..\pages\LoginPage.ts:62

      60 |     const password = process.env.E2E_TEST_PASSWORD || 'Test1234!';
      61 |
    > 62 |     await this.page.goto('/login');
         |                     ^
      63 |     await this.page.waitForLoadState('domcontentloaded');
      64 |
      65 |     // Check if we're already logged in (redirected to dashboard or setup)
        at LoginPage.loginAsTestUser (C:\Repos\htekdev\taller-mecanico\workdir\feat--factura-pdf-upload-v2\e2e\pages\LoginPage.ts:62:21)
        at C:\Repos\htekdev\taller-mecanico\workdir\feat--factura-pdf-upload-v2\e2e\tests\scenarios\reportes-module.spec.ts:24:21

    attachment #1: screenshot (image/png) ──────────────────────────────────────────────────────────
    e2e\results\scenarios-reportes-module--e9886--section-heading-in-Spanish-chromium\test-failed-1.png
    ────────────────────────────────────────────────────────────────────────────────────────────────

    attachment #2: video (video/webm) ──────────────────────────────────────────────────────────────
    e2e\results\scenarios-reportes-module--e9886--section-heading-in-Spanish-chromium\video.webm
    ────────────────────────────────────────────────────────────────────────────────────────────────

    Error Context: e2e\results\scenarios-reportes-module--e9886--section-heading-in-Spanish-chromium\error-context.md

  160) [chromium] › e2e\tests\scenarios\reportes-module.spec.ts:67:7 › Reportes Module › reportes shows tab switcher (Nuevo Reporte / Estado) 

    Error: page.goto: net::ERR_CONNECTION_REFUSED at http://localhost:3000/login
    Call log:
      - navigating to "http://localhost:3000/login", waiting until "load"


       at ..\pages\LoginPage.ts:62

      60 |     const password = process.env.E2E_TEST_PASSWORD || 'Test1234!';
      61 |
    > 62 |     await this.page.goto('/login');
         |                     ^
      63 |     await this.page.waitForLoadState('domcontentloaded');
      64 |
      65 |     // Check if we're already logged in (redirected to dashboard or setup)
        at LoginPage.loginAsTestUser (C:\Repos\htekdev\taller-mecanico\workdir\feat--factura-pdf-upload-v2\e2e\pages\LoginPage.ts:62:21)
        at C:\Repos\htekdev\taller-mecanico\workdir\feat--factura-pdf-upload-v2\e2e\tests\scenarios\reportes-module.spec.ts:24:21

    attachment #1: screenshot (image/png) ──────────────────────────────────────────────────────────
    e2e\results\scenarios-reportes-module--1a7f6-tcher-Nuevo-Reporte-Estado--chromium\test-failed-1.png
    ────────────────────────────────────────────────────────────────────────────────────────────────

    attachment #2: video (video/webm) ──────────────────────────────────────────────────────────────
    e2e\results\scenarios-reportes-module--1a7f6-tcher-Nuevo-Reporte-Estado--chromium\video.webm
    ────────────────────────────────────────────────────────────────────────────────────────────────

    Error Context: e2e\results\scenarios-reportes-module--1a7f6-tcher-Nuevo-Reporte-Estado--chromium\error-context.md

  161) [chromium] › e2e\tests\scenarios\reportes-module.spec.ts:87:7 › Reportes Module › reportes nuevo tab shows form with required fields 

    Error: page.goto: net::ERR_CONNECTION_REFUSED at http://localhost:3000/login
    Call log:
      - navigating to "http://localhost:3000/login", waiting until "load"


       at ..\pages\LoginPage.ts:62

      60 |     const password = process.env.E2E_TEST_PASSWORD || 'Test1234!';
      61 |
    > 62 |     await this.page.goto('/login');
         |                     ^
      63 |     await this.page.waitForLoadState('domcontentloaded');
      64 |
      65 |     // Check if we're already logged in (redirected to dashboard or setup)
        at LoginPage.loginAsTestUser (C:\Repos\htekdev\taller-mecanico\workdir\feat--factura-pdf-upload-v2\e2e\pages\LoginPage.ts:62:21)
        at C:\Repos\htekdev\taller-mecanico\workdir\feat--factura-pdf-upload-v2\e2e\tests\scenarios\reportes-module.spec.ts:24:21

    attachment #1: screenshot (image/png) ──────────────────────────────────────────────────────────
    e2e\results\scenarios-reportes-module--f0960-s-form-with-required-fields-chromium\test-failed-1.png
    ────────────────────────────────────────────────────────────────────────────────────────────────

    attachment #2: video (video/webm) ──────────────────────────────────────────────────────────────
    e2e\results\scenarios-reportes-module--f0960-s-form-with-required-fields-chromium\video.webm
    ────────────────────────────────────────────────────────────────────────────────────────────────

    Error Context: e2e\results\scenarios-reportes-module--f0960-s-form-with-required-fields-chromium\error-context.md

  162) [chromium] › e2e\tests\scenarios\reportes-module.spec.ts:119:7 › Reportes Module › reportes estado tab shows issue-related content 

    Error: page.goto: net::ERR_CONNECTION_REFUSED at http://localhost:3000/login
    Call log:
      - navigating to "http://localhost:3000/login", waiting until "load"


       at ..\pages\LoginPage.ts:62

      60 |     const password = process.env.E2E_TEST_PASSWORD || 'Test1234!';
      61 |
    > 62 |     await this.page.goto('/login');
         |                     ^
      63 |     await this.page.waitForLoadState('domcontentloaded');
      64 |
      65 |     // Check if we're already logged in (redirected to dashboard or setup)
        at LoginPage.loginAsTestUser (C:\Repos\htekdev\taller-mecanico\workdir\feat--factura-pdf-upload-v2\e2e\pages\LoginPage.ts:62:21)
        at C:\Repos\htekdev\taller-mecanico\workdir\feat--factura-pdf-upload-v2\e2e\tests\scenarios\reportes-module.spec.ts:24:21

    attachment #1: screenshot (image/png) ──────────────────────────────────────────────────────────
    e2e\results\scenarios-reportes-module--cdafb-shows-issue-related-content-chromium\test-failed-1.png
    ────────────────────────────────────────────────────────────────────────────────────────────────

    attachment #2: video (video/webm) ──────────────────────────────────────────────────────────────
    e2e\results\scenarios-reportes-module--cdafb-shows-issue-related-content-chromium\video.webm
    ────────────────────────────────────────────────────────────────────────────────────────────────

    Error Context: e2e\results\scenarios-reportes-module--cdafb-shows-issue-related-content-chromium\error-context.md

  163) [chromium] › e2e\tests\scenarios\reportes-module.spec.ts:136:7 › Reportes Module › reportes does not expose raw debug errors 

    Error: page.goto: net::ERR_CONNECTION_REFUSED at http://localhost:3000/login
    Call log:
      - navigating to "http://localhost:3000/login", waiting until "load"


       at ..\pages\LoginPage.ts:62

      60 |     const password = process.env.E2E_TEST_PASSWORD || 'Test1234!';
      61 |
    > 62 |     await this.page.goto('/login');
         |                     ^
      63 |     await this.page.waitForLoadState('domcontentloaded');
      64 |
      65 |     // Check if we're already logged in (redirected to dashboard or setup)
        at LoginPage.loginAsTestUser (C:\Repos\htekdev\taller-mecanico\workdir\feat--factura-pdf-upload-v2\e2e\pages\LoginPage.ts:62:21)
        at C:\Repos\htekdev\taller-mecanico\workdir\feat--factura-pdf-upload-v2\e2e\tests\scenarios\reportes-module.spec.ts:24:21

    attachment #1: screenshot (image/png) ──────────────────────────────────────────────────────────
    e2e\results\scenarios-reportes-module--fa2f6-not-expose-raw-debug-errors-chromium\test-failed-1.png
    ────────────────────────────────────────────────────────────────────────────────────────────────

    attachment #2: video (video/webm) ──────────────────────────────────────────────────────────────
    e2e\results\scenarios-reportes-module--fa2f6-not-expose-raw-debug-errors-chromium\video.webm
    ────────────────────────────────────────────────────────────────────────────────────────────────

    Error Context: e2e\results\scenarios-reportes-module--fa2f6-not-expose-raw-debug-errors-chromium\error-context.md

  164) [chromium] › e2e\tests\scenarios\reportes-module.spec.ts:151:7 › Reportes Module › reportes is accessible from configuracion tab 

    Error: page.goto: net::ERR_CONNECTION_REFUSED at http://localhost:3000/login
    Call log:
      - navigating to "http://localhost:3000/login", waiting until "load"


       at ..\pages\LoginPage.ts:62

      60 |     const password = process.env.E2E_TEST_PASSWORD || 'Test1234!';
      61 |
    > 62 |     await this.page.goto('/login');
         |                     ^
      63 |     await this.page.waitForLoadState('domcontentloaded');
      64 |
      65 |     // Check if we're already logged in (redirected to dashboard or setup)
        at LoginPage.loginAsTestUser (C:\Repos\htekdev\taller-mecanico\workdir\feat--factura-pdf-upload-v2\e2e\pages\LoginPage.ts:62:21)
        at C:\Repos\htekdev\taller-mecanico\workdir\feat--factura-pdf-upload-v2\e2e\tests\scenarios\reportes-module.spec.ts:24:21

    attachment #1: screenshot (image/png) ──────────────────────────────────────────────────────────
    e2e\results\scenarios-reportes-module--772fd-ible-from-configuracion-tab-chromium\test-failed-1.png
    ────────────────────────────────────────────────────────────────────────────────────────────────

    attachment #2: video (video/webm) ──────────────────────────────────────────────────────────────
    e2e\results\scenarios-reportes-module--772fd-ible-from-configuracion-tab-chromium\video.webm
    ────────────────────────────────────────────────────────────────────────────────────────────────

    Error Context: e2e\results\scenarios-reportes-module--772fd-ible-from-configuracion-tab-chromium\error-context.md

  165) [chromium] › e2e\tests\scenarios\resumen-data-integrity.spec.ts:24:7 › Resumen — Data Integrity › no NaN or undefined in resumen page text 

    Error: page.goto: net::ERR_CONNECTION_REFUSED at http://localhost:3000/login
    Call log:
      - navigating to "http://localhost:3000/login", waiting until "load"


       at ..\pages\LoginPage.ts:62

      60 |     const password = process.env.E2E_TEST_PASSWORD || 'Test1234!';
      61 |
    > 62 |     await this.page.goto('/login');
         |                     ^
      63 |     await this.page.waitForLoadState('domcontentloaded');
      64 |
      65 |     // Check if we're already logged in (redirected to dashboard or setup)
        at LoginPage.loginAsTestUser (C:\Repos\htekdev\taller-mecanico\workdir\feat--factura-pdf-upload-v2\e2e\pages\LoginPage.ts:62:21)
        at C:\Repos\htekdev\taller-mecanico\workdir\feat--factura-pdf-upload-v2\e2e\tests\scenarios\resumen-data-integrity.spec.ts:18:21

    attachment #1: screenshot (image/png) ──────────────────────────────────────────────────────────
    e2e\results\scenarios-resumen-data-int-3d417-efined-in-resumen-page-text-chromium\test-failed-1.png
    ────────────────────────────────────────────────────────────────────────────────────────────────

    attachment #2: video (video/webm) ──────────────────────────────────────────────────────────────
    e2e\results\scenarios-resumen-data-int-3d417-efined-in-resumen-page-text-chromium\video.webm
    ────────────────────────────────────────────────────────────────────────────────────────────────

    Error Context: e2e\results\scenarios-resumen-data-int-3d417-efined-in-resumen-page-text-chromium\error-context.md

  166) [chromium] › e2e\tests\scenarios\resumen-data-integrity.spec.ts:39:7 › Resumen — Data Integrity › cash flow card labels visible 

    Error: page.goto: net::ERR_CONNECTION_REFUSED at http://localhost:3000/login
    Call log:
      - navigating to "http://localhost:3000/login", waiting until "load"


       at ..\pages\LoginPage.ts:62

      60 |     const password = process.env.E2E_TEST_PASSWORD || 'Test1234!';
      61 |
    > 62 |     await this.page.goto('/login');
         |                     ^
      63 |     await this.page.waitForLoadState('domcontentloaded');
      64 |
      65 |     // Check if we're already logged in (redirected to dashboard or setup)
        at LoginPage.loginAsTestUser (C:\Repos\htekdev\taller-mecanico\workdir\feat--factura-pdf-upload-v2\e2e\pages\LoginPage.ts:62:21)
        at C:\Repos\htekdev\taller-mecanico\workdir\feat--factura-pdf-upload-v2\e2e\tests\scenarios\resumen-data-integrity.spec.ts:18:21

    attachment #1: screenshot (image/png) ──────────────────────────────────────────────────────────
    e2e\results\scenarios-resumen-data-int-7fff6-sh-flow-card-labels-visible-chromium\test-failed-1.png
    ────────────────────────────────────────────────────────────────────────────────────────────────

    attachment #2: video (video/webm) ──────────────────────────────────────────────────────────────
    e2e\results\scenarios-resumen-data-int-7fff6-sh-flow-card-labels-visible-chromium\video.webm
    ────────────────────────────────────────────────────────────────────────────────────────────────

    Error Context: e2e\results\scenarios-resumen-data-int-7fff6-sh-flow-card-labels-visible-chromium\error-context.md

  167) [chromium] › e2e\tests\scenarios\resumen-data-integrity.spec.ts:55:7 › Resumen — Data Integrity › dollar amounts render on resumen page 

    Error: page.goto: net::ERR_CONNECTION_REFUSED at http://localhost:3000/login
    Call log:
      - navigating to "http://localhost:3000/login", waiting until "load"


       at ..\pages\LoginPage.ts:62

      60 |     const password = process.env.E2E_TEST_PASSWORD || 'Test1234!';
      61 |
    > 62 |     await this.page.goto('/login');
         |                     ^
      63 |     await this.page.waitForLoadState('domcontentloaded');
      64 |
      65 |     // Check if we're already logged in (redirected to dashboard or setup)
        at LoginPage.loginAsTestUser (C:\Repos\htekdev\taller-mecanico\workdir\feat--factura-pdf-upload-v2\e2e\pages\LoginPage.ts:62:21)
        at C:\Repos\htekdev\taller-mecanico\workdir\feat--factura-pdf-upload-v2\e2e\tests\scenarios\resumen-data-integrity.spec.ts:18:21

    attachment #1: screenshot (image/png) ──────────────────────────────────────────────────────────
    e2e\results\scenarios-resumen-data-int-027f2-unts-render-on-resumen-page-chromium\test-failed-1.png
    ────────────────────────────────────────────────────────────────────────────────────────────────

    attachment #2: video (video/webm) ──────────────────────────────────────────────────────────────
    e2e\results\scenarios-resumen-data-int-027f2-unts-render-on-resumen-page-chromium\video.webm
    ────────────────────────────────────────────────────────────────────────────────────────────────

    Error Context: e2e\results\scenarios-resumen-data-int-027f2-unts-render-on-resumen-page-chromium\error-context.md

  168) [chromium] › e2e\tests\scenarios\resumen-data-integrity.spec.ts:66:7 › Resumen — Data Integrity › P&L section headings are visible 

    Error: page.goto: net::ERR_CONNECTION_REFUSED at http://localhost:3000/login
    Call log:
      - navigating to "http://localhost:3000/login", waiting until "load"


       at ..\pages\LoginPage.ts:62

      60 |     const password = process.env.E2E_TEST_PASSWORD || 'Test1234!';
      61 |
    > 62 |     await this.page.goto('/login');
         |                     ^
      63 |     await this.page.waitForLoadState('domcontentloaded');
      64 |
      65 |     // Check if we're already logged in (redirected to dashboard or setup)
        at LoginPage.loginAsTestUser (C:\Repos\htekdev\taller-mecanico\workdir\feat--factura-pdf-upload-v2\e2e\pages\LoginPage.ts:62:21)
        at C:\Repos\htekdev\taller-mecanico\workdir\feat--factura-pdf-upload-v2\e2e\tests\scenarios\resumen-data-integrity.spec.ts:18:21

    attachment #1: screenshot (image/png) ──────────────────────────────────────────────────────────
    e2e\results\scenarios-resumen-data-int-b3fea-ection-headings-are-visible-chromium\test-failed-1.png
    ────────────────────────────────────────────────────────────────────────────────────────────────

    attachment #2: video (video/webm) ──────────────────────────────────────────────────────────────
    e2e\results\scenarios-resumen-data-int-b3fea-ection-headings-are-visible-chromium\video.webm
    ────────────────────────────────────────────────────────────────────────────────────────────────

    Error Context: e2e\results\scenarios-resumen-data-int-b3fea-ection-headings-are-visible-chromium\error-context.md

  169) [chromium] › e2e\tests\scenarios\resumen-data-integrity.spec.ts:89:7 › Resumen — Data Integrity › resumen renders month and year in Spanish 

    Error: page.goto: net::ERR_CONNECTION_REFUSED at http://localhost:3000/login
    Call log:
      - navigating to "http://localhost:3000/login", waiting until "load"


       at ..\pages\LoginPage.ts:62

      60 |     const password = process.env.E2E_TEST_PASSWORD || 'Test1234!';
      61 |
    > 62 |     await this.page.goto('/login');
         |                     ^
      63 |     await this.page.waitForLoadState('domcontentloaded');
      64 |
      65 |     // Check if we're already logged in (redirected to dashboard or setup)
        at LoginPage.loginAsTestUser (C:\Repos\htekdev\taller-mecanico\workdir\feat--factura-pdf-upload-v2\e2e\pages\LoginPage.ts:62:21)
        at C:\Repos\htekdev\taller-mecanico\workdir\feat--factura-pdf-upload-v2\e2e\tests\scenarios\resumen-data-integrity.spec.ts:18:21

    attachment #1: screenshot (image/png) ──────────────────────────────────────────────────────────
    e2e\results\scenarios-resumen-data-int-6eb3b-s-month-and-year-in-Spanish-chromium\test-failed-1.png
    ────────────────────────────────────────────────────────────────────────────────────────────────

    attachment #2: video (video/webm) ──────────────────────────────────────────────────────────────
    e2e\results\scenarios-resumen-data-int-6eb3b-s-month-and-year-in-Spanish-chromium\video.webm
    ────────────────────────────────────────────────────────────────────────────────────────────────

    Error Context: e2e\results\scenarios-resumen-data-int-6eb3b-s-month-and-year-in-Spanish-chromium\error-context.md

  170) [chromium] › e2e\tests\scenarios\resumen-data-integrity.spec.ts:103:7 › Resumen — Data Integrity › resumen gastos breakdown does not crash with zero data 

    Error: page.goto: net::ERR_CONNECTION_REFUSED at http://localhost:3000/login
    Call log:
      - navigating to "http://localhost:3000/login", waiting until "load"


       at ..\pages\LoginPage.ts:62

      60 |     const password = process.env.E2E_TEST_PASSWORD || 'Test1234!';
      61 |
    > 62 |     await this.page.goto('/login');
         |                     ^
      63 |     await this.page.waitForLoadState('domcontentloaded');
      64 |
      65 |     // Check if we're already logged in (redirected to dashboard or setup)
        at LoginPage.loginAsTestUser (C:\Repos\htekdev\taller-mecanico\workdir\feat--factura-pdf-upload-v2\e2e\pages\LoginPage.ts:62:21)
        at C:\Repos\htekdev\taller-mecanico\workdir\feat--factura-pdf-upload-v2\e2e\tests\scenarios\resumen-data-integrity.spec.ts:18:21

    attachment #1: screenshot (image/png) ──────────────────────────────────────────────────────────
    e2e\results\scenarios-resumen-data-int-d0e42-es-not-crash-with-zero-data-chromium\test-failed-1.png
    ────────────────────────────────────────────────────────────────────────────────────────────────

    attachment #2: video (video/webm) ──────────────────────────────────────────────────────────────
    e2e\results\scenarios-resumen-data-int-d0e42-es-not-crash-with-zero-data-chromium\video.webm
    ────────────────────────────────────────────────────────────────────────────────────────────────

    Error Context: e2e\results\scenarios-resumen-data-int-d0e42-es-not-crash-with-zero-data-chromium\error-context.md

  171) [chromium] › e2e\tests\scenarios\resumen-financiero.spec.ts:19:7 › Resumen Financiero › resumen module loads without crash 

    Error: page.goto: net::ERR_CONNECTION_REFUSED at http://localhost:3000/login
    Call log:
      - navigating to "http://localhost:3000/login", waiting until "load"


       at ..\pages\LoginPage.ts:62

      60 |     const password = process.env.E2E_TEST_PASSWORD || 'Test1234!';
      61 |
    > 62 |     await this.page.goto('/login');
         |                     ^
      63 |     await this.page.waitForLoadState('domcontentloaded');
      64 |
      65 |     // Check if we're already logged in (redirected to dashboard or setup)
        at LoginPage.loginAsTestUser (C:\Repos\htekdev\taller-mecanico\workdir\feat--factura-pdf-upload-v2\e2e\pages\LoginPage.ts:62:21)
        at C:\Repos\htekdev\taller-mecanico\workdir\feat--factura-pdf-upload-v2\e2e\tests\scenarios\resumen-financiero.spec.ts:16:21

    attachment #1: screenshot (image/png) ──────────────────────────────────────────────────────────
    e2e\results\scenarios-resumen-financie-2def5--module-loads-without-crash-chromium\test-failed-1.png
    ────────────────────────────────────────────────────────────────────────────────────────────────

    attachment #2: video (video/webm) ──────────────────────────────────────────────────────────────
    e2e\results\scenarios-resumen-financie-2def5--module-loads-without-crash-chromium\video.webm
    ────────────────────────────────────────────────────────────────────────────────────────────────

    Error Context: e2e\results\scenarios-resumen-financie-2def5--module-loads-without-crash-chromium\error-context.md

  172) [chromium] › e2e\tests\scenarios\resumen-financiero.spec.ts:37:7 › Resumen Financiero › resumen shows financial section labels in Spanish 

    Error: page.goto: net::ERR_CONNECTION_REFUSED at http://localhost:3000/login
    Call log:
      - navigating to "http://localhost:3000/login", waiting until "load"


       at ..\pages\LoginPage.ts:62

      60 |     const password = process.env.E2E_TEST_PASSWORD || 'Test1234!';
      61 |
    > 62 |     await this.page.goto('/login');
         |                     ^
      63 |     await this.page.waitForLoadState('domcontentloaded');
      64 |
      65 |     // Check if we're already logged in (redirected to dashboard or setup)
        at LoginPage.loginAsTestUser (C:\Repos\htekdev\taller-mecanico\workdir\feat--factura-pdf-upload-v2\e2e\pages\LoginPage.ts:62:21)
        at C:\Repos\htekdev\taller-mecanico\workdir\feat--factura-pdf-upload-v2\e2e\tests\scenarios\resumen-financiero.spec.ts:16:21

    attachment #1: screenshot (image/png) ──────────────────────────────────────────────────────────
    e2e\results\scenarios-resumen-financie-3ce5e-l-section-labels-in-Spanish-chromium\test-failed-1.png
    ────────────────────────────────────────────────────────────────────────────────────────────────

    attachment #2: video (video/webm) ──────────────────────────────────────────────────────────────
    e2e\results\scenarios-resumen-financie-3ce5e-l-section-labels-in-Spanish-chromium\video.webm
    ────────────────────────────────────────────────────────────────────────────────────────────────

    Error Context: e2e\results\scenarios-resumen-financie-3ce5e-l-section-labels-in-Spanish-chromium\error-context.md

  173) [chromium] › e2e\tests\scenarios\resumen-financiero.spec.ts:64:7 › Resumen Financiero › resumen tab is accessible from trabajos module 

    Error: page.goto: net::ERR_CONNECTION_REFUSED at http://localhost:3000/login
    Call log:
      - navigating to "http://localhost:3000/login", waiting until "load"


       at ..\pages\LoginPage.ts:62

      60 |     const password = process.env.E2E_TEST_PASSWORD || 'Test1234!';
      61 |
    > 62 |     await this.page.goto('/login');
         |                     ^
      63 |     await this.page.waitForLoadState('domcontentloaded');
      64 |
      65 |     // Check if we're already logged in (redirected to dashboard or setup)
        at LoginPage.loginAsTestUser (C:\Repos\htekdev\taller-mecanico\workdir\feat--factura-pdf-upload-v2\e2e\pages\LoginPage.ts:62:21)
        at C:\Repos\htekdev\taller-mecanico\workdir\feat--factura-pdf-upload-v2\e2e\tests\scenarios\resumen-financiero.spec.ts:16:21

    attachment #1: screenshot (image/png) ──────────────────────────────────────────────────────────
    e2e\results\scenarios-resumen-financie-3c402-ssible-from-trabajos-module-chromium\test-failed-1.png
    ────────────────────────────────────────────────────────────────────────────────────────────────

    attachment #2: video (video/webm) ──────────────────────────────────────────────────────────────
    e2e\results\scenarios-resumen-financie-3c402-ssible-from-trabajos-module-chromium\video.webm
    ────────────────────────────────────────────────────────────────────────────────────────────────

    Error Context: e2e\results\scenarios-resumen-financie-3c402-ssible-from-trabajos-module-chromium\error-context.md

  174) [chromium] › e2e\tests\scenarios\resumen-financiero.spec.ts:84:7 › Resumen Financiero › resumen does not show localhost or debug data in production 

    Error: page.goto: net::ERR_CONNECTION_REFUSED at http://localhost:3000/login
    Call log:
      - navigating to "http://localhost:3000/login", waiting until "load"


       at ..\pages\LoginPage.ts:62

      60 |     const password = process.env.E2E_TEST_PASSWORD || 'Test1234!';
      61 |
    > 62 |     await this.page.goto('/login');
         |                     ^
      63 |     await this.page.waitForLoadState('domcontentloaded');
      64 |
      65 |     // Check if we're already logged in (redirected to dashboard or setup)
        at LoginPage.loginAsTestUser (C:\Repos\htekdev\taller-mecanico\workdir\feat--factura-pdf-upload-v2\e2e\pages\LoginPage.ts:62:21)
        at C:\Repos\htekdev\taller-mecanico\workdir\feat--factura-pdf-upload-v2\e2e\tests\scenarios\resumen-financiero.spec.ts:16:21

    attachment #1: screenshot (image/png) ──────────────────────────────────────────────────────────
    e2e\results\scenarios-resumen-financie-50fd6-or-debug-data-in-production-chromium\test-failed-1.png
    ────────────────────────────────────────────────────────────────────────────────────────────────

    attachment #2: video (video/webm) ──────────────────────────────────────────────────────────────
    e2e\results\scenarios-resumen-financie-50fd6-or-debug-data-in-production-chromium\video.webm
    ────────────────────────────────────────────────────────────────────────────────────────────────

    Error Context: e2e\results\scenarios-resumen-financie-50fd6-or-debug-data-in-production-chromium\error-context.md

  175) [chromium] › e2e\tests\scenarios\search-across-modules.spec.ts:17:7 › Search Across Modules › client name appears consistently across modules 

    Error: page.goto: net::ERR_CONNECTION_REFUSED at http://localhost:3000/login
    Call log:
      - navigating to "http://localhost:3000/login", waiting until "load"


       at ..\pages\LoginPage.ts:62

      60 |     const password = process.env.E2E_TEST_PASSWORD || 'Test1234!';
      61 |
    > 62 |     await this.page.goto('/login');
         |                     ^
      63 |     await this.page.waitForLoadState('domcontentloaded');
      64 |
      65 |     // Check if we're already logged in (redirected to dashboard or setup)
        at LoginPage.loginAsTestUser (C:\Repos\htekdev\taller-mecanico\workdir\feat--factura-pdf-upload-v2\e2e\pages\LoginPage.ts:62:21)
        at C:\Repos\htekdev\taller-mecanico\workdir\feat--factura-pdf-upload-v2\e2e\tests\scenarios\search-across-modules.spec.ts:14:21

    attachment #1: screenshot (image/png) ──────────────────────────────────────────────────────────
    e2e\results\scenarios-search-across-mo-8a049-consistently-across-modules-chromium\test-failed-1.png
    ────────────────────────────────────────────────────────────────────────────────────────────────

    attachment #2: video (video/webm) ──────────────────────────────────────────────────────────────
    e2e\results\scenarios-search-across-mo-8a049-consistently-across-modules-chromium\video.webm
    ────────────────────────────────────────────────────────────────────────────────────────────────

    Error Context: e2e\results\scenarios-search-across-mo-8a049-consistently-across-modules-chromium\error-context.md

  176) [chromium] › e2e\tests\scenarios\search-across-modules.spec.ts:75:7 › Search Across Modules › sidebar badge counts are consistent with module data 

    Error: page.goto: net::ERR_CONNECTION_REFUSED at http://localhost:3000/login
    Call log:
      - navigating to "http://localhost:3000/login", waiting until "load"


       at ..\pages\LoginPage.ts:62

      60 |     const password = process.env.E2E_TEST_PASSWORD || 'Test1234!';
      61 |
    > 62 |     await this.page.goto('/login');
         |                     ^
      63 |     await this.page.waitForLoadState('domcontentloaded');
      64 |
      65 |     // Check if we're already logged in (redirected to dashboard or setup)
        at LoginPage.loginAsTestUser (C:\Repos\htekdev\taller-mecanico\workdir\feat--factura-pdf-upload-v2\e2e\pages\LoginPage.ts:62:21)
        at C:\Repos\htekdev\taller-mecanico\workdir\feat--factura-pdf-upload-v2\e2e\tests\scenarios\search-across-modules.spec.ts:14:21

    attachment #1: screenshot (image/png) ──────────────────────────────────────────────────────────
    e2e\results\scenarios-search-across-mo-ad163-consistent-with-module-data-chromium\test-failed-1.png
    ────────────────────────────────────────────────────────────────────────────────────────────────

    attachment #2: video (video/webm) ──────────────────────────────────────────────────────────────
    e2e\results\scenarios-search-across-mo-ad163-consistent-with-module-data-chromium\video.webm
    ────────────────────────────────────────────────────────────────────────────────────────────────

    Error Context: e2e\results\scenarios-search-across-mo-ad163-consistent-with-module-data-chromium\error-context.md

  177) [chromium] › e2e\tests\scenarios\status-filtering.spec.ts:22:7 › Status Filtering › filter trabajos by pendiente status 

    Error: page.goto: net::ERR_CONNECTION_REFUSED at http://localhost:3000/login
    Call log:
      - navigating to "http://localhost:3000/login", waiting until "load"


       at ..\pages\LoginPage.ts:62

      60 |     const password = process.env.E2E_TEST_PASSWORD || 'Test1234!';
      61 |
    > 62 |     await this.page.goto('/login');
         |                     ^
      63 |     await this.page.waitForLoadState('domcontentloaded');
      64 |
      65 |     // Check if we're already logged in (redirected to dashboard or setup)
        at LoginPage.loginAsTestUser (C:\Repos\htekdev\taller-mecanico\workdir\feat--factura-pdf-upload-v2\e2e\pages\LoginPage.ts:62:21)
        at C:\Repos\htekdev\taller-mecanico\workdir\feat--factura-pdf-upload-v2\e2e\tests\scenarios\status-filtering.spec.ts:19:21

    attachment #1: screenshot (image/png) ──────────────────────────────────────────────────────────
    e2e\results\scenarios-status-filtering-61263-rabajos-by-pendiente-status-chromium\test-failed-1.png
    ────────────────────────────────────────────────────────────────────────────────────────────────

    attachment #2: video (video/webm) ──────────────────────────────────────────────────────────────
    e2e\results\scenarios-status-filtering-61263-rabajos-by-pendiente-status-chromium\video.webm
    ────────────────────────────────────────────────────────────────────────────────────────────────

    Error Context: e2e\results\scenarios-status-filtering-61263-rabajos-by-pendiente-status-chromium\error-context.md

  178) [chromium] › e2e\tests\scenarios\status-filtering.spec.ts:55:7 › Status Filtering › filter trabajos shows all when "Todos" selected 

    Error: page.goto: net::ERR_CONNECTION_REFUSED at http://localhost:3000/login
    Call log:
      - navigating to "http://localhost:3000/login", waiting until "load"


       at ..\pages\LoginPage.ts:62

      60 |     const password = process.env.E2E_TEST_PASSWORD || 'Test1234!';
      61 |
    > 62 |     await this.page.goto('/login');
         |                     ^
      63 |     await this.page.waitForLoadState('domcontentloaded');
      64 |
      65 |     // Check if we're already logged in (redirected to dashboard or setup)
        at LoginPage.loginAsTestUser (C:\Repos\htekdev\taller-mecanico\workdir\feat--factura-pdf-upload-v2\e2e\pages\LoginPage.ts:62:21)
        at C:\Repos\htekdev\taller-mecanico\workdir\feat--factura-pdf-upload-v2\e2e\tests\scenarios\status-filtering.spec.ts:19:21

    attachment #1: screenshot (image/png) ──────────────────────────────────────────────────────────
    e2e\results\scenarios-status-filtering-83b32-ows-all-when-Todos-selected-chromium\test-failed-1.png
    ────────────────────────────────────────────────────────────────────────────────────────────────

    attachment #2: video (video/webm) ──────────────────────────────────────────────────────────────
    e2e\results\scenarios-status-filtering-83b32-ows-all-when-Todos-selected-chromium\video.webm
    ────────────────────────────────────────────────────────────────────────────────────────────────

    Error Context: e2e\results\scenarios-status-filtering-83b32-ows-all-when-Todos-selected-chromium\error-context.md

  179) [chromium] › e2e\tests\scenarios\status-filtering.spec.ts:94:7 › Status Filtering › filter ordenes by status 

    Error: page.goto: net::ERR_CONNECTION_REFUSED at http://localhost:3000/login
    Call log:
      - navigating to "http://localhost:3000/login", waiting until "load"


       at ..\pages\LoginPage.ts:62

      60 |     const password = process.env.E2E_TEST_PASSWORD || 'Test1234!';
      61 |
    > 62 |     await this.page.goto('/login');
         |                     ^
      63 |     await this.page.waitForLoadState('domcontentloaded');
      64 |
      65 |     // Check if we're already logged in (redirected to dashboard or setup)
        at LoginPage.loginAsTestUser (C:\Repos\htekdev\taller-mecanico\workdir\feat--factura-pdf-upload-v2\e2e\pages\LoginPage.ts:62:21)
        at C:\Repos\htekdev\taller-mecanico\workdir\feat--factura-pdf-upload-v2\e2e\tests\scenarios\status-filtering.spec.ts:19:21

    attachment #1: screenshot (image/png) ──────────────────────────────────────────────────────────
    e2e\results\scenarios-status-filtering-4e3b6-ng-filter-ordenes-by-status-chromium\test-failed-1.png
    ────────────────────────────────────────────────────────────────────────────────────────────────

    attachment #2: video (video/webm) ──────────────────────────────────────────────────────────────
    e2e\results\scenarios-status-filtering-4e3b6-ng-filter-ordenes-by-status-chromium\video.webm
    ────────────────────────────────────────────────────────────────────────────────────────────────

    Error Context: e2e\results\scenarios-status-filtering-4e3b6-ng-filter-ordenes-by-status-chromium\error-context.md

  180) [chromium] › e2e\tests\scenarios\status-filtering.spec.ts:127:7 › Status Filtering › filter CxC by payment status 

    Error: page.goto: net::ERR_CONNECTION_REFUSED at http://localhost:3000/login
    Call log:
      - navigating to "http://localhost:3000/login", waiting until "load"


       at ..\pages\LoginPage.ts:62

      60 |     const password = process.env.E2E_TEST_PASSWORD || 'Test1234!';
      61 |
    > 62 |     await this.page.goto('/login');
         |                     ^
      63 |     await this.page.waitForLoadState('domcontentloaded');
      64 |
      65 |     // Check if we're already logged in (redirected to dashboard or setup)
        at LoginPage.loginAsTestUser (C:\Repos\htekdev\taller-mecanico\workdir\feat--factura-pdf-upload-v2\e2e\pages\LoginPage.ts:62:21)
        at C:\Repos\htekdev\taller-mecanico\workdir\feat--factura-pdf-upload-v2\e2e\tests\scenarios\status-filtering.spec.ts:19:21

    attachment #1: screenshot (image/png) ──────────────────────────────────────────────────────────
    e2e\results\scenarios-status-filtering-b28bc-ilter-CxC-by-payment-status-chromium\test-failed-1.png
    ────────────────────────────────────────────────────────────────────────────────────────────────

    attachment #2: video (video/webm) ──────────────────────────────────────────────────────────────
    e2e\results\scenarios-status-filtering-b28bc-ilter-CxC-by-payment-status-chromium\video.webm
    ────────────────────────────────────────────────────────────────────────────────────────────────

    Error Context: e2e\results\scenarios-status-filtering-b28bc-ilter-CxC-by-payment-status-chromium\error-context.md

  181) [chromium] › e2e\tests\scenarios\trabajo-lifecycle.spec.ts:28:7 › Trabajo Lifecycle › create trabajo with labor only — no parts required 

    Error: page.goto: net::ERR_CONNECTION_REFUSED at http://localhost:3000/login
    Call log:
      - navigating to "http://localhost:3000/login", waiting until "load"


       at ..\pages\LoginPage.ts:62

      60 |     const password = process.env.E2E_TEST_PASSWORD || 'Test1234!';
      61 |
    > 62 |     await this.page.goto('/login');
         |                     ^
      63 |     await this.page.waitForLoadState('domcontentloaded');
      64 |
      65 |     // Check if we're already logged in (redirected to dashboard or setup)
        at LoginPage.loginAsTestUser (C:\Repos\htekdev\taller-mecanico\workdir\feat--factura-pdf-upload-v2\e2e\pages\LoginPage.ts:62:21)
        at C:\Repos\htekdev\taller-mecanico\workdir\feat--factura-pdf-upload-v2\e2e\tests\scenarios\trabajo-lifecycle.spec.ts:25:21

    attachment #1: screenshot (image/png) ──────────────────────────────────────────────────────────
    e2e\results\scenarios-trabajo-lifecycl-62749-or-only-—-no-parts-required-chromium\test-failed-1.png
    ────────────────────────────────────────────────────────────────────────────────────────────────

    attachment #2: video (video/webm) ──────────────────────────────────────────────────────────────
    e2e\results\scenarios-trabajo-lifecycl-62749-or-only-—-no-parts-required-chromium\video.webm
    ────────────────────────────────────────────────────────────────────────────────────────────────

    Error Context: e2e\results\scenarios-trabajo-lifecycl-62749-or-only-—-no-parts-required-chromium\error-context.md

  182) [chromium] › e2e\tests\scenarios\trabajo-lifecycle.spec.ts:65:7 › Trabajo Lifecycle › create trabajo with parts and labor 

    Error: page.goto: net::ERR_CONNECTION_REFUSED at http://localhost:3000/login
    Call log:
      - navigating to "http://localhost:3000/login", waiting until "load"


       at ..\pages\LoginPage.ts:62

      60 |     const password = process.env.E2E_TEST_PASSWORD || 'Test1234!';
      61 |
    > 62 |     await this.page.goto('/login');
         |                     ^
      63 |     await this.page.waitForLoadState('domcontentloaded');
      64 |
      65 |     // Check if we're already logged in (redirected to dashboard or setup)
        at LoginPage.loginAsTestUser (C:\Repos\htekdev\taller-mecanico\workdir\feat--factura-pdf-upload-v2\e2e\pages\LoginPage.ts:62:21)
        at C:\Repos\htekdev\taller-mecanico\workdir\feat--factura-pdf-upload-v2\e2e\tests\scenarios\trabajo-lifecycle.spec.ts:25:21

    attachment #1: screenshot (image/png) ──────────────────────────────────────────────────────────
    e2e\results\scenarios-trabajo-lifecycl-26dc8-rabajo-with-parts-and-labor-chromium\test-failed-1.png
    ────────────────────────────────────────────────────────────────────────────────────────────────

    attachment #2: video (video/webm) ──────────────────────────────────────────────────────────────
    e2e\results\scenarios-trabajo-lifecycl-26dc8-rabajo-with-parts-and-labor-chromium\video.webm
    ────────────────────────────────────────────────────────────────────────────────────────────────

    Error Context: e2e\results\scenarios-trabajo-lifecycl-26dc8-rabajo-with-parts-and-labor-chromium\error-context.md

  183) [chromium] › e2e\tests\scenarios\trabajo-lifecycle.spec.ts:100:7 › Trabajo Lifecycle › finalize trabajo and verify CxC record 

    Error: page.goto: net::ERR_CONNECTION_REFUSED at http://localhost:3000/login
    Call log:
      - navigating to "http://localhost:3000/login", waiting until "load"


       at ..\pages\LoginPage.ts:62

      60 |     const password = process.env.E2E_TEST_PASSWORD || 'Test1234!';
      61 |
    > 62 |     await this.page.goto('/login');
         |                     ^
      63 |     await this.page.waitForLoadState('domcontentloaded');
      64 |
      65 |     // Check if we're already logged in (redirected to dashboard or setup)
        at LoginPage.loginAsTestUser (C:\Repos\htekdev\taller-mecanico\workdir\feat--factura-pdf-upload-v2\e2e\pages\LoginPage.ts:62:21)
        at C:\Repos\htekdev\taller-mecanico\workdir\feat--factura-pdf-upload-v2\e2e\tests\scenarios\trabajo-lifecycle.spec.ts:25:21

    attachment #1: screenshot (image/png) ──────────────────────────────────────────────────────────
    e2e\results\scenarios-trabajo-lifecycl-5699b-abajo-and-verify-CxC-record-chromium\test-failed-1.png
    ────────────────────────────────────────────────────────────────────────────────────────────────

    attachment #2: video (video/webm) ──────────────────────────────────────────────────────────────
    e2e\results\scenarios-trabajo-lifecycl-5699b-abajo-and-verify-CxC-record-chromium\video.webm
    ────────────────────────────────────────────────────────────────────────────────────────────────

    Error Context: e2e\results\scenarios-trabajo-lifecycl-5699b-abajo-and-verify-CxC-record-chromium\error-context.md

  184) [chromium] › e2e\tests\scenarios\trabajo-lifecycle.spec.ts:168:7 › Trabajo Lifecycle › edit existing trabajo — modify labor amount 

    Error: page.goto: net::ERR_CONNECTION_REFUSED at http://localhost:3000/login
    Call log:
      - navigating to "http://localhost:3000/login", waiting until "load"


       at ..\pages\LoginPage.ts:62

      60 |     const password = process.env.E2E_TEST_PASSWORD || 'Test1234!';
      61 |
    > 62 |     await this.page.goto('/login');
         |                     ^
      63 |     await this.page.waitForLoadState('domcontentloaded');
      64 |
      65 |     // Check if we're already logged in (redirected to dashboard or setup)
        at LoginPage.loginAsTestUser (C:\Repos\htekdev\taller-mecanico\workdir\feat--factura-pdf-upload-v2\e2e\pages\LoginPage.ts:62:21)
        at C:\Repos\htekdev\taller-mecanico\workdir\feat--factura-pdf-upload-v2\e2e\tests\scenarios\trabajo-lifecycle.spec.ts:25:21

    attachment #1: screenshot (image/png) ──────────────────────────────────────────────────────────
    e2e\results\scenarios-trabajo-lifecycl-e2cf1-abajo-—-modify-labor-amount-chromium\test-failed-1.png
    ────────────────────────────────────────────────────────────────────────────────────────────────

    attachment #2: video (video/webm) ──────────────────────────────────────────────────────────────
    e2e\results\scenarios-trabajo-lifecycl-e2cf1-abajo-—-modify-labor-amount-chromium\video.webm
    ────────────────────────────────────────────────────────────────────────────────────────────────

    Error Context: e2e\results\scenarios-trabajo-lifecycl-e2cf1-abajo-—-modify-labor-amount-chromium\error-context.md

  185) [chromium] › e2e\tests\scenarios\trabajo-lifecycle.spec.ts:199:7 › Trabajo Lifecycle › trabajo shows clear error on missing data for finalizar 

    Error: page.goto: net::ERR_CONNECTION_REFUSED at http://localhost:3000/login
    Call log:
      - navigating to "http://localhost:3000/login", waiting until "load"


       at ..\pages\LoginPage.ts:62

      60 |     const password = process.env.E2E_TEST_PASSWORD || 'Test1234!';
      61 |
    > 62 |     await this.page.goto('/login');
         |                     ^
      63 |     await this.page.waitForLoadState('domcontentloaded');
      64 |
      65 |     // Check if we're already logged in (redirected to dashboard or setup)
        at LoginPage.loginAsTestUser (C:\Repos\htekdev\taller-mecanico\workdir\feat--factura-pdf-upload-v2\e2e\pages\LoginPage.ts:62:21)
        at C:\Repos\htekdev\taller-mecanico\workdir\feat--factura-pdf-upload-v2\e2e\tests\scenarios\trabajo-lifecycle.spec.ts:25:21

    attachment #1: screenshot (image/png) ──────────────────────────────────────────────────────────
    e2e\results\scenarios-trabajo-lifecycl-25689--missing-data-for-finalizar-chromium\test-failed-1.png
    ────────────────────────────────────────────────────────────────────────────────────────────────

    attachment #2: video (video/webm) ──────────────────────────────────────────────────────────────
    e2e\results\scenarios-trabajo-lifecycl-25689--missing-data-for-finalizar-chromium\video.webm
    ────────────────────────────────────────────────────────────────────────────────────────────────

    Error Context: e2e\results\scenarios-trabajo-lifecycl-25689--missing-data-for-finalizar-chromium\error-context.md

  186) [chromium] › e2e\tests\scenarios\unidades-crud.spec.ts:20:7 › Unidades CRUD › add vehicle to client and verify it appears in vehicle list 

    Error: page.goto: net::ERR_CONNECTION_REFUSED at http://localhost:3000/login
    Call log:
      - navigating to "http://localhost:3000/login", waiting until "load"


       at ..\pages\LoginPage.ts:62

      60 |     const password = process.env.E2E_TEST_PASSWORD || 'Test1234!';
      61 |
    > 62 |     await this.page.goto('/login');
         |                     ^
      63 |     await this.page.waitForLoadState('domcontentloaded');
      64 |
      65 |     // Check if we're already logged in (redirected to dashboard or setup)
        at LoginPage.loginAsTestUser (C:\Repos\htekdev\taller-mecanico\workdir\feat--factura-pdf-upload-v2\e2e\pages\LoginPage.ts:62:21)
        at C:\Repos\htekdev\taller-mecanico\workdir\feat--factura-pdf-upload-v2\e2e\tests\scenarios\unidades-crud.spec.ts:17:21

    attachment #1: screenshot (image/png) ──────────────────────────────────────────────────────────
    e2e\results\scenarios-unidades-crud-Un-2c41f--it-appears-in-vehicle-list-chromium\test-failed-1.png
    ────────────────────────────────────────────────────────────────────────────────────────────────

    attachment #2: video (video/webm) ──────────────────────────────────────────────────────────────
    e2e\results\scenarios-unidades-crud-Un-2c41f--it-appears-in-vehicle-list-chromium\video.webm
    ────────────────────────────────────────────────────────────────────────────────────────────────

    Error Context: e2e\results\scenarios-unidades-crud-Un-2c41f--it-appears-in-vehicle-list-chromium\error-context.md

  187) [chromium] › e2e\tests\scenarios\unidades-crud.spec.ts:59:7 › Unidades CRUD › add multiple vehicles to one client 

    Error: page.goto: net::ERR_CONNECTION_REFUSED at http://localhost:3000/login
    Call log:
      - navigating to "http://localhost:3000/login", waiting until "load"


       at ..\pages\LoginPage.ts:62

      60 |     const password = process.env.E2E_TEST_PASSWORD || 'Test1234!';
      61 |
    > 62 |     await this.page.goto('/login');
         |                     ^
      63 |     await this.page.waitForLoadState('domcontentloaded');
      64 |
      65 |     // Check if we're already logged in (redirected to dashboard or setup)
        at LoginPage.loginAsTestUser (C:\Repos\htekdev\taller-mecanico\workdir\feat--factura-pdf-upload-v2\e2e\pages\LoginPage.ts:62:21)
        at C:\Repos\htekdev\taller-mecanico\workdir\feat--factura-pdf-upload-v2\e2e\tests\scenarios\unidades-crud.spec.ts:17:21

    attachment #1: screenshot (image/png) ──────────────────────────────────────────────────────────
    e2e\results\scenarios-unidades-crud-Un-7dee2-iple-vehicles-to-one-client-chromium\test-failed-1.png
    ────────────────────────────────────────────────────────────────────────────────────────────────

    attachment #2: video (video/webm) ──────────────────────────────────────────────────────────────
    e2e\results\scenarios-unidades-crud-Un-7dee2-iple-vehicles-to-one-client-chromium\video.webm
    ────────────────────────────────────────────────────────────────────────────────────────────────

    Error Context: e2e\results\scenarios-unidades-crud-Un-7dee2-iple-vehicles-to-one-client-chromium\error-context.md

  188) [chromium] › e2e\tests\scenarios\unidades-crud.spec.ts:106:7 › Unidades CRUD › trabajos module loads without vehicle-related errors 

    Error: page.goto: net::ERR_CONNECTION_REFUSED at http://localhost:3000/login
    Call log:
      - navigating to "http://localhost:3000/login", waiting until "load"


       at ..\pages\LoginPage.ts:62

      60 |     const password = process.env.E2E_TEST_PASSWORD || 'Test1234!';
      61 |
    > 62 |     await this.page.goto('/login');
         |                     ^
      63 |     await this.page.waitForLoadState('domcontentloaded');
      64 |
      65 |     // Check if we're already logged in (redirected to dashboard or setup)
        at LoginPage.loginAsTestUser (C:\Repos\htekdev\taller-mecanico\workdir\feat--factura-pdf-upload-v2\e2e\pages\LoginPage.ts:62:21)
        at C:\Repos\htekdev\taller-mecanico\workdir\feat--factura-pdf-upload-v2\e2e\tests\scenarios\unidades-crud.spec.ts:17:21

    attachment #1: screenshot (image/png) ──────────────────────────────────────────────────────────
    e2e\results\scenarios-unidades-crud-Un-234a5-hout-vehicle-related-errors-chromium\test-failed-1.png
    ────────────────────────────────────────────────────────────────────────────────────────────────

    attachment #2: video (video/webm) ──────────────────────────────────────────────────────────────
    e2e\results\scenarios-unidades-crud-Un-234a5-hout-vehicle-related-errors-chromium\video.webm
    ────────────────────────────────────────────────────────────────────────────────────────────────

    Error Context: e2e\results\scenarios-unidades-crud-Un-234a5-hout-vehicle-related-errors-chromium\error-context.md

  189) [chromium] › e2e\tests\scenarios\unidades-crud.spec.ts:122:7 › Unidades CRUD › vehicle form fields have correct Spanish placeholder text 

    Error: page.goto: net::ERR_CONNECTION_REFUSED at http://localhost:3000/login
    Call log:
      - navigating to "http://localhost:3000/login", waiting until "load"


       at ..\pages\LoginPage.ts:62

      60 |     const password = process.env.E2E_TEST_PASSWORD || 'Test1234!';
      61 |
    > 62 |     await this.page.goto('/login');
         |                     ^
      63 |     await this.page.waitForLoadState('domcontentloaded');
      64 |
      65 |     // Check if we're already logged in (redirected to dashboard or setup)
        at LoginPage.loginAsTestUser (C:\Repos\htekdev\taller-mecanico\workdir\feat--factura-pdf-upload-v2\e2e\pages\LoginPage.ts:62:21)
        at C:\Repos\htekdev\taller-mecanico\workdir\feat--factura-pdf-upload-v2\e2e\tests\scenarios\unidades-crud.spec.ts:17:21

    attachment #1: screenshot (image/png) ──────────────────────────────────────────────────────────
    e2e\results\scenarios-unidades-crud-Un-f1dc3-ct-Spanish-placeholder-text-chromium\test-failed-1.png
    ────────────────────────────────────────────────────────────────────────────────────────────────

    attachment #2: video (video/webm) ──────────────────────────────────────────────────────────────
    e2e\results\scenarios-unidades-crud-Un-f1dc3-ct-Spanish-placeholder-text-chromium\video.webm
    ────────────────────────────────────────────────────────────────────────────────────────────────

    Error Context: e2e\results\scenarios-unidades-crud-Un-f1dc3-ct-Spanish-placeholder-text-chromium\error-context.md

  190) [chromium] › e2e\tests\validation\auth-edge-cases.spec.ts:14:7 › Authentication Edge Cases › invalid credentials show clear error 

    Error: page.goto: net::ERR_CONNECTION_REFUSED at http://localhost:3000/login
    Call log:
      - navigating to "http://localhost:3000/login", waiting until "load"


       at ..\pages\BasePage.ts:17

      15 |   /** Navigate to a path and wait for DOM content loaded. */
      16 |   protected async navigate(path: string) {
    > 17 |     await this.page.goto(path);
         |                     ^
      18 |     await this.page.waitForLoadState('domcontentloaded');
      19 |   }
      20 |
        at LoginPage.navigate (C:\Repos\htekdev\taller-mecanico\workdir\feat--factura-pdf-upload-v2\e2e\pages\BasePage.ts:17:21)
        at LoginPage.goto (C:\Repos\htekdev\taller-mecanico\workdir\feat--factura-pdf-upload-v2\e2e\pages\LoginPage.ts:36:16)
        at C:\Repos\htekdev\taller-mecanico\workdir\feat--factura-pdf-upload-v2\e2e\tests\validation\auth-edge-cases.spec.ts:18:21

    attachment #1: screenshot (image/png) ──────────────────────────────────────────────────────────
    e2e\results\validation-auth-edge-cases-8fe98-redentials-show-clear-error-chromium\test-failed-1.png
    ────────────────────────────────────────────────────────────────────────────────────────────────

    attachment #2: video (video/webm) ──────────────────────────────────────────────────────────────
    e2e\results\validation-auth-edge-cases-8fe98-redentials-show-clear-error-chromium\video.webm
    ────────────────────────────────────────────────────────────────────────────────────────────────

    Error Context: e2e\results\validation-auth-edge-cases-8fe98-redentials-show-clear-error-chromium\error-context.md

  191) [chromium] › e2e\tests\validation\auth-edge-cases.spec.ts:31:7 › Authentication Edge Cases › empty form submission is blocked 

    Error: page.goto: net::ERR_CONNECTION_REFUSED at http://localhost:3000/login
    Call log:
      - navigating to "http://localhost:3000/login", waiting until "load"


       at ..\pages\BasePage.ts:17

      15 |   /** Navigate to a path and wait for DOM content loaded. */
      16 |   protected async navigate(path: string) {
    > 17 |     await this.page.goto(path);
         |                     ^
      18 |     await this.page.waitForLoadState('domcontentloaded');
      19 |   }
      20 |
        at LoginPage.navigate (C:\Repos\htekdev\taller-mecanico\workdir\feat--factura-pdf-upload-v2\e2e\pages\BasePage.ts:17:21)
        at LoginPage.goto (C:\Repos\htekdev\taller-mecanico\workdir\feat--factura-pdf-upload-v2\e2e\pages\LoginPage.ts:36:16)
        at C:\Repos\htekdev\taller-mecanico\workdir\feat--factura-pdf-upload-v2\e2e\tests\validation\auth-edge-cases.spec.ts:35:21

    attachment #1: screenshot (image/png) ──────────────────────────────────────────────────────────
    e2e\results\validation-auth-edge-cases-4312d--form-submission-is-blocked-chromium\test-failed-1.png
    ────────────────────────────────────────────────────────────────────────────────────────────────

    attachment #2: video (video/webm) ──────────────────────────────────────────────────────────────
    e2e\results\validation-auth-edge-cases-4312d--form-submission-is-blocked-chromium\video.webm
    ────────────────────────────────────────────────────────────────────────────────────────────────

    Error Context: e2e\results\validation-auth-edge-cases-4312d--form-submission-is-blocked-chromium\error-context.md

  192) [chromium] › e2e\tests\validation\auth-edge-cases.spec.ts:48:7 › Authentication Edge Cases › logout prevents dashboard access 

    Error: page.goto: net::ERR_CONNECTION_REFUSED at http://localhost:3000/login
    Call log:
      - navigating to "http://localhost:3000/login", waiting until "load"


       at ..\pages\LoginPage.ts:62

      60 |     const password = process.env.E2E_TEST_PASSWORD || 'Test1234!';
      61 |
    > 62 |     await this.page.goto('/login');
         |                     ^
      63 |     await this.page.waitForLoadState('domcontentloaded');
      64 |
      65 |     // Check if we're already logged in (redirected to dashboard or setup)
        at LoginPage.loginAsTestUser (C:\Repos\htekdev\taller-mecanico\workdir\feat--factura-pdf-upload-v2\e2e\pages\LoginPage.ts:62:21)
        at C:\Repos\htekdev\taller-mecanico\workdir\feat--factura-pdf-upload-v2\e2e\tests\validation\auth-edge-cases.spec.ts:52:21

    attachment #1: screenshot (image/png) ──────────────────────────────────────────────────────────
    e2e\results\validation-auth-edge-cases-8eb9b-t-prevents-dashboard-access-chromium\test-failed-1.png
    ────────────────────────────────────────────────────────────────────────────────────────────────

    attachment #2: video (video/webm) ──────────────────────────────────────────────────────────────
    e2e\results\validation-auth-edge-cases-8eb9b-t-prevents-dashboard-access-chromium\video.webm
    ────────────────────────────────────────────────────────────────────────────────────────────────

    Error Context: e2e\results\validation-auth-edge-cases-8eb9b-t-prevents-dashboard-access-chromium\error-context.md

  193) [chromium] › e2e\tests\validation\auth-session-flows.spec.ts:16:7 › Auth Session Flows › session persists after page reload 

    Error: page.goto: net::ERR_CONNECTION_REFUSED at http://localhost:3000/login
    Call log:
      - navigating to "http://localhost:3000/login", waiting until "load"


       at ..\pages\LoginPage.ts:62

      60 |     const password = process.env.E2E_TEST_PASSWORD || 'Test1234!';
      61 |
    > 62 |     await this.page.goto('/login');
         |                     ^
      63 |     await this.page.waitForLoadState('domcontentloaded');
      64 |
      65 |     // Check if we're already logged in (redirected to dashboard or setup)
        at LoginPage.loginAsTestUser (C:\Repos\htekdev\taller-mecanico\workdir\feat--factura-pdf-upload-v2\e2e\pages\LoginPage.ts:62:21)
        at C:\Repos\htekdev\taller-mecanico\workdir\feat--factura-pdf-upload-v2\e2e\tests\validation\auth-session-flows.spec.ts:20:21

    attachment #1: screenshot (image/png) ──────────────────────────────────────────────────────────
    e2e\results\validation-auth-session-fl-5d6dd--persists-after-page-reload-chromium\test-failed-1.png
    ────────────────────────────────────────────────────────────────────────────────────────────────

    attachment #2: video (video/webm) ──────────────────────────────────────────────────────────────
    e2e\results\validation-auth-session-fl-5d6dd--persists-after-page-reload-chromium\video.webm
    ────────────────────────────────────────────────────────────────────────────────────────────────

    Error Context: e2e\results\validation-auth-session-fl-5d6dd--persists-after-page-reload-chromium\error-context.md

  194) [chromium] › e2e\tests\validation\auth-session-flows.spec.ts:40:7 › Auth Session Flows › multi-module navigation does not drop session 

    Error: page.goto: net::ERR_CONNECTION_REFUSED at http://localhost:3000/login
    Call log:
      - navigating to "http://localhost:3000/login", waiting until "load"


       at ..\pages\LoginPage.ts:62

      60 |     const password = process.env.E2E_TEST_PASSWORD || 'Test1234!';
      61 |
    > 62 |     await this.page.goto('/login');
         |                     ^
      63 |     await this.page.waitForLoadState('domcontentloaded');
      64 |
      65 |     // Check if we're already logged in (redirected to dashboard or setup)
        at LoginPage.loginAsTestUser (C:\Repos\htekdev\taller-mecanico\workdir\feat--factura-pdf-upload-v2\e2e\pages\LoginPage.ts:62:21)
        at C:\Repos\htekdev\taller-mecanico\workdir\feat--factura-pdf-upload-v2\e2e\tests\validation\auth-session-flows.spec.ts:45:21

    attachment #1: screenshot (image/png) ──────────────────────────────────────────────────────────
    e2e\results\validation-auth-session-fl-7e9f5-ation-does-not-drop-session-chromium\test-failed-1.png
    ────────────────────────────────────────────────────────────────────────────────────────────────

    attachment #2: video (video/webm) ──────────────────────────────────────────────────────────────
    e2e\results\validation-auth-session-fl-7e9f5-ation-does-not-drop-session-chromium\video.webm
    ────────────────────────────────────────────────────────────────────────────────────────────────

    Error Context: e2e\results\validation-auth-session-fl-7e9f5-ation-does-not-drop-session-chromium\error-context.md

  195) [chromium] › e2e\tests\validation\auth-session-flows.spec.ts:70:7 › Auth Session Flows › authenticated user identity visible in sidebar 

    Error: page.goto: net::ERR_CONNECTION_REFUSED at http://localhost:3000/login
    Call log:
      - navigating to "http://localhost:3000/login", waiting until "load"


       at ..\pages\LoginPage.ts:62

      60 |     const password = process.env.E2E_TEST_PASSWORD || 'Test1234!';
      61 |
    > 62 |     await this.page.goto('/login');
         |                     ^
      63 |     await this.page.waitForLoadState('domcontentloaded');
      64 |
      65 |     // Check if we're already logged in (redirected to dashboard or setup)
        at LoginPage.loginAsTestUser (C:\Repos\htekdev\taller-mecanico\workdir\feat--factura-pdf-upload-v2\e2e\pages\LoginPage.ts:62:21)
        at C:\Repos\htekdev\taller-mecanico\workdir\feat--factura-pdf-upload-v2\e2e\tests\validation\auth-session-flows.spec.ts:75:21

    attachment #1: screenshot (image/png) ──────────────────────────────────────────────────────────
    e2e\results\validation-auth-session-fl-77ec7-identity-visible-in-sidebar-chromium\test-failed-1.png
    ────────────────────────────────────────────────────────────────────────────────────────────────

    attachment #2: video (video/webm) ──────────────────────────────────────────────────────────────
    e2e\results\validation-auth-session-fl-77ec7-identity-visible-in-sidebar-chromium\video.webm
    ────────────────────────────────────────────────────────────────────────────────────────────────

    Error Context: e2e\results\validation-auth-session-fl-77ec7-identity-visible-in-sidebar-chromium\error-context.md

  196) [chromium] › e2e\tests\validation\auth-session-flows.spec.ts:89:7 › Auth Session Flows › logout redirects to login page 

    Error: page.goto: net::ERR_CONNECTION_REFUSED at http://localhost:3000/login
    Call log:
      - navigating to "http://localhost:3000/login", waiting until "load"


       at ..\pages\LoginPage.ts:62

      60 |     const password = process.env.E2E_TEST_PASSWORD || 'Test1234!';
      61 |
    > 62 |     await this.page.goto('/login');
         |                     ^
      63 |     await this.page.waitForLoadState('domcontentloaded');
      64 |
      65 |     // Check if we're already logged in (redirected to dashboard or setup)
        at LoginPage.loginAsTestUser (C:\Repos\htekdev\taller-mecanico\workdir\feat--factura-pdf-upload-v2\e2e\pages\LoginPage.ts:62:21)
        at C:\Repos\htekdev\taller-mecanico\workdir\feat--factura-pdf-upload-v2\e2e\tests\validation\auth-session-flows.spec.ts:93:21

    attachment #1: screenshot (image/png) ──────────────────────────────────────────────────────────
    e2e\results\validation-auth-session-fl-021dc-out-redirects-to-login-page-chromium\test-failed-1.png
    ────────────────────────────────────────────────────────────────────────────────────────────────

    attachment #2: video (video/webm) ──────────────────────────────────────────────────────────────
    e2e\results\validation-auth-session-fl-021dc-out-redirects-to-login-page-chromium\video.webm
    ────────────────────────────────────────────────────────────────────────────────────────────────

    Error Context: e2e\results\validation-auth-session-fl-021dc-out-redirects-to-login-page-chromium\error-context.md

  197) [chromium] › e2e\tests\validation\auth-session-flows.spec.ts:110:7 › Auth Session Flows › re-login after logout restores full app access 

    Error: page.goto: net::ERR_CONNECTION_REFUSED at http://localhost:3000/login
    Call log:
      - navigating to "http://localhost:3000/login", waiting until "load"


       at ..\pages\LoginPage.ts:62

      60 |     const password = process.env.E2E_TEST_PASSWORD || 'Test1234!';
      61 |
    > 62 |     await this.page.goto('/login');
         |                     ^
      63 |     await this.page.waitForLoadState('domcontentloaded');
      64 |
      65 |     // Check if we're already logged in (redirected to dashboard or setup)
        at LoginPage.loginAsTestUser (C:\Repos\htekdev\taller-mecanico\workdir\feat--factura-pdf-upload-v2\e2e\pages\LoginPage.ts:62:21)
        at C:\Repos\htekdev\taller-mecanico\workdir\feat--factura-pdf-upload-v2\e2e\tests\validation\auth-session-flows.spec.ts:115:21

    attachment #1: screenshot (image/png) ──────────────────────────────────────────────────────────
    e2e\results\validation-auth-session-fl-737a4-ut-restores-full-app-access-chromium\test-failed-1.png
    ────────────────────────────────────────────────────────────────────────────────────────────────

    attachment #2: video (video/webm) ──────────────────────────────────────────────────────────────
    e2e\results\validation-auth-session-fl-737a4-ut-restores-full-app-access-chromium\video.webm
    ────────────────────────────────────────────────────────────────────────────────────────────────

    Error Context: e2e\results\validation-auth-session-fl-737a4-ut-restores-full-app-access-chromium\error-context.md

  198) [chromium] › e2e\tests\validation\clientes-form-validation.spec.ts:27:7 › Clientes Form Validation › empty client name is blocked or shows error 

    Error: page.goto: net::ERR_CONNECTION_REFUSED at http://localhost:3000/login
    Call log:
      - navigating to "http://localhost:3000/login", waiting until "load"


       at ..\pages\LoginPage.ts:62

      60 |     const password = process.env.E2E_TEST_PASSWORD || 'Test1234!';
      61 |
    > 62 |     await this.page.goto('/login');
         |                     ^
      63 |     await this.page.waitForLoadState('domcontentloaded');
      64 |
      65 |     // Check if we're already logged in (redirected to dashboard or setup)
        at LoginPage.loginAsTestUser (C:\Repos\htekdev\taller-mecanico\workdir\feat--factura-pdf-upload-v2\e2e\pages\LoginPage.ts:62:21)
        at C:\Repos\htekdev\taller-mecanico\workdir\feat--factura-pdf-upload-v2\e2e\tests\validation\clientes-form-validation.spec.ts:24:21

    attachment #1: screenshot (image/png) ──────────────────────────────────────────────────────────
    e2e\results\validation-clientes-form-v-801c4-e-is-blocked-or-shows-error-chromium\test-failed-1.png
    ────────────────────────────────────────────────────────────────────────────────────────────────

    attachment #2: video (video/webm) ──────────────────────────────────────────────────────────────
    e2e\results\validation-clientes-form-v-801c4-e-is-blocked-or-shows-error-chromium\video.webm
    ────────────────────────────────────────────────────────────────────────────────────────────────

    Error Context: e2e\results\validation-clientes-form-v-801c4-e-is-blocked-or-shows-error-chromium\error-context.md

  199) [chromium] › e2e\tests\validation\clientes-form-validation.spec.ts:99:7 › Clientes Form Validation › client name with special characters (Ó, Ñ, accents) saves without crash 

    Error: page.goto: net::ERR_CONNECTION_REFUSED at http://localhost:3000/login
    Call log:
      - navigating to "http://localhost:3000/login", waiting until "load"


       at ..\pages\LoginPage.ts:62

      60 |     const password = process.env.E2E_TEST_PASSWORD || 'Test1234!';
      61 |
    > 62 |     await this.page.goto('/login');
         |                     ^
      63 |     await this.page.waitForLoadState('domcontentloaded');
      64 |
      65 |     // Check if we're already logged in (redirected to dashboard or setup)
        at LoginPage.loginAsTestUser (C:\Repos\htekdev\taller-mecanico\workdir\feat--factura-pdf-upload-v2\e2e\pages\LoginPage.ts:62:21)
        at C:\Repos\htekdev\taller-mecanico\workdir\feat--factura-pdf-upload-v2\e2e\tests\validation\clientes-form-validation.spec.ts:24:21

    attachment #1: screenshot (image/png) ──────────────────────────────────────────────────────────
    e2e\results\validation-clientes-form-v-dde04-accents-saves-without-crash-chromium\test-failed-1.png
    ────────────────────────────────────────────────────────────────────────────────────────────────

    attachment #2: video (video/webm) ──────────────────────────────────────────────────────────────
    e2e\results\validation-clientes-form-v-dde04-accents-saves-without-crash-chromium\video.webm
    ────────────────────────────────────────────────────────────────────────────────────────────────

    Error Context: e2e\results\validation-clientes-form-v-dde04-accents-saves-without-crash-chromium\error-context.md

  200) [chromium] › e2e\tests\validation\clientes-form-validation.spec.ts:150:7 › Clientes Form Validation › phone number input handles 10-digit Mexican format 

    Error: page.goto: net::ERR_CONNECTION_REFUSED at http://localhost:3000/login
    Call log:
      - navigating to "http://localhost:3000/login", waiting until "load"


       at ..\pages\LoginPage.ts:62

      60 |     const password = process.env.E2E_TEST_PASSWORD || 'Test1234!';
      61 |
    > 62 |     await this.page.goto('/login');
         |                     ^
      63 |     await this.page.waitForLoadState('domcontentloaded');
      64 |
      65 |     // Check if we're already logged in (redirected to dashboard or setup)
        at LoginPage.loginAsTestUser (C:\Repos\htekdev\taller-mecanico\workdir\feat--factura-pdf-upload-v2\e2e\pages\LoginPage.ts:62:21)
        at C:\Repos\htekdev\taller-mecanico\workdir\feat--factura-pdf-upload-v2\e2e\tests\validation\clientes-form-validation.spec.ts:24:21

    attachment #1: screenshot (image/png) ──────────────────────────────────────────────────────────
    e2e\results\validation-clientes-form-v-a7471-les-10-digit-Mexican-format-chromium\test-failed-1.png
    ────────────────────────────────────────────────────────────────────────────────────────────────

    attachment #2: video (video/webm) ──────────────────────────────────────────────────────────────
    e2e\results\validation-clientes-form-v-a7471-les-10-digit-Mexican-format-chromium\video.webm
    ────────────────────────────────────────────────────────────────────────────────────────────────

    Error Context: e2e\results\validation-clientes-form-v-a7471-les-10-digit-Mexican-format-chromium\error-context.md

  201) [chromium] › e2e\tests\validation\clientes-form-validation.spec.ts:188:7 › Clientes Form Validation › notes field accepts long text without overflow 

    Error: page.goto: net::ERR_CONNECTION_REFUSED at http://localhost:3000/login
    Call log:
      - navigating to "http://localhost:3000/login", waiting until "load"


       at ..\pages\LoginPage.ts:62

      60 |     const password = process.env.E2E_TEST_PASSWORD || 'Test1234!';
      61 |
    > 62 |     await this.page.goto('/login');
         |                     ^
      63 |     await this.page.waitForLoadState('domcontentloaded');
      64 |
      65 |     // Check if we're already logged in (redirected to dashboard or setup)
        at LoginPage.loginAsTestUser (C:\Repos\htekdev\taller-mecanico\workdir\feat--factura-pdf-upload-v2\e2e\pages\LoginPage.ts:62:21)
        at C:\Repos\htekdev\taller-mecanico\workdir\feat--factura-pdf-upload-v2\e2e\tests\validation\clientes-form-validation.spec.ts:24:21

    attachment #1: screenshot (image/png) ──────────────────────────────────────────────────────────
    e2e\results\validation-clientes-form-v-16f41--long-text-without-overflow-chromium\test-failed-1.png
    ────────────────────────────────────────────────────────────────────────────────────────────────

    attachment #2: video (video/webm) ──────────────────────────────────────────────────────────────
    e2e\results\validation-clientes-form-v-16f41--long-text-without-overflow-chromium\video.webm
    ────────────────────────────────────────────────────────────────────────────────────────────────

    Error Context: e2e\results\validation-clientes-form-v-16f41--long-text-without-overflow-chromium\error-context.md

  202) [chromium] › e2e\tests\validation\clientes-form-validation.spec.ts:225:7 › Clientes Form Validation › clientes module shows no raw JavaScript errors on fresh load 

    Error: page.goto: net::ERR_CONNECTION_REFUSED at http://localhost:3000/login
    Call log:
      - navigating to "http://localhost:3000/login", waiting until "load"


       at ..\pages\LoginPage.ts:62

      60 |     const password = process.env.E2E_TEST_PASSWORD || 'Test1234!';
      61 |
    > 62 |     await this.page.goto('/login');
         |                     ^
      63 |     await this.page.waitForLoadState('domcontentloaded');
      64 |
      65 |     // Check if we're already logged in (redirected to dashboard or setup)
        at LoginPage.loginAsTestUser (C:\Repos\htekdev\taller-mecanico\workdir\feat--factura-pdf-upload-v2\e2e\pages\LoginPage.ts:62:21)
        at C:\Repos\htekdev\taller-mecanico\workdir\feat--factura-pdf-upload-v2\e2e\tests\validation\clientes-form-validation.spec.ts:24:21

    attachment #1: screenshot (image/png) ──────────────────────────────────────────────────────────
    e2e\results\validation-clientes-form-v-a54de-Script-errors-on-fresh-load-chromium\test-failed-1.png
    ────────────────────────────────────────────────────────────────────────────────────────────────

    attachment #2: video (video/webm) ──────────────────────────────────────────────────────────────
    e2e\results\validation-clientes-form-v-a54de-Script-errors-on-fresh-load-chromium\video.webm
    ────────────────────────────────────────────────────────────────────────────────────────────────

    Error Context: e2e\results\validation-clientes-form-v-a54de-Script-errors-on-fresh-load-chromium\error-context.md

  203) [chromium] › e2e\tests\validation\cotizacion-validation.spec.ts:19:7 › Cotización Validation › cannot save without selecting a client 

    Error: page.goto: net::ERR_CONNECTION_REFUSED at http://localhost:3000/login
    Call log:
      - navigating to "http://localhost:3000/login", waiting until "load"


       at ..\pages\LoginPage.ts:62

      60 |     const password = process.env.E2E_TEST_PASSWORD || 'Test1234!';
      61 |
    > 62 |     await this.page.goto('/login');
         |                     ^
      63 |     await this.page.waitForLoadState('domcontentloaded');
      64 |
      65 |     // Check if we're already logged in (redirected to dashboard or setup)
        at LoginPage.loginAsTestUser (C:\Repos\htekdev\taller-mecanico\workdir\feat--factura-pdf-upload-v2\e2e\pages\LoginPage.ts:62:21)
        at C:\Repos\htekdev\taller-mecanico\workdir\feat--factura-pdf-upload-v2\e2e\tests\validation\cotizacion-validation.spec.ts:16:21

    attachment #1: screenshot (image/png) ──────────────────────────────────────────────────────────
    e2e\results\validation-cotizacion-vali-a74cf--without-selecting-a-client-chromium\test-failed-1.png
    ────────────────────────────────────────────────────────────────────────────────────────────────

    attachment #2: video (video/webm) ──────────────────────────────────────────────────────────────
    e2e\results\validation-cotizacion-vali-a74cf--without-selecting-a-client-chromium\video.webm
    ────────────────────────────────────────────────────────────────────────────────────────────────

    Error Context: e2e\results\validation-cotizacion-vali-a74cf--without-selecting-a-client-chromium\error-context.md

  204) [chromium] › e2e\tests\validation\cotizacion-validation.spec.ts:42:7 › Cotización Validation › plantilla selection is required before form access 

    Error: page.goto: net::ERR_CONNECTION_REFUSED at http://localhost:3000/login
    Call log:
      - navigating to "http://localhost:3000/login", waiting until "load"


       at ..\pages\LoginPage.ts:62

      60 |     const password = process.env.E2E_TEST_PASSWORD || 'Test1234!';
      61 |
    > 62 |     await this.page.goto('/login');
         |                     ^
      63 |     await this.page.waitForLoadState('domcontentloaded');
      64 |
      65 |     // Check if we're already logged in (redirected to dashboard or setup)
        at LoginPage.loginAsTestUser (C:\Repos\htekdev\taller-mecanico\workdir\feat--factura-pdf-upload-v2\e2e\pages\LoginPage.ts:62:21)
        at C:\Repos\htekdev\taller-mecanico\workdir\feat--factura-pdf-upload-v2\e2e\tests\validation\cotizacion-validation.spec.ts:16:21

    attachment #1: screenshot (image/png) ──────────────────────────────────────────────────────────
    e2e\results\validation-cotizacion-vali-c2d62-required-before-form-access-chromium\test-failed-1.png
    ────────────────────────────────────────────────────────────────────────────────────────────────

    attachment #2: video (video/webm) ──────────────────────────────────────────────────────────────
    e2e\results\validation-cotizacion-vali-c2d62-required-before-form-access-chromium\video.webm
    ────────────────────────────────────────────────────────────────────────────────────────────────

    Error Context: e2e\results\validation-cotizacion-vali-c2d62-required-before-form-access-chromium\error-context.md

  205) [chromium] › e2e\tests\validation\cotizacion-validation.spec.ts:58:7 › Cotización Validation › number inputs reject negative values 

    Error: page.goto: net::ERR_CONNECTION_REFUSED at http://localhost:3000/login
    Call log:
      - navigating to "http://localhost:3000/login", waiting until "load"


       at ..\pages\LoginPage.ts:62

      60 |     const password = process.env.E2E_TEST_PASSWORD || 'Test1234!';
      61 |
    > 62 |     await this.page.goto('/login');
         |                     ^
      63 |     await this.page.waitForLoadState('domcontentloaded');
      64 |
      65 |     // Check if we're already logged in (redirected to dashboard or setup)
        at LoginPage.loginAsTestUser (C:\Repos\htekdev\taller-mecanico\workdir\feat--factura-pdf-upload-v2\e2e\pages\LoginPage.ts:62:21)
        at C:\Repos\htekdev\taller-mecanico\workdir\feat--factura-pdf-upload-v2\e2e\tests\validation\cotizacion-validation.spec.ts:16:21

    attachment #1: screenshot (image/png) ──────────────────────────────────────────────────────────
    e2e\results\validation-cotizacion-vali-25f39-puts-reject-negative-values-chromium\test-failed-1.png
    ────────────────────────────────────────────────────────────────────────────────────────────────

    attachment #2: video (video/webm) ──────────────────────────────────────────────────────────────
    e2e\results\validation-cotizacion-vali-25f39-puts-reject-negative-values-chromium\video.webm
    ────────────────────────────────────────────────────────────────────────────────────────────────

    Error Context: e2e\results\validation-cotizacion-vali-25f39-puts-reject-negative-values-chromium\error-context.md

  206) [chromium] › e2e\tests\validation\date-handling.spec.ts:20:7 › Date Handling › no Invalid Date text across all modules 

    Error: page.goto: net::ERR_CONNECTION_REFUSED at http://localhost:3000/login
    Call log:
      - navigating to "http://localhost:3000/login", waiting until "load"


       at ..\pages\LoginPage.ts:62

      60 |     const password = process.env.E2E_TEST_PASSWORD || 'Test1234!';
      61 |
    > 62 |     await this.page.goto('/login');
         |                     ^
      63 |     await this.page.waitForLoadState('domcontentloaded');
      64 |
      65 |     // Check if we're already logged in (redirected to dashboard or setup)
        at LoginPage.loginAsTestUser (C:\Repos\htekdev\taller-mecanico\workdir\feat--factura-pdf-upload-v2\e2e\pages\LoginPage.ts:62:21)
        at C:\Repos\htekdev\taller-mecanico\workdir\feat--factura-pdf-upload-v2\e2e\tests\validation\date-handling.spec.ts:17:21

    attachment #1: screenshot (image/png) ──────────────────────────────────────────────────────────
    e2e\results\validation-date-handling-D-c0cfd-ate-text-across-all-modules-chromium\test-failed-1.png
    ────────────────────────────────────────────────────────────────────────────────────────────────

    attachment #2: video (video/webm) ──────────────────────────────────────────────────────────────
    e2e\results\validation-date-handling-D-c0cfd-ate-text-across-all-modules-chromium\video.webm
    ────────────────────────────────────────────────────────────────────────────────────────────────

    Error Context: e2e\results\validation-date-handling-D-c0cfd-ate-text-across-all-modules-chromium\error-context.md

  207) [chromium] › e2e\tests\validation\date-handling.spec.ts:41:7 › Date Handling › date input accepts today and future dates 

    Error: page.goto: net::ERR_CONNECTION_REFUSED at http://localhost:3000/login
    Call log:
      - navigating to "http://localhost:3000/login", waiting until "load"


       at ..\pages\LoginPage.ts:62

      60 |     const password = process.env.E2E_TEST_PASSWORD || 'Test1234!';
      61 |
    > 62 |     await this.page.goto('/login');
         |                     ^
      63 |     await this.page.waitForLoadState('domcontentloaded');
      64 |
      65 |     // Check if we're already logged in (redirected to dashboard or setup)
        at LoginPage.loginAsTestUser (C:\Repos\htekdev\taller-mecanico\workdir\feat--factura-pdf-upload-v2\e2e\pages\LoginPage.ts:62:21)
        at C:\Repos\htekdev\taller-mecanico\workdir\feat--factura-pdf-upload-v2\e2e\tests\validation\date-handling.spec.ts:17:21

    attachment #1: screenshot (image/png) ──────────────────────────────────────────────────────────
    e2e\results\validation-date-handling-D-e354b-epts-today-and-future-dates-chromium\test-failed-1.png
    ────────────────────────────────────────────────────────────────────────────────────────────────

    attachment #2: video (video/webm) ──────────────────────────────────────────────────────────────
    e2e\results\validation-date-handling-D-e354b-epts-today-and-future-dates-chromium\video.webm
    ────────────────────────────────────────────────────────────────────────────────────────────────

    Error Context: e2e\results\validation-date-handling-D-e354b-epts-today-and-future-dates-chromium\error-context.md

  208) [chromium] › e2e\tests\validation\date-handling.spec.ts:69:7 › Date Handling › current year visible in module date displays 

    Error: page.goto: net::ERR_CONNECTION_REFUSED at http://localhost:3000/login
    Call log:
      - navigating to "http://localhost:3000/login", waiting until "load"


       at ..\pages\LoginPage.ts:62

      60 |     const password = process.env.E2E_TEST_PASSWORD || 'Test1234!';
      61 |
    > 62 |     await this.page.goto('/login');
         |                     ^
      63 |     await this.page.waitForLoadState('domcontentloaded');
      64 |
      65 |     // Check if we're already logged in (redirected to dashboard or setup)
        at LoginPage.loginAsTestUser (C:\Repos\htekdev\taller-mecanico\workdir\feat--factura-pdf-upload-v2\e2e\pages\LoginPage.ts:62:21)
        at C:\Repos\htekdev\taller-mecanico\workdir\feat--factura-pdf-upload-v2\e2e\tests\validation\date-handling.spec.ts:17:21

    attachment #1: screenshot (image/png) ──────────────────────────────────────────────────────────
    e2e\results\validation-date-handling-D-32fb3-ble-in-module-date-displays-chromium\test-failed-1.png
    ────────────────────────────────────────────────────────────────────────────────────────────────

    attachment #2: video (video/webm) ──────────────────────────────────────────────────────────────
    e2e\results\validation-date-handling-D-32fb3-ble-in-module-date-displays-chromium\video.webm
    ────────────────────────────────────────────────────────────────────────────────────────────────

    Error Context: e2e\results\validation-date-handling-D-32fb3-ble-in-module-date-displays-chromium\error-context.md

  209) [chromium] › e2e\tests\validation\gastos-personal-subcategorias.spec.ts:28:7 › Gastos — Personal Category Subcategories › Personal category option is present in category dropdown 

    Error: page.goto: net::ERR_CONNECTION_REFUSED at http://localhost:3000/login
    Call log:
      - navigating to "http://localhost:3000/login", waiting until "load"


       at ..\pages\LoginPage.ts:62

      60 |     const password = process.env.E2E_TEST_PASSWORD || 'Test1234!';
      61 |
    > 62 |     await this.page.goto('/login');
         |                     ^
      63 |     await this.page.waitForLoadState('domcontentloaded');
      64 |
      65 |     // Check if we're already logged in (redirected to dashboard or setup)
        at LoginPage.loginAsTestUser (C:\Repos\htekdev\taller-mecanico\workdir\feat--factura-pdf-upload-v2\e2e\pages\LoginPage.ts:62:21)
        at C:\Repos\htekdev\taller-mecanico\workdir\feat--factura-pdf-upload-v2\e2e\tests\validation\gastos-personal-subcategorias.spec.ts:22:21

    attachment #1: screenshot (image/png) ──────────────────────────────────────────────────────────
    e2e\results\validation-gastos-personal-3be6d-resent-in-category-dropdown-chromium\test-failed-1.png
    ────────────────────────────────────────────────────────────────────────────────────────────────

    attachment #2: video (video/webm) ──────────────────────────────────────────────────────────────
    e2e\results\validation-gastos-personal-3be6d-resent-in-category-dropdown-chromium\video.webm
    ────────────────────────────────────────────────────────────────────────────────────────────────

    Error Context: e2e\results\validation-gastos-personal-3be6d-resent-in-category-dropdown-chromium\error-context.md

  210) [chromium] › e2e\tests\validation\gastos-personal-subcategorias.spec.ts:52:7 › Gastos — Personal Category Subcategories › selecting Personal shows preset subcategories 

    Error: page.goto: net::ERR_CONNECTION_REFUSED at http://localhost:3000/login
    Call log:
      - navigating to "http://localhost:3000/login", waiting until "load"


       at ..\pages\LoginPage.ts:62

      60 |     const password = process.env.E2E_TEST_PASSWORD || 'Test1234!';
      61 |
    > 62 |     await this.page.goto('/login');
         |                     ^
      63 |     await this.page.waitForLoadState('domcontentloaded');
      64 |
      65 |     // Check if we're already logged in (redirected to dashboard or setup)
        at LoginPage.loginAsTestUser (C:\Repos\htekdev\taller-mecanico\workdir\feat--factura-pdf-upload-v2\e2e\pages\LoginPage.ts:62:21)
        at C:\Repos\htekdev\taller-mecanico\workdir\feat--factura-pdf-upload-v2\e2e\tests\validation\gastos-personal-subcategorias.spec.ts:22:21

    attachment #1: screenshot (image/png) ──────────────────────────────────────────────────────────
    e2e\results\validation-gastos-personal-44d92--shows-preset-subcategories-chromium\test-failed-1.png
    ────────────────────────────────────────────────────────────────────────────────────────────────

    attachment #2: video (video/webm) ──────────────────────────────────────────────────────────────
    e2e\results\validation-gastos-personal-44d92--shows-preset-subcategories-chromium\video.webm
    ────────────────────────────────────────────────────────────────────────────────────────────────

    Error Context: e2e\results\validation-gastos-personal-44d92--shows-preset-subcategories-chromium\error-context.md

  211) [chromium] › e2e\tests\validation\gastos-personal-subcategorias.spec.ts:89:7 › Gastos — Personal Category Subcategories › Personal category has "Escribir nueva subcategoria" option 

    Error: page.goto: net::ERR_CONNECTION_REFUSED at http://localhost:3000/login
    Call log:
      - navigating to "http://localhost:3000/login", waiting until "load"


       at ..\pages\LoginPage.ts:62

      60 |     const password = process.env.E2E_TEST_PASSWORD || 'Test1234!';
      61 |
    > 62 |     await this.page.goto('/login');
         |                     ^
      63 |     await this.page.waitForLoadState('domcontentloaded');
      64 |
      65 |     // Check if we're already logged in (redirected to dashboard or setup)
        at LoginPage.loginAsTestUser (C:\Repos\htekdev\taller-mecanico\workdir\feat--factura-pdf-upload-v2\e2e\pages\LoginPage.ts:62:21)
        at C:\Repos\htekdev\taller-mecanico\workdir\feat--factura-pdf-upload-v2\e2e\tests\validation\gastos-personal-subcategorias.spec.ts:22:21

    attachment #1: screenshot (image/png) ──────────────────────────────────────────────────────────
    e2e\results\validation-gastos-personal-bfddf-r-nueva-subcategoria-option-chromium\test-failed-1.png
    ────────────────────────────────────────────────────────────────────────────────────────────────

    attachment #2: video (video/webm) ──────────────────────────────────────────────────────────────
    e2e\results\validation-gastos-personal-bfddf-r-nueva-subcategoria-option-chromium\video.webm
    ────────────────────────────────────────────────────────────────────────────────────────────────

    Error Context: e2e\results\validation-gastos-personal-bfddf-r-nueva-subcategoria-option-chromium\error-context.md

  212) [chromium] › e2e\tests\validation\gastos-personal-subcategorias.spec.ts:116:7 › Gastos — Personal Category Subcategories › selecting __otros__ reveals free-text input 

    Error: page.goto: net::ERR_CONNECTION_REFUSED at http://localhost:3000/login
    Call log:
      - navigating to "http://localhost:3000/login", waiting until "load"


       at ..\pages\LoginPage.ts:62

      60 |     const password = process.env.E2E_TEST_PASSWORD || 'Test1234!';
      61 |
    > 62 |     await this.page.goto('/login');
         |                     ^
      63 |     await this.page.waitForLoadState('domcontentloaded');
      64 |
      65 |     // Check if we're already logged in (redirected to dashboard or setup)
        at LoginPage.loginAsTestUser (C:\Repos\htekdev\taller-mecanico\workdir\feat--factura-pdf-upload-v2\e2e\pages\LoginPage.ts:62:21)
        at C:\Repos\htekdev\taller-mecanico\workdir\feat--factura-pdf-upload-v2\e2e\tests\validation\gastos-personal-subcategorias.spec.ts:22:21

    attachment #1: screenshot (image/png) ──────────────────────────────────────────────────────────
    e2e\results\validation-gastos-personal-daa5b-ros-reveals-free-text-input-chromium\test-failed-1.png
    ────────────────────────────────────────────────────────────────────────────────────────────────

    attachment #2: video (video/webm) ──────────────────────────────────────────────────────────────
    e2e\results\validation-gastos-personal-daa5b-ros-reveals-free-text-input-chromium\video.webm
    ────────────────────────────────────────────────────────────────────────────────────────────────

    Error Context: e2e\results\validation-gastos-personal-daa5b-ros-reveals-free-text-input-chromium\error-context.md

  213) [chromium] › e2e\tests\validation\gastos-personal-subcategorias.spec.ts:148:7 › Gastos — Personal Category Subcategories › switching back from Personal resets subcategory list 

    Error: page.goto: net::ERR_CONNECTION_REFUSED at http://localhost:3000/login
    Call log:
      - navigating to "http://localhost:3000/login", waiting until "load"


       at ..\pages\LoginPage.ts:62

      60 |     const password = process.env.E2E_TEST_PASSWORD || 'Test1234!';
      61 |
    > 62 |     await this.page.goto('/login');
         |                     ^
      63 |     await this.page.waitForLoadState('domcontentloaded');
      64 |
      65 |     // Check if we're already logged in (redirected to dashboard or setup)
        at LoginPage.loginAsTestUser (C:\Repos\htekdev\taller-mecanico\workdir\feat--factura-pdf-upload-v2\e2e\pages\LoginPage.ts:62:21)
        at C:\Repos\htekdev\taller-mecanico\workdir\feat--factura-pdf-upload-v2\e2e\tests\validation\gastos-personal-subcategorias.spec.ts:22:21

    attachment #1: screenshot (image/png) ──────────────────────────────────────────────────────────
    e2e\results\validation-gastos-personal-20805-nal-resets-subcategory-list-chromium\test-failed-1.png
    ────────────────────────────────────────────────────────────────────────────────────────────────

    attachment #2: video (video/webm) ──────────────────────────────────────────────────────────────
    e2e\results\validation-gastos-personal-20805-nal-resets-subcategory-list-chromium\video.webm
    ────────────────────────────────────────────────────────────────────────────────────────────────

    Error Context: e2e\results\validation-gastos-personal-20805-nal-resets-subcategory-list-chromium\error-context.md

  214) [chromium] › e2e\tests\validation\inventory-validation.spec.ts:20:7 › Inventory Validation › cannot add part without a name 

    Error: page.goto: net::ERR_CONNECTION_REFUSED at http://localhost:3000/login
    Call log:
      - navigating to "http://localhost:3000/login", waiting until "load"


       at ..\pages\LoginPage.ts:62

      60 |     const password = process.env.E2E_TEST_PASSWORD || 'Test1234!';
      61 |
    > 62 |     await this.page.goto('/login');
         |                     ^
      63 |     await this.page.waitForLoadState('domcontentloaded');
      64 |
      65 |     // Check if we're already logged in (redirected to dashboard or setup)
        at LoginPage.loginAsTestUser (C:\Repos\htekdev\taller-mecanico\workdir\feat--factura-pdf-upload-v2\e2e\pages\LoginPage.ts:62:21)
        at C:\Repos\htekdev\taller-mecanico\workdir\feat--factura-pdf-upload-v2\e2e\tests\validation\inventory-validation.spec.ts:17:21

    attachment #1: screenshot (image/png) ──────────────────────────────────────────────────────────
    e2e\results\validation-inventory-valid-132d9-not-add-part-without-a-name-chromium\test-failed-1.png
    ────────────────────────────────────────────────────────────────────────────────────────────────

    attachment #2: video (video/webm) ──────────────────────────────────────────────────────────────
    e2e\results\validation-inventory-valid-132d9-not-add-part-without-a-name-chromium\video.webm
    ────────────────────────────────────────────────────────────────────────────────────────────────

    Error Context: e2e\results\validation-inventory-valid-132d9-not-add-part-without-a-name-chromium\error-context.md

  215) [chromium] › e2e\tests\validation\inventory-validation.spec.ts:41:7 › Inventory Validation › stock value cannot be negative 

    Error: page.goto: net::ERR_CONNECTION_REFUSED at http://localhost:3000/login
    Call log:
      - navigating to "http://localhost:3000/login", waiting until "load"


       at ..\pages\LoginPage.ts:62

      60 |     const password = process.env.E2E_TEST_PASSWORD || 'Test1234!';
      61 |
    > 62 |     await this.page.goto('/login');
         |                     ^
      63 |     await this.page.waitForLoadState('domcontentloaded');
      64 |
      65 |     // Check if we're already logged in (redirected to dashboard or setup)
        at LoginPage.loginAsTestUser (C:\Repos\htekdev\taller-mecanico\workdir\feat--factura-pdf-upload-v2\e2e\pages\LoginPage.ts:62:21)
        at C:\Repos\htekdev\taller-mecanico\workdir\feat--factura-pdf-upload-v2\e2e\tests\validation\inventory-validation.spec.ts:17:21

    attachment #1: screenshot (image/png) ──────────────────────────────────────────────────────────
    e2e\results\validation-inventory-valid-5fff6-ck-value-cannot-be-negative-chromium\test-failed-1.png
    ────────────────────────────────────────────────────────────────────────────────────────────────

    attachment #2: video (video/webm) ──────────────────────────────────────────────────────────────
    e2e\results\validation-inventory-valid-5fff6-ck-value-cannot-be-negative-chromium\video.webm
    ────────────────────────────────────────────────────────────────────────────────────────────────

    Error Context: e2e\results\validation-inventory-valid-5fff6-ck-value-cannot-be-negative-chromium\error-context.md

  216) [chromium] › e2e\tests\validation\inventory-validation.spec.ts:63:7 › Inventory Validation › price validation — zero and negative 

    Error: page.goto: net::ERR_CONNECTION_REFUSED at http://localhost:3000/login
    Call log:
      - navigating to "http://localhost:3000/login", waiting until "load"


       at ..\pages\LoginPage.ts:62

      60 |     const password = process.env.E2E_TEST_PASSWORD || 'Test1234!';
      61 |
    > 62 |     await this.page.goto('/login');
         |                     ^
      63 |     await this.page.waitForLoadState('domcontentloaded');
      64 |
      65 |     // Check if we're already logged in (redirected to dashboard or setup)
        at LoginPage.loginAsTestUser (C:\Repos\htekdev\taller-mecanico\workdir\feat--factura-pdf-upload-v2\e2e\pages\LoginPage.ts:62:21)
        at C:\Repos\htekdev\taller-mecanico\workdir\feat--factura-pdf-upload-v2\e2e\tests\validation\inventory-validation.spec.ts:17:21

    attachment #1: screenshot (image/png) ──────────────────────────────────────────────────────────
    e2e\results\validation-inventory-valid-1ebe1-idation-—-zero-and-negative-chromium\test-failed-1.png
    ────────────────────────────────────────────────────────────────────────────────────────────────

    attachment #2: video (video/webm) ──────────────────────────────────────────────────────────────
    e2e\results\validation-inventory-valid-1ebe1-idation-—-zero-and-negative-chromium\video.webm
    ────────────────────────────────────────────────────────────────────────────────────────────────

    Error Context: e2e\results\validation-inventory-valid-1ebe1-idation-—-zero-and-negative-chromium\error-context.md

  217) [chromium] › e2e\tests\validation\inventory-validation.spec.ts:82:7 › Inventory Validation › form resets after successful add 

    Error: page.goto: net::ERR_CONNECTION_REFUSED at http://localhost:3000/login
    Call log:
      - navigating to "http://localhost:3000/login", waiting until "load"


       at ..\pages\LoginPage.ts:62

      60 |     const password = process.env.E2E_TEST_PASSWORD || 'Test1234!';
      61 |
    > 62 |     await this.page.goto('/login');
         |                     ^
      63 |     await this.page.waitForLoadState('domcontentloaded');
      64 |
      65 |     // Check if we're already logged in (redirected to dashboard or setup)
        at LoginPage.loginAsTestUser (C:\Repos\htekdev\taller-mecanico\workdir\feat--factura-pdf-upload-v2\e2e\pages\LoginPage.ts:62:21)
        at C:\Repos\htekdev\taller-mecanico\workdir\feat--factura-pdf-upload-v2\e2e\tests\validation\inventory-validation.spec.ts:17:21

    attachment #1: screenshot (image/png) ──────────────────────────────────────────────────────────
    e2e\results\validation-inventory-valid-300c3-resets-after-successful-add-chromium\test-failed-1.png
    ────────────────────────────────────────────────────────────────────────────────────────────────

    attachment #2: video (video/webm) ──────────────────────────────────────────────────────────────
    e2e\results\validation-inventory-valid-300c3-resets-after-successful-add-chromium\video.webm
    ────────────────────────────────────────────────────────────────────────────────────────────────

    Error Context: e2e\results\validation-inventory-valid-300c3-resets-after-successful-add-chromium\error-context.md

  218) [chromium] › e2e\tests\validation\trabajo-validation.spec.ts:20:7 › Trabajo Validation › trabajo form requires client selection 

    Error: page.goto: net::ERR_CONNECTION_REFUSED at http://localhost:3000/login
    Call log:
      - navigating to "http://localhost:3000/login", waiting until "load"


       at ..\pages\LoginPage.ts:62

      60 |     const password = process.env.E2E_TEST_PASSWORD || 'Test1234!';
      61 |
    > 62 |     await this.page.goto('/login');
         |                     ^
      63 |     await this.page.waitForLoadState('domcontentloaded');
      64 |
      65 |     // Check if we're already logged in (redirected to dashboard or setup)
        at LoginPage.loginAsTestUser (C:\Repos\htekdev\taller-mecanico\workdir\feat--factura-pdf-upload-v2\e2e\pages\LoginPage.ts:62:21)
        at C:\Repos\htekdev\taller-mecanico\workdir\feat--factura-pdf-upload-v2\e2e\tests\validation\trabajo-validation.spec.ts:17:21

    attachment #1: screenshot (image/png) ──────────────────────────────────────────────────────────
    e2e\results\validation-trabajo-validat-b405f-m-requires-client-selection-chromium\test-failed-1.png
    ────────────────────────────────────────────────────────────────────────────────────────────────

    attachment #2: video (video/webm) ──────────────────────────────────────────────────────────────
    e2e\results\validation-trabajo-validat-b405f-m-requires-client-selection-chromium\video.webm
    ────────────────────────────────────────────────────────────────────────────────────────────────

    Error Context: e2e\results\validation-trabajo-validat-b405f-m-requires-client-selection-chromium\error-context.md

  219) [chromium] › e2e\tests\validation\trabajo-validation.spec.ts:43:7 › Trabajo Validation › trabajo can be saved with labor only (no parts validation) 

    Error: page.goto: net::ERR_CONNECTION_REFUSED at http://localhost:3000/login
    Call log:
      - navigating to "http://localhost:3000/login", waiting until "load"


       at ..\pages\LoginPage.ts:62

      60 |     const password = process.env.E2E_TEST_PASSWORD || 'Test1234!';
      61 |
    > 62 |     await this.page.goto('/login');
         |                     ^
      63 |     await this.page.waitForLoadState('domcontentloaded');
      64 |
      65 |     // Check if we're already logged in (redirected to dashboard or setup)
        at LoginPage.loginAsTestUser (C:\Repos\htekdev\taller-mecanico\workdir\feat--factura-pdf-upload-v2\e2e\pages\LoginPage.ts:62:21)
        at C:\Repos\htekdev\taller-mecanico\workdir\feat--factura-pdf-upload-v2\e2e\tests\validation\trabajo-validation.spec.ts:17:21

    attachment #1: screenshot (image/png) ──────────────────────────────────────────────────────────
    e2e\results\validation-trabajo-validat-68015-r-only-no-parts-validation--chromium\test-failed-1.png
    ────────────────────────────────────────────────────────────────────────────────────────────────

    attachment #2: video (video/webm) ──────────────────────────────────────────────────────────────
    e2e\results\validation-trabajo-validat-68015-r-only-no-parts-validation--chromium\video.webm
    ────────────────────────────────────────────────────────────────────────────────────────────────

    Error Context: e2e\results\validation-trabajo-validat-68015-r-only-no-parts-validation--chromium\error-context.md

  220) [chromium] › e2e\tests\validation\trabajo-validation.spec.ts:71:7 › Trabajo Validation › finalizar shows specific error for incomplete trabajo 

    Error: page.goto: net::ERR_CONNECTION_REFUSED at http://localhost:3000/login
    Call log:
      - navigating to "http://localhost:3000/login", waiting until "load"


       at ..\pages\LoginPage.ts:62

      60 |     const password = process.env.E2E_TEST_PASSWORD || 'Test1234!';
      61 |
    > 62 |     await this.page.goto('/login');
         |                     ^
      63 |     await this.page.waitForLoadState('domcontentloaded');
      64 |
      65 |     // Check if we're already logged in (redirected to dashboard or setup)
        at LoginPage.loginAsTestUser (C:\Repos\htekdev\taller-mecanico\workdir\feat--factura-pdf-upload-v2\e2e\pages\LoginPage.ts:62:21)
        at C:\Repos\htekdev\taller-mecanico\workdir\feat--factura-pdf-upload-v2\e2e\tests\validation\trabajo-validation.spec.ts:17:21

    attachment #1: screenshot (image/png) ──────────────────────────────────────────────────────────
    e2e\results\validation-trabajo-validat-0cee0-rror-for-incomplete-trabajo-chromium\test-failed-1.png
    ────────────────────────────────────────────────────────────────────────────────────────────────

    attachment #2: video (video/webm) ──────────────────────────────────────────────────────────────
    e2e\results\validation-trabajo-validat-0cee0-rror-for-incomplete-trabajo-chromium\video.webm
    ────────────────────────────────────────────────────────────────────────────────────────────────

    Error Context: e2e\results\validation-trabajo-validat-0cee0-rror-for-incomplete-trabajo-chromium\error-context.md

  220 failed
    [chromium] › e2e\tests\edge-cases\concurrent-operations.spec.ts:17:7 › Concurrent Operations › rapid module switching does not crash 
    [chromium] › e2e\tests\edge-cases\concurrent-operations.spec.ts:67:7 › Concurrent Operations › navigation during save does not corrupt data 
    [chromium] › e2e\tests\edge-cases\data-persistence.spec.ts:17:7 › Data Persistence › client data persists after page reload 
    [chromium] › e2e\tests\edge-cases\data-persistence.spec.ts:45:7 › Data Persistence › data persists after logout/login cycle 
    [chromium] › e2e\tests\edge-cases\error-recovery.spec.ts:20:7 › Error Recovery › form state after accidental navigation away 
    [chromium] › e2e\tests\edge-cases\error-recovery.spec.ts:50:7 › Error Recovery › browser refresh during module use — no crash 
    [chromium] › e2e\tests\edge-cases\error-recovery.spec.ts:92:7 › Error Recovery › failed API call shows user-friendly error 
    [chromium] › e2e\tests\edge-cases\error-recovery.spec.ts:128:7 › Error Recovery › multiple rapid saves do not corrupt state 
    [chromium] › e2e\tests\edge-cases\responsive-mobile.spec.ts:20:7 › Responsive & Mobile › navigation works at mobile viewport (375px) 
    [chromium] › e2e\tests\edge-cases\responsive-mobile.spec.ts:44:7 › Responsive & Mobile › forms usable at tablet viewport (768px) 
    [chromium] › e2e\tests\edge-cases\responsive-mobile.spec.ts:65:7 › Responsive & Mobile › no horizontal overflow at any viewport 
    [chromium] › e2e\tests\edge-cases\sofia-regressions.spec.ts:26:7 › Sofia Regression Tests › REGRESSION: vehicle compatibility can be set on parts 
    [chromium] › e2e\tests\edge-cases\sofia-regressions.spec.ts:56:7 › Sofia Regression Tests › REGRESSION: jobs can be created without parts (labor only) 
    [chromium] › e2e\tests\edge-cases\sofia-regressions.spec.ts:84:7 › Sofia Regression Tests › REGRESSION: supplier visible when adding parts 
    [chromium] › e2e\tests\edge-cases\sofia-regressions.spec.ts:109:7 › Sofia Regression Tests › REGRESSION: failed saves dont lose user input 
    [chromium] › e2e\tests\edge-cases\sofia-regressions.spec.ts:138:7 › Sofia Regression Tests › REGRESSION: finalizar trabajo shows clear error on missing data 
    [chromium] › e2e\tests\edge-cases\sofia-regressions.spec.ts:166:7 › Sofia Regression Tests › REGRESSION: CxC records can be edited 
    [chromium] › e2e\tests\edge-cases\sofia-regressions.spec.ts:192:7 › Sofia Regression Tests › REGRESSION: gastos module loads without crash 
    [chromium] › e2e\tests\edge-cases\sofia-regressions.spec.ts:207:7 › Sofia Regression Tests › REGRESSION: conditional columns render correctly 
    [chromium] › e2e\tests\edge-cases\special-characters.spec.ts:21:7 › Special Characters & Long Text › Spanish accents in client name and part descriptions 
    [chromium] › e2e\tests\edge-cases\special-characters.spec.ts:48:7 › Special Characters & Long Text › long description text does not crash UI 
    [chromium] › e2e\tests\edge-cases\special-characters.spec.ts:79:7 › Special Characters & Long Text › special characters in expense concepto 
    [chromium] › e2e\tests\edge-cases\special-characters.spec.ts:100:7 › Special Characters & Long Text › emoji in descriptions does not break rendering 
    [chromium] › e2e\tests\edge-cases\zero-edge-values.spec.ts:22:7 › Zero & Edge Value Handling › inventory part with zero stock displays correctly 
    [chromium] › e2e\tests\edge-cases\zero-edge-values.spec.ts:49:7 › Zero & Edge Value Handling › large monetary amounts format correctly 
    [chromium] › e2e\tests\edge-cases\zero-edge-values.spec.ts:77:7 › Zero & Edge Value Handling › trabajo with zero labor cost 
    [chromium] › e2e\tests\edge-cases\zero-edge-values.spec.ts:110:7 › Zero & Edge Value Handling › decimal precision in monetary displays 
    [chromium] › e2e\tests\scenarios\accounts-receivable.spec.ts:24:7 › Accounts Receivable (CxC) › CxC module loads and displays accounts 
    [chromium] › e2e\tests\scenarios\accounts-receivable.spec.ts:41:7 › Accounts Receivable (CxC) › register partial payment on account 
    [chromium] › e2e\tests\scenarios\accounts-receivable.spec.ts:75:7 › Accounts Receivable (CxC) › filter CxC by payment status 
    [chromium] › e2e\tests\scenarios\accounts-receivable.spec.ts:100:7 › Accounts Receivable (CxC) › CxC records can be edited 
    [chromium] › e2e\tests\scenarios\bilingual-ui-verification.spec.ts:117:9 › Bilingual UI Verification — All Modules Spanish › Clientes shows Spanish content 
    [chromium] › e2e\tests\scenarios\bilingual-ui-verification.spec.ts:117:9 › Bilingual UI Verification — All Modules Spanish › Inventario shows Spanish content 
    [chromium] › e2e\tests\scenarios\bilingual-ui-verification.spec.ts:117:9 › Bilingual UI Verification — All Modules Spanish › Trabajos shows Spanish content 
    [chromium] › e2e\tests\scenarios\bilingual-ui-verification.spec.ts:117:9 › Bilingual UI Verification — All Modules Spanish › Proveedores shows Spanish content 
    [chromium] › e2e\tests\scenarios\bilingual-ui-verification.spec.ts:117:9 › Bilingual UI Verification — All Modules Spanish › Órdenes shows Spanish content 
    [chromium] › e2e\tests\scenarios\bilingual-ui-verification.spec.ts:117:9 › Bilingual UI Verification — All Modules Spanish › Facturas shows Spanish content 
    [chromium] › e2e\tests\scenarios\bilingual-ui-verification.spec.ts:117:9 › Bilingual UI Verification — All Modules Spanish › Cuentas shows Spanish content 
    [chromium] › e2e\tests\scenarios\bilingual-ui-verification.spec.ts:117:9 › Bilingual UI Verification — All Modules Spanish › Pagos shows Spanish content 
    [chromium] › e2e\tests\scenarios\bilingual-ui-verification.spec.ts:117:9 › Bilingual UI Verification — All Modules Spanish › Resumen shows Spanish content 
    [chromium] › e2e\tests\scenarios\bilingual-ui-verification.spec.ts:117:9 › Bilingual UI Verification — All Modules Spanish › Gastos shows Spanish content 
    [chromium] › e2e\tests\scenarios\bilingual-ui-verification.spec.ts:117:9 › Bilingual UI Verification — All Modules Spanish › Historial shows Spanish content 
    [chromium] › e2e\tests\scenarios\bilingual-ui-verification.spec.ts:117:9 › Bilingual UI Verification — All Modules Spanish › Cotizaciones shows Spanish content 
    [chromium] › e2e\tests\scenarios\bilingual-ui-verification.spec.ts:117:9 › Bilingual UI Verification — All Modules Spanish › Configuración shows Spanish content 
    [chromium] › e2e\tests\scenarios\bilingual-ui-verification.spec.ts:134:7 › Bilingual UI Verification — All Modules Spanish › navigation tabs render in Spanish — no English labels 
    [chromium] › e2e\tests\scenarios\bilingual-ui-verification.spec.ts:157:7 › Bilingual UI Verification — All Modules Spanish › no module shows English-only error messages on fresh load 
    [chromium] › e2e\tests\scenarios\change-proof-caller-silent-failures.spec.ts:19:7 › change-proof: caller silent failure surfacing › ordenes module loads and crear orden section is rendered 
    [chromium] › e2e\tests\scenarios\change-proof-caller-silent-failures.spec.ts:46:7 › change-proof: caller silent failure surfacing › facturas module loads without errors after PR #152 fix 
    [chromium] › e2e\tests\scenarios\change-proof-caller-silent-failures.spec.ts:66:7 › change-proof: caller silent failure surfacing › full walk-through: login to ordenes to facturas no crashes 
    [chromium] › e2e\tests\scenarios\change-proof-clientes-modal-error-handling.spec.ts:19:5 › change-proof: clientes edit modal closes on success (no stuck spinner) 
    [chromium] › e2e\tests\scenarios\change-proof-cotizaciones-departamentos-sync.spec.ts:25:5 › change-proof-cotizaciones-departamentos-sync 
    [chromium] › e2e\tests\scenarios\change-proof-factura-pdf-upload.spec.ts:13:5 › change-proof: PDF upload in facturado modal, visible only in Facturas 
    [chromium] › e2e\tests\scenarios\change-proof-finalizar-trabajo-fix.spec.ts:19:5 › change-proof-finalizar-trabajo-fix 
    [chromium] › e2e\tests\scenarios\change-proof-gastos-error-handling.spec.ts:12:7 › change-proof-gastos-error-handling › gastos form shows correct save state and dismiss on cancel 
    [chromium] › e2e\tests\scenarios\change-proof-gastos-error-handling.spec.ts:46:7 › change-proof-gastos-error-handling › gastos module loads without NaN or broken values 
    [chromium] › e2e\tests\scenarios\change-proof-guardar-trabajo.spec.ts:22:5 › change-proof-guardar-trabajo 
    [chromium] › e2e\tests\scenarios\change-proof-insert-trabajo-pgrst204.spec.ts:21:5 › change-proof-insert-trabajo-pgrst204 — módulo carga y formulario disponible 
    [chromium] › e2e\tests\scenarios\change-proof-inventario-eliminar-proveedor.spec.ts:23:5 › change-proof-inventario-eliminar-proveedor 
    [chromium] › e2e\tests\scenarios\change-proof-mano-de-obra-cantidad.spec.ts:22:5 › change-proof-mano-de-obra-cantidad 
    [chromium] › e2e\tests\scenarios\change-proof-migrate-workflow-fix.spec.ts:19:5 › change-proof-migrate-workflow-fix 
    [chromium] › e2e\tests\scenarios\change-proof-migrate-workflow-flags.spec.ts:21:5 › change-proof-migrate-workflow-flags 
    [chromium] › e2e\tests\scenarios\change-proof-migration-idempotency.spec.ts:19:5 › change-proof-migration-idempotency 
    [chromium] › e2e\tests\scenarios\change-proof-ordenes-facturas-silent-failures.spec.ts:27:7 › change-proof-ordenes-facturas-silent-failures › ordenes_compra module loads without crash 
    [chromium] › e2e\tests\scenarios\change-proof-ordenes-facturas-silent-failures.spec.ts:46:7 › change-proof-ordenes-facturas-silent-failures › ordenes_compra shows Spanish content 
    [chromium] › e2e\tests\scenarios\change-proof-ordenes-facturas-silent-failures.spec.ts:74:7 › change-proof-ordenes-facturas-silent-failures › ordenes_compra monetary values contain no NaN or undefined 
    [chromium] › e2e\tests\scenarios\change-proof-ordenes-facturas-silent-failures.spec.ts:90:7 › change-proof-ordenes-facturas-silent-failures › facturas module loads without crash 
    [chromium] › e2e\tests\scenarios\change-proof-ordenes-facturas-silent-failures.spec.ts:109:7 › change-proof-ordenes-facturas-silent-failures › facturas monetary values contain no NaN or undefined 
    [chromium] › e2e\tests\scenarios\change-proof-ordenes-facturas-silent-failures.spec.ts:126:7 › change-proof-ordenes-facturas-silent-failures › facturas filter tabs and section labels render in Spanish 
    [chromium] › e2e\tests\scenarios\change-proof-refacturar-po-protection.spec.ts:21:7 › change-proof: refacturar + PO section protection › trabajos module loads — refacturar handler accessible 
    [chromium] › e2e\tests\scenarios\change-proof-refacturar-po-protection.spec.ts:44:7 › change-proof: refacturar + PO section protection › facturas module loads — generarFactura path accessible 
    [chromium] › e2e\tests\scenarios\change-proof-refacturar-po-protection.spec.ts:65:7 › change-proof: refacturar + PO section protection › ordenes module loads — PO creation path accessible 
    [chromium] › e2e\tests\scenarios\change-proof-supabase-ci-migrate-workflow.spec.ts:4:5 › change-proof-supabase-ci-migrate-workflow 
    [chromium] › e2e\tests\scenarios\client-vehicle-history.spec.ts:24:7 › Client Vehicle History › create client and manage multiple vehicles 
    [chromium] › e2e\tests\scenarios\client-vehicle-history.spec.ts:84:7 › Client Vehicle History › vehicle select updates when client changes 
    [chromium] › e2e\tests\scenarios\clientes-crud.spec.ts:27:7 › Clientes Full CRUD › clientes module loads without crash 
    [chromium] › e2e\tests\scenarios\clientes-crud.spec.ts:46:7 › Clientes Full CRUD › create a new client 
    [chromium] › e2e\tests\scenarios\clientes-crud.spec.ts:119:7 › Clientes Full CRUD › add a vehicle to an existing client 
    [chromium] › e2e\tests\scenarios\clientes-crud.spec.ts:180:7 › Clientes Full CRUD › search for a client filters the list 
    [chromium] › e2e\tests\scenarios\clientes-crud.spec.ts:214:7 › Clientes Full CRUD › clientes list shows no NaN/undefined values 
    [chromium] › e2e\tests\scenarios\clientes-crud.spec.ts:239:7 › Clientes Full CRUD › clientes module survives navigation away and back 
    [chromium] › e2e\tests\scenarios\configuracion-module.spec.ts:19:7 › Configuración › configuracion module loads without crash 
    [chromium] › e2e\tests\scenarios\configuracion-module.spec.ts:37:7 › Configuración › configuracion shows settings heading in Spanish 
    [chromium] › e2e\tests\scenarios\configuracion-module.spec.ts:64:7 › Configuración › configuracion shows members or invite section 
    [chromium] › e2e\tests\scenarios\configuracion-module.spec.ts:87:7 › Configuración › configuracion does not expose raw debug errors 
    [chromium] › e2e\tests\scenarios\configuracion-module.spec.ts:101:7 › Configuración › configuracion is reachable from inventario tab 
    [chromium] › e2e\tests\scenarios\cotizacion-lifecycle.spec.ts:29:7 › Cotización Lifecycle › complete flow: create → save → edit → convert to trabajo 
    [chromium] › e2e\tests\scenarios\cotizacion-lifecycle.spec.ts:74:7 › Cotización Lifecycle › create cotización with Ayuntamiento plantilla 
    [chromium] › e2e\tests\scenarios\cotizacion-lifecycle.spec.ts:97:7 › Cotización Lifecycle › cotización form preserves data on validation error 
    [chromium] › e2e\tests\scenarios\cuentas-por-pagar.spec.ts:26:7 › Cuentas por Pagar (Por Pagar) › cuentas por pagar module loads without crash 
    [chromium] › e2e\tests\scenarios\cuentas-por-pagar.spec.ts:71:7 › Cuentas por Pagar (Por Pagar) › cuentas por pagar monetary values are well-formatted 
    [chromium] › e2e\tests\scenarios\cuentas-por-pagar.spec.ts:100:7 › Cuentas por Pagar (Por Pagar) › cuentas por pagar empty state shows correct Spanish message 
    [chromium] › e2e\tests\scenarios\cuentas-por-pagar.spec.ts:129:7 › Cuentas por Pagar (Por Pagar) › cuentas por pagar "Total por Pagar" summary renders 
    [chromium] › e2e\tests\scenarios\cuentas-por-pagar.spec.ts:160:7 › Cuentas por Pagar (Por Pagar) › cuentas por pagar payment registration 
    [chromium] › e2e\tests\scenarios\cuentas-por-pagar.spec.ts:201:7 › Cuentas por Pagar (Por Pagar) › cuentas por pagar survives rapid navigation away and back 
    [chromium] › e2e\tests\scenarios\cuentas-por-pagar.spec.ts:227:7 › Cuentas por Pagar (Por Pagar) › cuentas por pagar distinguishes between servicios and refacciones payables 
    [chromium] › e2e\tests\scenarios\expense-tracking-deep.spec.ts:23:7 › Expense Tracking Deep › add multiple expenses and verify total accumulation 
    [chromium] › e2e\tests\scenarios\expense-tracking-deep.spec.ts:58:7 › Expense Tracking Deep › filter gastos by category shows correct subset 
    [chromium] › e2e\tests\scenarios\expense-tracking-deep.spec.ts:86:7 › Expense Tracking Deep › expense dates display in proper format 
    [chromium] › e2e\tests\scenarios\expense-tracking.spec.ts:22:7 › Expense Tracking (Gastos) › gastos module loads and functions 
    [chromium] › e2e\tests\scenarios\expense-tracking.spec.ts:36:7 › Expense Tracking (Gastos) › add new expense with full details 
    [chromium] › e2e\tests\scenarios\expense-tracking.spec.ts:57:7 › Expense Tracking (Gastos) › filter gastos by category 
    [chromium] › e2e\tests\scenarios\facturas-module.spec.ts:23:7 › Facturas Module › facturas module loads without crash 
    [chromium] › e2e\tests\scenarios\facturas-module.spec.ts:44:7 › Facturas Module › facturas shows Spanish section title 
    [chromium] › e2e\tests\scenarios\facturas-module.spec.ts:66:7 › Facturas Module › facturas filter tabs are present and clickable 
    [chromium] › e2e\tests\scenarios\facturas-module.spec.ts:94:7 › Facturas Module › facturas monetary values are well-formatted (no NaN/Infinity) 
    [chromium] › e2e\tests\scenarios\facturas-module.spec.ts:122:7 › Facturas Module › facturas search by numero de factura filters results 
    [chromium] › e2e\tests\scenarios\facturas-module.spec.ts:158:7 › Facturas Module › facturas payment registration shows payment form 
    [chromium] › e2e\tests\scenarios\facturas-module.spec.ts:193:7 › Facturas Module › facturas cancel/reactivate invoice flow 
    [chromium] › e2e\tests\scenarios\facturas-module.spec.ts:233:7 › Facturas Module › facturas "trabajos pendientes de facturar" banner renders conditionally 
    [chromium] › e2e\tests\scenarios\full-walk-through-coverage-sprint-v2.spec.ts:13:7 › Full Walk-Through: Coverage Sprint V2 › full walk-through — clientes, unidades, cotizaciones, trabajos 
    [chromium] › e2e\tests\scenarios\full-walk-through-gastos-auth-resumen.spec.ts:19:5 › full-walk-through: gastos edit/delete + resumen data integrity + session reload 
    [chromium] › e2e\tests\scenarios\full-walk-through-ordenes-facturas-coverage.spec.ts:15:5 › full-walk-through-ordenes-facturas-coverage 
    [chromium] › e2e\tests\scenarios\full-walk-through-sprint-cycle8.spec.ts:21:5 › coverage sprint cycle 8 -- reportes + gastos walk-through 
    [chromium] › e2e\tests\scenarios\gastos-edit-delete.spec.ts:27:7 › Gastos Edit & Delete › gastos edit icon (pencil) opens edit form 
    [chromium] › e2e\tests\scenarios\gastos-edit-delete.spec.ts:65:7 › Gastos Edit & Delete › gastos delete icon shows confirmation step 
    [chromium] › e2e\tests\scenarios\gastos-edit-delete.spec.ts:102:7 › Gastos Edit & Delete › gastos form submit blocked when concepto is empty 
    [chromium] › e2e\tests\scenarios\gastos-edit-delete.spec.ts:129:7 › Gastos Edit & Delete › gastos form submit blocked when monto is zero 
    [chromium] › e2e\tests\scenarios\gastos-edit-delete.spec.ts:157:7 › Gastos Edit & Delete › gastos personal category shows custom subcategory input on Otros 
    [chromium] › e2e\tests\scenarios\gastos-edit-delete.spec.ts:201:7 › Gastos Edit & Delete › gastos cancel button dismisses form without error 
    [chromium] › e2e\tests\scenarios\historial-module.spec.ts:21:7 › Historial por Unidad › historial module loads without crash 
    [chromium] › e2e\tests\scenarios\historial-module.spec.ts:40:7 › Historial por Unidad › historial shows "Historial por Unidad" heading 
    [chromium] › e2e\tests\scenarios\historial-module.spec.ts:56:7 › Historial por Unidad › historial has a client search input 
    [chromium] › e2e\tests\scenarios\historial-module.spec.ts:72:7 › Historial por Unidad › historial client search filters results without crash 
    [chromium] › e2e\tests\scenarios\historial-module.spec.ts:99:7 › Historial por Unidad › historial is reachable from gastos tab 
    [chromium] › e2e\tests\scenarios\inventory-management.spec.ts:24:7 › Inventory Management › add new part with full details 
    [chromium] › e2e\tests\scenarios\inventory-management.spec.ts:52:7 › Inventory Management › proveedor visible when adding parts 
    [chromium] › e2e\tests\scenarios\inventory-management.spec.ts:72:7 › Inventory Management › filter inventory by category 
    [chromium] › e2e\tests\scenarios\inventory-management.spec.ts:100:7 › Inventory Management › filter inventory by proveedor 
    [chromium] › e2e\tests\scenarios\inventory-management.spec.ts:121:7 › Inventory Management › vehicle compatibility on parts 
    [chromium] › e2e\tests\scenarios\inventory-restock-flow.spec.ts:26:7 › Inventory Restock Flow › full restock cycle: low stock → PO → receive → stock updated 
    [chromium] › e2e\tests\scenarios\inventory-restock-flow.spec.ts:116:7 › Inventory Restock Flow › sidebar Órdenes badge shows pending orders count 
    [chromium] › e2e\tests\scenarios\line-item-editing.spec.ts:22:7 › Line Item Editing › change line item quantity and verify total updates 
    [chromium] › e2e\tests\scenarios\line-item-editing.spec.ts:56:7 › Line Item Editing › add multiple line items and verify all present 
    [chromium] › e2e\tests\scenarios\line-item-editing.spec.ts:83:7 › Line Item Editing › zero-value line item handling 
    [chromium] › e2e\tests\scenarios\module-navigation-integrity.spec.ts:19:7 › Module Navigation Integrity › sidebar badges update after creating items 
    [chromium] › e2e\tests\scenarios\module-navigation-integrity.spec.ts:51:7 › Module Navigation Integrity › dates display in correct format (dd/mm/yyyy or ISO) 
    [chromium] › e2e\tests\scenarios\module-navigation-integrity.spec.ts:63:7 › Module Navigation Integrity › totals are mathematically correct in Trabajos 
    [chromium] › e2e\tests\scenarios\module-navigation-integrity.spec.ts:94:7 › Module Navigation Integrity › totals are mathematically correct in Inventario 
    [chromium] › e2e\tests\scenarios\module-navigation-integrity.spec.ts:120:7 › Module Navigation Integrity › module switching preserves no stale data 
    [chromium] › e2e\tests\scenarios\module-navigation-integrity.spec.ts:141:7 › Module Navigation Integrity › Trabajos sidebar badge is a valid number when shown 
    [chromium] › e2e\tests\scenarios\multi-cotizacion-workflow.spec.ts:23:7 › Multi-Cotización Workflow › create multiple cotizaciones and verify list management 
    [chromium] › e2e\tests\scenarios\multi-cotizacion-workflow.spec.ts:77:7 › Multi-Cotización Workflow › cotización list filtering by search 
    [chromium] › e2e\tests\scenarios\ordenes-module-load.spec.ts:23:7 › Órdenes de Compra — Module Load › ordenes module loads without crash 
    [chromium] › e2e\tests\scenarios\ordenes-module-load.spec.ts:42:7 › Órdenes de Compra — Module Load › ordenes shows Spanish section title 
    [chromium] › e2e\tests\scenarios\ordenes-module-load.spec.ts:66:7 › Órdenes de Compra — Module Load › ordenes shows list area or empty state 
    [chromium] › e2e\tests\scenarios\ordenes-module-load.spec.ts:90:7 › Órdenes de Compra — Module Load › ordenes has a create/nueva orden button 
    [chromium] › e2e\tests\scenarios\ordenes-module-load.spec.ts:115:7 › Órdenes de Compra — Module Load › ordenes survives navigate-away and back 
    [chromium] › e2e\tests\scenarios\ordenes-module-load.spec.ts:141:7 › Órdenes de Compra — Module Load › ordenes list shows no NaN or undefined values 
    [chromium] › e2e\tests\scenarios\payment-collection-flow.spec.ts:158:7 › Payment Collection Flow › CxC amounts are mathematically correct (no NaN/undefined) 
    [chromium] › e2e\tests\scenarios\proveedor-crud.spec.ts:21:7 › Proveedor CRUD › add proveedor with full details 
    [chromium] › e2e\tests\scenarios\proveedor-crud.spec.ts:40:7 › Proveedor CRUD › add proveedor with minimal fields 
    [chromium] › e2e\tests\scenarios\proveedor-crud.spec.ts:58:7 › Proveedor CRUD › proveedor appears in inventario select 
    [chromium] › e2e\tests\scenarios\proveedor-crud.spec.ts:86:7 › Proveedor CRUD › proveedor count updates in badge 
    [chromium] › e2e\tests\scenarios\purchase-orders.spec.ts:26:7 › Purchase Orders › create purchase order with proveedor 
    [chromium] › e2e\tests\scenarios\purchase-orders.spec.ts:58:7 › Purchase Orders › edit received order after creation 
    [chromium] › e2e\tests\scenarios\purchase-orders.spec.ts:92:7 › Purchase Orders › mark order as received 
    [chromium] › e2e\tests\scenarios\purchase-orders.spec.ts:116:7 › Purchase Orders › IVA toggle affects total 
    [chromium] › e2e\tests\scenarios\reportes-module.spec.ts:27:7 › Reportes Module › reportes module loads without crash 
    [chromium] › e2e\tests\scenarios\reportes-module.spec.ts:43:7 › Reportes Module › reportes shows section heading in Spanish 
    [chromium] › e2e\tests\scenarios\reportes-module.spec.ts:67:7 › Reportes Module › reportes shows tab switcher (Nuevo Reporte / Estado) 
    [chromium] › e2e\tests\scenarios\reportes-module.spec.ts:87:7 › Reportes Module › reportes nuevo tab shows form with required fields 
    [chromium] › e2e\tests\scenarios\reportes-module.spec.ts:119:7 › Reportes Module › reportes estado tab shows issue-related content 
    [chromium] › e2e\tests\scenarios\reportes-module.spec.ts:136:7 › Reportes Module › reportes does not expose raw debug errors 
    [chromium] › e2e\tests\scenarios\reportes-module.spec.ts:151:7 › Reportes Module › reportes is accessible from configuracion tab 
    [chromium] › e2e\tests\scenarios\resumen-data-integrity.spec.ts:24:7 › Resumen — Data Integrity › no NaN or undefined in resumen page text 
    [chromium] › e2e\tests\scenarios\resumen-data-integrity.spec.ts:39:7 › Resumen — Data Integrity › cash flow card labels visible 
    [chromium] › e2e\tests\scenarios\resumen-data-integrity.spec.ts:55:7 › Resumen — Data Integrity › dollar amounts render on resumen page 
    [chromium] › e2e\tests\scenarios\resumen-data-integrity.spec.ts:66:7 › Resumen — Data Integrity › P&L section headings are visible 
    [chromium] › e2e\tests\scenarios\resumen-data-integrity.spec.ts:89:7 › Resumen — Data Integrity › resumen renders month and year in Spanish 
    [chromium] › e2e\tests\scenarios\resumen-data-integrity.spec.ts:103:7 › Resumen — Data Integrity › resumen gastos breakdown does not crash with zero data 
    [chromium] › e2e\tests\scenarios\resumen-financiero.spec.ts:19:7 › Resumen Financiero › resumen module loads without crash 
    [chromium] › e2e\tests\scenarios\resumen-financiero.spec.ts:37:7 › Resumen Financiero › resumen shows financial section labels in Spanish 
    [chromium] › e2e\tests\scenarios\resumen-financiero.spec.ts:64:7 › Resumen Financiero › resumen tab is accessible from trabajos module 
    [chromium] › e2e\tests\scenarios\resumen-financiero.spec.ts:84:7 › Resumen Financiero › resumen does not show localhost or debug data in production 
    [chromium] › e2e\tests\scenarios\search-across-modules.spec.ts:17:7 › Search Across Modules › client name appears consistently across modules 
    [chromium] › e2e\tests\scenarios\search-across-modules.spec.ts:75:7 › Search Across Modules › sidebar badge counts are consistent with module data 
    [chromium] › e2e\tests\scenarios\status-filtering.spec.ts:22:7 › Status Filtering › filter trabajos by pendiente status 
    [chromium] › e2e\tests\scenarios\status-filtering.spec.ts:55:7 › Status Filtering › filter trabajos shows all when "Todos" selected 
    [chromium] › e2e\tests\scenarios\status-filtering.spec.ts:94:7 › Status Filtering › filter ordenes by status 
    [chromium] › e2e\tests\scenarios\status-filtering.spec.ts:127:7 › Status Filtering › filter CxC by payment status 
    [chromium] › e2e\tests\scenarios\trabajo-lifecycle.spec.ts:28:7 › Trabajo Lifecycle › create trabajo with labor only — no parts required 
    [chromium] › e2e\tests\scenarios\trabajo-lifecycle.spec.ts:65:7 › Trabajo Lifecycle › create trabajo with parts and labor 
    [chromium] › e2e\tests\scenarios\trabajo-lifecycle.spec.ts:100:7 › Trabajo Lifecycle › finalize trabajo and verify CxC record 
    [chromium] › e2e\tests\scenarios\trabajo-lifecycle.spec.ts:168:7 › Trabajo Lifecycle › edit existing trabajo — modify labor amount 
    [chromium] › e2e\tests\scenarios\trabajo-lifecycle.spec.ts:199:7 › Trabajo Lifecycle › trabajo shows clear error on missing data for finalizar 
    [chromium] › e2e\tests\scenarios\unidades-crud.spec.ts:20:7 › Unidades CRUD › add vehicle to client and verify it appears in vehicle list 
    [chromium] › e2e\tests\scenarios\unidades-crud.spec.ts:59:7 › Unidades CRUD › add multiple vehicles to one client 
    [chromium] › e2e\tests\scenarios\unidades-crud.spec.ts:106:7 › Unidades CRUD › trabajos module loads without vehicle-related errors 
    [chromium] › e2e\tests\scenarios\unidades-crud.spec.ts:122:7 › Unidades CRUD › vehicle form fields have correct Spanish placeholder text 
    [chromium] › e2e\tests\validation\auth-edge-cases.spec.ts:14:7 › Authentication Edge Cases › invalid credentials show clear error 
    [chromium] › e2e\tests\validation\auth-edge-cases.spec.ts:31:7 › Authentication Edge Cases › empty form submission is blocked 
    [chromium] › e2e\tests\validation\auth-edge-cases.spec.ts:48:7 › Authentication Edge Cases › logout prevents dashboard access 
    [chromium] › e2e\tests\validation\auth-session-flows.spec.ts:16:7 › Auth Session Flows › session persists after page reload 
    [chromium] › e2e\tests\validation\auth-session-flows.spec.ts:40:7 › Auth Session Flows › multi-module navigation does not drop session 
    [chromium] › e2e\tests\validation\auth-session-flows.spec.ts:70:7 › Auth Session Flows › authenticated user identity visible in sidebar 
    [chromium] › e2e\tests\validation\auth-session-flows.spec.ts:89:7 › Auth Session Flows › logout redirects to login page 
    [chromium] › e2e\tests\validation\auth-session-flows.spec.ts:110:7 › Auth Session Flows › re-login after logout restores full app access 
    [chromium] › e2e\tests\validation\clientes-form-validation.spec.ts:27:7 › Clientes Form Validation › empty client name is blocked or shows error 
    [chromium] › e2e\tests\validation\clientes-form-validation.spec.ts:99:7 › Clientes Form Validation › client name with special characters (Ó, Ñ, accents) saves without crash 
    [chromium] › e2e\tests\validation\clientes-form-validation.spec.ts:150:7 › Clientes Form Validation › phone number input handles 10-digit Mexican format 
    [chromium] › e2e\tests\validation\clientes-form-validation.spec.ts:188:7 › Clientes Form Validation › notes field accepts long text without overflow 
    [chromium] › e2e\tests\validation\clientes-form-validation.spec.ts:225:7 › Clientes Form Validation › clientes module shows no raw JavaScript errors on fresh load 
    [chromium] › e2e\tests\validation\cotizacion-validation.spec.ts:19:7 › Cotización Validation › cannot save without selecting a client 
    [chromium] › e2e\tests\validation\cotizacion-validation.spec.ts:42:7 › Cotización Validation › plantilla selection is required before form access 
    [chromium] › e2e\tests\validation\cotizacion-validation.spec.ts:58:7 › Cotización Validation › number inputs reject negative values 
    [chromium] › e2e\tests\validation\date-handling.spec.ts:20:7 › Date Handling › no Invalid Date text across all modules 
    [chromium] › e2e\tests\validation\date-handling.spec.ts:41:7 › Date Handling › date input accepts today and future dates 
    [chromium] › e2e\tests\validation\date-handling.spec.ts:69:7 › Date Handling › current year visible in module date displays 
    [chromium] › e2e\tests\validation\gastos-personal-subcategorias.spec.ts:28:7 › Gastos — Personal Category Subcategories › Personal category option is present in category dropdown 
    [chromium] › e2e\tests\validation\gastos-personal-subcategorias.spec.ts:52:7 › Gastos — Personal Category Subcategories › selecting Personal shows preset subcategories 
    [chromium] › e2e\tests\validation\gastos-personal-subcategorias.spec.ts:89:7 › Gastos — Personal Category Subcategories › Personal category has "Escribir nueva subcategoria" option 
    [chromium] › e2e\tests\validation\gastos-personal-subcategorias.spec.ts:116:7 › Gastos — Personal Category Subcategories › selecting __otros__ reveals free-text input 
    [chromium] › e2e\tests\validation\gastos-personal-subcategorias.spec.ts:148:7 › Gastos — Personal Category Subcategories › switching back from Personal resets subcategory list 
    [chromium] › e2e\tests\validation\inventory-validation.spec.ts:20:7 › Inventory Validation › cannot add part without a name 
    [chromium] › e2e\tests\validation\inventory-validation.spec.ts:41:7 › Inventory Validation › stock value cannot be negative 
    [chromium] › e2e\tests\validation\inventory-validation.spec.ts:63:7 › Inventory Validation › price validation — zero and negative 
    [chromium] › e2e\tests\validation\inventory-validation.spec.ts:82:7 › Inventory Validation › form resets after successful add 
    [chromium] › e2e\tests\validation\trabajo-validation.spec.ts:20:7 › Trabajo Validation › trabajo form requires client selection 
    [chromium] › e2e\tests\validation\trabajo-validation.spec.ts:43:7 › Trabajo Validation › trabajo can be saved with labor only (no parts validation) 
    [chromium] › e2e\tests\validation\trabajo-validation.spec.ts:71:7 › Trabajo Validation › finalizar shows specific error for incomplete trabajo 
  10 skipped
